Archive member included to satisfy reference by file (symbol)

c:/program files (x86)/atmel/studio/7.0/toolchain/arm/arm-gnu-toolchain/bin/../lib/gcc/arm-none-eabi/6.3.1/../../../../arm-none-eabi/lib/thumb/v7-m\libc.a(lib_a-exit.o)
                              c:/program files (x86)/atmel/studio/7.0/toolchain/arm/arm-gnu-toolchain/bin/../lib/gcc/arm-none-eabi/6.3.1/../../../../arm-none-eabi/lib/thumb/v7-m/crt0.o (exit)
c:/program files (x86)/atmel/studio/7.0/toolchain/arm/arm-gnu-toolchain/bin/../lib/gcc/arm-none-eabi/6.3.1/../../../../arm-none-eabi/lib/thumb/v7-m\libc.a(lib_a-impure.o)
                              c:/program files (x86)/atmel/studio/7.0/toolchain/arm/arm-gnu-toolchain/bin/../lib/gcc/arm-none-eabi/6.3.1/../../../../arm-none-eabi/lib/thumb/v7-m\libc.a(lib_a-exit.o) (_global_impure_ptr)
c:/program files (x86)/atmel/studio/7.0/toolchain/arm/arm-gnu-toolchain/bin/../lib/gcc/arm-none-eabi/6.3.1/../../../../arm-none-eabi/lib/thumb/v7-m\libc.a(lib_a-init.o)
                              c:/program files (x86)/atmel/studio/7.0/toolchain/arm/arm-gnu-toolchain/bin/../lib/gcc/arm-none-eabi/6.3.1/../../../../arm-none-eabi/lib/thumb/v7-m/crt0.o (__libc_init_array)
c:/program files (x86)/atmel/studio/7.0/toolchain/arm/arm-gnu-toolchain/bin/../lib/gcc/arm-none-eabi/6.3.1/../../../../arm-none-eabi/lib/thumb/v7-m\libc.a(lib_a-iprintf.o)
                              src/drivers/console_driver.o (iprintf)
c:/program files (x86)/atmel/studio/7.0/toolchain/arm/arm-gnu-toolchain/bin/../lib/gcc/arm-none-eabi/6.3.1/../../../../arm-none-eabi/lib/thumb/v7-m\libc.a(lib_a-memcpy.o)
                              src/ASF/thirdparty/freertos/freertos-7.3.0/source/queue.o (memcpy)
c:/program files (x86)/atmel/studio/7.0/toolchain/arm/arm-gnu-toolchain/bin/../lib/gcc/arm-none-eabi/6.3.1/../../../../arm-none-eabi/lib/thumb/v7-m\libc.a(lib_a-memset.o)
                              c:/program files (x86)/atmel/studio/7.0/toolchain/arm/arm-gnu-toolchain/bin/../lib/gcc/arm-none-eabi/6.3.1/../../../../arm-none-eabi/lib/thumb/v7-m/crt0.o (memset)
c:/program files (x86)/atmel/studio/7.0/toolchain/arm/arm-gnu-toolchain/bin/../lib/gcc/arm-none-eabi/6.3.1/../../../../arm-none-eabi/lib/thumb/v7-m\libc.a(lib_a-setbuf.o)
                              src/ASF/thirdparty/wireless/addons/sio2host/uart/sio2host.o (setbuf)
c:/program files (x86)/atmel/studio/7.0/toolchain/arm/arm-gnu-toolchain/bin/../lib/gcc/arm-none-eabi/6.3.1/../../../../arm-none-eabi/lib/thumb/v7-m\libc.a(lib_a-setvbuf.o)
                              c:/program files (x86)/atmel/studio/7.0/toolchain/arm/arm-gnu-toolchain/bin/../lib/gcc/arm-none-eabi/6.3.1/../../../../arm-none-eabi/lib/thumb/v7-m\libc.a(lib_a-setbuf.o) (setvbuf)
c:/program files (x86)/atmel/studio/7.0/toolchain/arm/arm-gnu-toolchain/bin/../lib/gcc/arm-none-eabi/6.3.1/../../../../arm-none-eabi/lib/thumb/v7-m\libc.a(lib_a-sprintf.o)
                              src/ASF/thirdparty/freertos/freertos-7.3.0/source/tasks.o (sprintf)
c:/program files (x86)/atmel/studio/7.0/toolchain/arm/arm-gnu-toolchain/bin/../lib/gcc/arm-none-eabi/6.3.1/../../../../arm-none-eabi/lib/thumb/v7-m\libc.a(lib_a-strcat.o)
                              src/ASF/thirdparty/freertos/freertos-7.3.0/source/tasks.o (strcat)
c:/program files (x86)/atmel/studio/7.0/toolchain/arm/arm-gnu-toolchain/bin/../lib/gcc/arm-none-eabi/6.3.1/../../../../arm-none-eabi/lib/thumb/v7-m\libc.a(lib_a-strcpy.o)
                              c:/program files (x86)/atmel/studio/7.0/toolchain/arm/arm-gnu-toolchain/bin/../lib/gcc/arm-none-eabi/6.3.1/../../../../arm-none-eabi/lib/thumb/v7-m\libc.a(lib_a-strcat.o) (strcpy)
c:/program files (x86)/atmel/studio/7.0/toolchain/arm/arm-gnu-toolchain/bin/../lib/gcc/arm-none-eabi/6.3.1/../../../../arm-none-eabi/lib/thumb/v7-m\libc.a(lib_a-strlen-stub.o)
                              src/ASF/thirdparty/freertos/freertos-7.3.0/source/FreeRTOS_CLI.o (strlen)
c:/program files (x86)/atmel/studio/7.0/toolchain/arm/arm-gnu-toolchain/bin/../lib/gcc/arm-none-eabi/6.3.1/../../../../arm-none-eabi/lib/thumb/v7-m\libc.a(lib_a-strncmp.o)
                              src/ASF/thirdparty/freertos/freertos-7.3.0/source/FreeRTOS_CLI.o (strncmp)
c:/program files (x86)/atmel/studio/7.0/toolchain/arm/arm-gnu-toolchain/bin/../lib/gcc/arm-none-eabi/6.3.1/../../../../arm-none-eabi/lib/thumb/v7-m\libc.a(lib_a-strncpy.o)
                              src/ASF/thirdparty/freertos/freertos-7.3.0/source/FreeRTOS_CLI.o (strncpy)
c:/program files (x86)/atmel/studio/7.0/toolchain/arm/arm-gnu-toolchain/bin/../lib/gcc/arm-none-eabi/6.3.1/../../../../arm-none-eabi/lib/thumb/v7-m\libc.a(lib_a-svfprintf.o)
                              c:/program files (x86)/atmel/studio/7.0/toolchain/arm/arm-gnu-toolchain/bin/../lib/gcc/arm-none-eabi/6.3.1/../../../../arm-none-eabi/lib/thumb/v7-m\libc.a(lib_a-sprintf.o) (_svfprintf_r)
[...]
Memory Configuration

Name             Origin             Length             Attributes
rom              0x00080000         0x00080000         xr
sram0            0x20000000         0x00010000         xrw
sram1            0x20080000         0x00008000         xrw
ram              0x20070000         0x00018000         xrw
*default*        0x00000000         0xffffffff

Linker script and memory map

LOAD c:/program files (x86)/atmel/studio/7.0/toolchain/arm/arm-gnu-toolchain/bin/../lib/gcc/arm-none-eabi/6.3.1/thumb/v7-m/crti.o
LOAD c:/program files (x86)/atmel/studio/7.0/toolchain/arm/arm-gnu-toolchain/bin/../lib/gcc/arm-none-eabi/6.3.1/thumb/v7-m/crtbegin.o
LOAD c:/program files (x86)/atmel/studio/7.0/toolchain/arm/arm-gnu-toolchain/bin/../lib/gcc/arm-none-eabi/6.3.1/../../../../arm-none-eabi/lib/thumb/v7-m/crt0.o
LOAD src/ASF/common/utils/stdio/read.o
LOAD src/ASF/sam/drivers/tc/tc.o
LOAD src/ASF/thirdparty/freertos/freertos-7.3.0/source/FreeRTOS_CLI.o
LOAD src/ASF/thirdparty/freertos/freertos-7.3.0/source/list.o
LOAD src/ASF/thirdparty/freertos/freertos-7.3.0/source/portable/gcc/sam/port.o
LOAD src/ASF/thirdparty/freertos/freertos-7.3.0/source/portable/memmang/heap_4.o
LOAD src/ASF/thirdparty/freertos/freertos-7.3.0/source/queue.o
LOAD src/ASF/thirdparty/freertos/freertos-7.3.0/source/tasks.o
LOAD src/ASF/thirdparty/freertos/freertos-7.3.0/source/timers.o
LOAD src/drivers/encoder.o
LOAD src/motor_task.o
LOAD src/main_task.o
LOAD src/pin_mapper.o
LOAD src/ASF/sam/drivers/usart/usart.o
LOAD src/ASF/thirdparty/wireless/addons/sio2host/uart/sio2host.o
LOAD src/drivers/console_driver.o
LOAD src/drivers/delay.o
LOAD src/ASF/common/utils/stdio/write.o
LOAD src/ASF/common/services/serial/usart_serial.o
LOAD src/ASF/sam/drivers/uart/uart.o
LOAD src/ASF/common/services/clock/sam3x/sysclk.o
LOAD src/ASF/common/utils/interrupt/interrupt_sam_nvic.o
LOAD src/ASF/sam/boards/arduino_due_x/init.o
LOAD src/ASF/sam/drivers/pio/pio.o
LOAD src/ASF/sam/drivers/pio/pio_handler.o
LOAD src/ASF/sam/drivers/pmc/pmc.o
LOAD src/ASF/sam/drivers/pmc/sleep.o
LOAD src/ASF/sam/utils/cmsis/sam3x/source/templates/exceptions.o
LOAD src/ASF/sam/utils/cmsis/sam3x/source/templates/gcc/startup_sam3x.o
LOAD src/ASF/sam/utils/cmsis/sam3x/source/templates/system_sam3x.o
LOAD src/ASF/sam/utils/syscalls/gcc/syscalls.o
LOAD src/main.o
START GROUP
LOAD ../src/ASF/thirdparty/CMSIS/Lib/GCC\libarm_cortexM3l_math.a
LOAD c:/program files (x86)/atmel/studio/7.0/toolchain/arm/arm-gnu-toolchain/bin/../lib/gcc/arm-none-eabi/6.3.1/../../../../arm-none-eabi/lib/thumb/v7-m\libm.a
END GROUP
START GROUP
LOAD c:/program files (x86)/atmel/studio/7.0/toolchain/arm/arm-gnu-toolchain/bin/../lib/gcc/arm-none-eabi/6.3.1/thumb/v7-m\libgcc.a
LOAD c:/program files (x86)/atmel/studio/7.0/toolchain/arm/arm-gnu-toolchain/bin/../lib/gcc/arm-none-eabi/6.3.1/../../../../arm-none-eabi/lib/thumb/v7-m\libc.a
END GROUP
LOAD c:/program files (x86)/atmel/studio/7.0/toolchain/arm/arm-gnu-toolchain/bin/../lib/gcc/arm-none-eabi/6.3.1/thumb/v7-m/crtend.o
LOAD c:/program files (x86)/atmel/studio/7.0/toolchain/arm/arm-gnu-toolchain/bin/../lib/gcc/arm-none-eabi/6.3.1/thumb/v7-m/crtn.o
                0x00002000                __stack_size__ = DEFINED (__stack_size__)?__stack_size__:0x2000
                0x20087ffc                __ram_end__ = ((ORIGIN (ram) + LENGTH (ram)) - 0x4)

.text           0x00080000     0x5640
                0x00080000                . = ALIGN (0x4)
                0x00080000                _sfixed = .
 *(.vectors .vectors.*)
 .vectors       0x00080000       0xf4 src/ASF/sam/utils/cmsis/sam3x/source/templates/gcc/startup_sam3x.o
                0x00080000                exception_table
 *(.text .text.* .gnu.linkonce.t.*)
 .text          0x000800f4       0x6c c:/program files (x86)/atmel/studio/7.0/toolchain/arm/arm-gnu-toolchain/bin/../lib/gcc/arm-none-eabi/6.3.1/thumb/v7-m/crtbegin.o
 .text._read    0x00080160       0x3c src/ASF/common/utils/stdio/read.o
                0x00080160                _read
 .text.tc_init  0x0008019c       0x18 src/ASF/sam/drivers/tc/tc.o
                0x0008019c                tc_init
 .text.tc_set_block_mode
                0x000801b4        0x6 src/ASF/sam/drivers/tc/tc.o
                0x000801b4                tc_set_block_mode
 .text.tc_stop  0x000801ba        0x8 src/ASF/sam/drivers/tc/tc.o
                0x000801ba                tc_stop
 .text.vListInitialise
                0x000801c2       0x16 src/ASF/thirdparty/freertos/freertos-7.3.0/source/list.o
                0x000801c2                vListInitialise
 .text.vListInitialiseItem
                0x000801d8        0x6 src/ASF/thirdparty/freertos/freertos-7.3.0/source/list.o
                0x000801d8                vListInitialiseItem
 .text.vListInsertEnd
                0x000801de       0x1c src/ASF/thirdparty/freertos/freertos-7.3.0/source/list.o
                0x000801de                vListInsertEnd
 .text.vListInsert
                0x000801fa       0x3a src/ASF/thirdparty/freertos/freertos-7.3.0/source/list.o
                0x000801fa                vListInsert
 .text.uxListRemove
                0x00080234       0x26 src/ASF/thirdparty/freertos/freertos-7.3.0/source/list.o
                0x00080234                uxListRemove
 *fill*         0x0008025a        0x2 
 .text.prvPortStartFirstTask
                0x0008025c       0x14 src/ASF/thirdparty/freertos/freertos-7.3.0/source/portable/gcc/sam/port.o
 .text.pxPortInitialiseStack
                0x00080270       0x1a src/ASF/thirdparty/freertos/freertos-7.3.0/source/portable/gcc/sam/port.o
                0x00080270                pxPortInitialiseStack
 *fill*         0x0008028a        0x2 
 .text.SVC_Handler
                0x0008028c       0x20 src/ASF/thirdparty/freertos/freertos-7.3.0/source/portable/gcc/sam/port.o
                0x0008028c                SVC_Handler
 .text.vPortYieldFromISR
                0x000802ac       0x10 src/ASF/thirdparty/freertos/freertos-7.3.0/source/portable/gcc/sam/port.o
                0x000802ac                vPortYieldFromISR
 .text.ulPortSetInterruptMask
                0x000802bc       0x10 src/ASF/thirdparty/freertos/freertos-7.3.0/source/portable/gcc/sam/port.o
                0x000802bc                ulPortSetInterruptMask
 .text.vPortEnterCritical
                0x000802cc       0x18 src/ASF/thirdparty/freertos/freertos-7.3.0/source/portable/gcc/sam/port.o
                0x000802cc                vPortEnterCritical
 .text.vPortClearInterruptMask
                0x000802e4        0x6 src/ASF/thirdparty/freertos/freertos-7.3.0/source/portable/gcc/sam/port.o
                0x000802e4                vPortClearInterruptMask
 *fill*         0x000802ea        0x2 
 .text.vPortExitCritical
                0x000802ec       0x20 src/ASF/thirdparty/freertos/freertos-7.3.0/source/portable/gcc/sam/port.o
                0x000802ec                vPortExitCritical
 .text.PendSV_Handler
                0x0008030c       0x3c src/ASF/thirdparty/freertos/freertos-7.3.0/source/portable/gcc/sam/port.o
                0x0008030c                PendSV_Handler
 .text.SysTick_Handler
                0x00080348       0x2c src/ASF/thirdparty/freertos/freertos-7.3.0/source/portable/gcc/sam/port.o
                0x00080348                SysTick_Handler
 .text.vPortSetupTimerInterrupt
                0x00080374       0x18 src/ASF/thirdparty/freertos/freertos-7.3.0/source/portable/gcc/sam/port.o
                0x00080374                vPortSetupTimerInterrupt
 .text.xPortStartScheduler
                0x0008038c       0x38 src/ASF/thirdparty/freertos/freertos-7.3.0/source/portable/gcc/sam/port.o
                0x0008038c                xPortStartScheduler
 .text.prvInsertBlockIntoFreeList
                0x000803c4       0x58 src/ASF/thirdparty/freertos/freertos-7.3.0/source/portable/memmang/heap_4.o
 .text.pvPortMalloc
                0x0008041c       0xcc src/ASF/thirdparty/freertos/freertos-7.3.0/source/portable/memmang/heap_4.o
                0x0008041c                pvPortMalloc
 .text.vPortFree
                0x000804e8       0x38 src/ASF/thirdparty/freertos/freertos-7.3.0/source/portable/memmang/heap_4.o
                0x000804e8                vPortFree
 .text.prvCopyDataToQueue
                0x00080520       0x68 src/ASF/thirdparty/freertos/freertos-7.3.0/source/queue.o
 .text.prvCopyDataFromQueue
                0x00080588       0x28 src/ASF/thirdparty/freertos/freertos-7.3.0/source/queue.o
 .text.prvUnlockQueue
                0x000805b0       0x94 src/ASF/thirdparty/freertos/freertos-7.3.0/source/queue.o
 .text.xQueueGenericReset
                0x00080644       0x80 src/ASF/thirdparty/freertos/freertos-7.3.0/source/queue.o
                0x00080644                xQueueGenericReset
 .text.xQueueGenericCreate
                0x000806c4       0x54 src/ASF/thirdparty/freertos/freertos-7.3.0/source/queue.o
                0x000806c4                xQueueGenericCreate
 .text.xQueueGenericSend
                0x00080718      0x128 src/ASF/thirdparty/freertos/freertos-7.3.0/source/queue.o
                0x00080718                xQueueGenericSend
 .text.xQueueGenericSendFromISR
                0x00080840       0x90 src/ASF/thirdparty/freertos/freertos-7.3.0/source/queue.o
                0x00080840                xQueueGenericSendFromISR
 .text.xQueueGenericReceive
                0x000808d0      0x168 src/ASF/thirdparty/freertos/freertos-7.3.0/source/queue.o
                0x000808d0                xQueueGenericReceive
 .text.vQueueWaitForMessageRestricted
                0x00080a38       0x50 src/ASF/thirdparty/freertos/freertos-7.3.0/source/queue.o
                0x00080a38                vQueueWaitForMessageRestricted
 .text.prvAddCurrentTaskToDelayedList
                0x00080a88       0x58 src/ASF/thirdparty/freertos/freertos-7.3.0/source/tasks.o
 .text.xTaskGenericCreate
                0x00080ae0      0x204 src/ASF/thirdparty/freertos/freertos-7.3.0/source/tasks.o
                0x00080ae0                xTaskGenericCreate
 .text.vTaskStartScheduler
                0x00080ce4       0x68 src/ASF/thirdparty/freertos/freertos-7.3.0/source/tasks.o
                0x00080ce4                vTaskStartScheduler
 .text.vTaskSuspendAll
                0x00080d4c       0x10 src/ASF/thirdparty/freertos/freertos-7.3.0/source/tasks.o
                0x00080d4c                vTaskSuspendAll
 .text.xTaskGetTickCount
                0x00080d5c       0x20 src/ASF/thirdparty/freertos/freertos-7.3.0/source/tasks.o
                0x00080d5c                xTaskGetTickCount
 .text.vTaskIncrementTick
                0x00080d7c      0x128 src/ASF/thirdparty/freertos/freertos-7.3.0/source/tasks.o
                0x00080d7c                vTaskIncrementTick
 .text.xTaskResumeAll
                0x00080ea4      0x100 src/ASF/thirdparty/freertos/freertos-7.3.0/source/tasks.o
                0x00080ea4                xTaskResumeAll
 .text.vTaskDelayUntil
                0x00080fa4       0x8c src/ASF/thirdparty/freertos/freertos-7.3.0/source/tasks.o
                0x00080fa4                vTaskDelayUntil
 .text.prvIdleTask
                0x00081030       0x88 src/ASF/thirdparty/freertos/freertos-7.3.0/source/tasks.o
 .text.vTaskSwitchContext
                0x000810b8       0xa0 src/ASF/thirdparty/freertos/freertos-7.3.0/source/tasks.o
                0x000810b8                vTaskSwitchContext
 .text.vTaskPlaceOnEventList
                0x00081158       0x60 src/ASF/thirdparty/freertos/freertos-7.3.0/source/tasks.o
                0x00081158                vTaskPlaceOnEventList
 .text.vTaskPlaceOnEventListRestricted
                0x000811b8       0x44 src/ASF/thirdparty/freertos/freertos-7.3.0/source/tasks.o
                0x000811b8                vTaskPlaceOnEventListRestricted
 .text.xTaskRemoveFromEventList
                0x000811fc       0x84 src/ASF/thirdparty/freertos/freertos-7.3.0/source/tasks.o
                0x000811fc                xTaskRemoveFromEventList
 .text.vTaskSetTimeOutState
                0x00081280       0x28 src/ASF/thirdparty/freertos/freertos-7.3.0/source/tasks.o
                0x00081280                vTaskSetTimeOutState
 .text.xTaskCheckForTimeOut
                0x000812a8       0x84 src/ASF/thirdparty/freertos/freertos-7.3.0/source/tasks.o
                0x000812a8                xTaskCheckForTimeOut
 .text.vTaskMissedYield
                0x0008132c        0xc src/ASF/thirdparty/freertos/freertos-7.3.0/source/tasks.o
                0x0008132c                vTaskMissedYield
 .text.xTaskGetCurrentTaskHandle
                0x00081338        0xc src/ASF/thirdparty/freertos/freertos-7.3.0/source/tasks.o
                0x00081338                xTaskGetCurrentTaskHandle
 .text.xTaskGetSchedulerState
                0x00081344       0x20 src/ASF/thirdparty/freertos/freertos-7.3.0/source/tasks.o
                0x00081344                xTaskGetSchedulerState
 .text.vTaskPriorityInherit
                0x00081364       0x80 src/ASF/thirdparty/freertos/freertos-7.3.0/source/tasks.o
                0x00081364                vTaskPriorityInherit
 .text.vTaskPriorityDisinherit
                0x000813e4       0x50 src/ASF/thirdparty/freertos/freertos-7.3.0/source/tasks.o
                0x000813e4                vTaskPriorityDisinherit
 .text.prvInsertTimerInActiveList
                0x00081434       0x4c src/ASF/thirdparty/freertos/freertos-7.3.0/source/timers.o
 .text.prvCheckForValidListAndQueue
                0x00081480       0x5c src/ASF/thirdparty/freertos/freertos-7.3.0/source/timers.o
 .text.xTimerCreateTimerTask
                0x000814dc       0x4c src/ASF/thirdparty/freertos/freertos-7.3.0/source/timers.o
                0x000814dc                xTimerCreateTimerTask
 .text.xTimerGenericCommand
                0x00081528       0x54 src/ASF/thirdparty/freertos/freertos-7.3.0/source/timers.o
                0x00081528                xTimerGenericCommand
 .text.prvSampleTimeNow
                0x0008157c       0xb0 src/ASF/thirdparty/freertos/freertos-7.3.0/source/timers.o
 .text.prvTimerTask
                0x0008162c      0x174 src/ASF/thirdparty/freertos/freertos-7.3.0/source/timers.o
 .text.pio_interrupt
                0x000817a0       0x10 src/drivers/encoder.o
                0x000817a0                pio_interrupt
 .text.encoder_init_pin_interrupt
                0x000817b0       0x6c src/drivers/encoder.o
                0x000817b0                encoder_init_pin_interrupt
 .text.motor_task
                0x0008181c       0x8c src/motor_task.o
                0x0008181c                motor_task
 .text.nav_task
                0x000818a8       0x44 src/main_task.o
                0x000818a8                nav_task
 .text.pin_mapper
                0x000818ec        0xc src/pin_mapper.o
                0x000818ec                pin_mapper
 .text.usart_write
                0x000818f8       0x14 src/ASF/sam/drivers/usart/usart.o
                0x000818f8                usart_write
 .text.usart_read
                0x0008190c       0x18 src/ASF/sam/drivers/usart/usart.o
                0x0008190c                usart_read
 .text.USART0_Handler
                0x00081924       0x60 src/ASF/thirdparty/wireless/addons/sio2host/uart/sio2host.o
                0x00081924                USART0_Handler
 .text.usart_serial_getchar
                0x00081984       0xac src/drivers/console_driver.o
 .text.usart_serial_putchar
                0x00081a30       0x9c src/drivers/console_driver.o
 .text.console_init
                0x00081acc       0x94 src/drivers/console_driver.o
                0x00081acc                console_init
 .text.delay_init
                0x00081b60       0x3c src/drivers/delay.o
                0x00081b60                delay_init
 .text._write   0x00081b9c       0x50 src/ASF/common/utils/stdio/write.o
                0x00081b9c                _write
 .text.usart_serial_read_packet
                0x00081bec       0xc8 src/ASF/common/services/serial/usart_serial.o
                0x00081bec                usart_serial_read_packet
 .text.uart_init
                0x00081cb4       0x36 src/ASF/sam/drivers/uart/uart.o
                0x00081cb4                uart_init
 .text.uart_write
                0x00081cea       0x10 src/ASF/sam/drivers/uart/uart.o
                0x00081cea                uart_write
 .text.uart_read
                0x00081cfa       0x12 src/ASF/sam/drivers/uart/uart.o
                0x00081cfa                uart_read
 .text.sysclk_init
                0x00081d0c       0x64 src/ASF/common/services/clock/sam3x/sysclk.o
                0x00081d0c                sysclk_init
 .text.board_init
                0x00081d70       0x80 src/ASF/sam/boards/arduino_due_x/init.o
                0x00081d70                board_init
 .text.pio_set_peripheral
                0x00081df0       0x3e src/ASF/sam/drivers/pio/pio.o
                0x00081df0                pio_set_peripheral
 .text.pio_set_input
                0x00081e2e       0x32 src/ASF/sam/drivers/pio/pio.o
                0x00081e2e                pio_set_input
 .text.pio_set_output
                0x00081e60       0x26 src/ASF/sam/drivers/pio/pio.o
                0x00081e60                pio_set_output
 .text.pio_configure_interrupt
                0x00081e86       0x2e src/ASF/sam/drivers/pio/pio.o
                0x00081e86                pio_configure_interrupt
 .text.pio_enable_interrupt
                0x00081eb4        0x4 src/ASF/sam/drivers/pio/pio.o
                0x00081eb4                pio_enable_interrupt
 .text.pio_get_interrupt_status
                0x00081eb8        0x4 src/ASF/sam/drivers/pio/pio.o
                0x00081eb8                pio_get_interrupt_status
 .text.pio_get_interrupt_mask
                0x00081ebc        0x4 src/ASF/sam/drivers/pio/pio.o
                0x00081ebc                pio_get_interrupt_mask
 .text.pio_configure_pin
                0x00081ec0       0xd0 src/ASF/sam/drivers/pio/pio.o
                0x00081ec0                pio_configure_pin
 .text.pio_configure_pin_group
                0x00081f90       0x9c src/ASF/sam/drivers/pio/pio.o
                0x00081f90                pio_configure_pin_group
 .text.pio_handler_process
                0x0008202c       0x50 src/ASF/sam/drivers/pio/pio_handler.o
                0x0008202c                pio_handler_process
 .text.pio_handler_set
                0x0008207c       0x70 src/ASF/sam/drivers/pio/pio_handler.o
                0x0008207c                pio_handler_set
 .text.PIOA_Handler
                0x000820ec       0x14 src/ASF/sam/drivers/pio/pio_handler.o
                0x000820ec                PIOA_Handler
 .text.PIOB_Handler
                0x00082100       0x14 src/ASF/sam/drivers/pio/pio_handler.o
                0x00082100                PIOB_Handler
 .text.PIOC_Handler
                0x00082114       0x14 src/ASF/sam/drivers/pio/pio_handler.o
                0x00082114                PIOC_Handler
 .text.PIOD_Handler
                0x00082128       0x14 src/ASF/sam/drivers/pio/pio_handler.o
                0x00082128                PIOD_Handler
 .text.pmc_switch_mck_to_pllack
                0x0008213c       0x64 src/ASF/sam/drivers/pmc/pmc.o
                0x0008213c                pmc_switch_mck_to_pllack
 .text.pmc_switch_mainck_to_xtal
                0x000821a0       0x54 src/ASF/sam/drivers/pmc/pmc.o
                0x000821a0                pmc_switch_mainck_to_xtal
 .text.pmc_osc_is_ready_mainck
                0x000821f4       0x10 src/ASF/sam/drivers/pmc/pmc.o
                0x000821f4                pmc_osc_is_ready_mainck
 .text.pmc_disable_pllack
                0x00082204       0x10 src/ASF/sam/drivers/pmc/pmc.o
                0x00082204                pmc_disable_pllack
 .text.pmc_is_locked_pllack
                0x00082214       0x10 src/ASF/sam/drivers/pmc/pmc.o
                0x00082214                pmc_is_locked_pllack
 .text.pmc_enable_periph_clk
                0x00082224       0x54 src/ASF/sam/drivers/pmc/pmc.o
                0x00082224                pmc_enable_periph_clk
 .text.Dummy_Handler
                0x00082278        0x2 src/ASF/sam/utils/cmsis/sam3x/source/templates/exceptions.o
                0x00082278                DACC_Handler
                0x00082278                DebugMon_Handler
                0x00082278                DMAC_Handler
                0x00082278                TRNG_Handler
                0x00082278                HardFault_Handler
                0x00082278                TC2_Handler
                0x00082278                USART3_Handler
                0x00082278                TWI1_Handler
                0x00082278                NMI_Handler
                0x00082278                TC7_Handler
                0x00082278                ADC_Handler
                0x00082278                SMC_Handler
                0x00082278                RTT_Handler
                0x00082278                EFC1_Handler
                0x00082278                RTC_Handler
                0x00082278                UsageFault_Handler
                0x00082278                TC6_Handler
                0x00082278                WDT_Handler
                0x00082278                CAN0_Handler
                0x00082278                TC4_Handler
                0x00082278                TC1_Handler
                0x00082278                HSMCI_Handler
                0x00082278                TC3_Handler
                0x00082278                Dummy_Handler
                0x00082278                TWI0_Handler
                0x00082278                USART1_Handler
                0x00082278                SSC_Handler
                0x00082278                EFC0_Handler
                0x00082278                PMC_Handler
                0x00082278                PWM_Handler
                0x00082278                CAN1_Handler
                0x00082278                MemManage_Handler
                0x00082278                SUPC_Handler
                0x00082278                TC8_Handler
                0x00082278                USART2_Handler
                0x00082278                EMAC_Handler
                0x00082278                UART_Handler
                0x00082278                BusFault_Handler
                0x00082278                RSTC_Handler
                0x00082278                TC0_Handler
                0x00082278                TC5_Handler
                0x00082278                UOTGHS_Handler
                0x00082278                SPI0_Handler
 *fill*         0x0008227a        0x2 
 .text.Reset_Handler
                0x0008227c       0x98 src/ASF/sam/utils/cmsis/sam3x/source/templates/gcc/startup_sam3x.o
                0x0008227c                Reset_Handler
 .text.SystemCoreClockUpdate
                0x00082314      0x118 src/ASF/sam/utils/cmsis/sam3x/source/templates/system_sam3x.o
                0x00082314                SystemCoreClockUpdate
 .text._sbrk    0x0008242c       0x38 src/ASF/sam/utils/syscalls/gcc/syscalls.o
                0x0008242c                _sbrk
 .text._close   0x00082464        0x6 src/ASF/sam/utils/syscalls/gcc/syscalls.o
                0x00082464                _close
 .text._fstat   0x0008246a        0xa src/ASF/sam/utils/syscalls/gcc/syscalls.o
                0x0008246a                _fstat
 .text._isatty  0x00082474        0x4 src/ASF/sam/utils/syscalls/gcc/syscalls.o
                0x00082474                _isatty
 .text._lseek   0x00082478        0x4 src/ASF/sam/utils/syscalls/gcc/syscalls.o
                0x00082478                _lseek
 .text.main     0x0008247c      0x10c src/main.o
                0x0008247c                main
 .text.__libc_init_array
                0x00082588       0x50 c:/program files (x86)/atmel/studio/7.0/toolchain/arm/arm-gnu-toolchain/bin/../lib/gcc/arm-none-eabi/6.3.1/../../../../arm-none-eabi/lib/thumb/v7-m\libc.a(lib_a-init.o)
                0x00082588                __libc_init_array
 .text.iprintf  0x000825d8       0x28 c:/program files (x86)/atmel/studio/7.0/toolchain/arm/arm-gnu-toolchain/bin/../lib/gcc/arm-none-eabi/6.3.1/../../../../arm-none-eabi/lib/thumb/v7-m\libc.a(lib_a-iprintf.o)
                0x000825d8                iprintf
 .text          0x00082600       0xec c:/program files (x86)/atmel/studio/7.0/toolchain/arm/arm-gnu-toolchain/bin/../lib/gcc/arm-none-eabi/6.3.1/../../../../arm-none-eabi/lib/thumb/v7-m\libc.a(lib_a-memcpy.o)
                0x00082600                memcpy
 .text.memset   0x000826ec       0x9c c:/program files (x86)/atmel/studio/7.0/toolchain/arm/arm-gnu-toolchain/bin/../lib/gcc/arm-none-eabi/6.3.1/../../../../arm-none-eabi/lib/thumb/v7-m\libc.a(lib_a-memset.o)
                0x000826ec                memset
 .text.setbuf   0x00082788       0x10 c:/program files (x86)/atmel/studio/7.0/toolchain/arm/arm-gnu-toolchain/bin/../lib/gcc/arm-none-eabi/6.3.1/../../../../arm-none-eabi/lib/thumb/v7-m\libc.a(lib_a-setbuf.o)
                0x00082788                setbuf
 .text.setvbuf  0x00082798      0x190 c:/program files (x86)/atmel/studio/7.0/toolchain/arm/arm-gnu-toolchain/bin/../lib/gcc/arm-none-eabi/6.3.1/../../../../arm-none-eabi/lib/thumb/v7-m\libc.a(lib_a-setvbuf.o)
                0x00082798                setvbuf
 .text.strlen   0x00082928       0x5c c:/program files (x86)/atmel/studio/7.0/toolchain/arm/arm-gnu-toolchain/bin/../lib/gcc/arm-none-eabi/6.3.1/../../../../arm-none-eabi/lib/thumb/v7-m\libc.a(lib_a-strlen-stub.o)
                0x00082928                strlen
 .text.strncpy  0x00082984       0x64 c:/program files (x86)/atmel/studio/7.0/toolchain/arm/arm-gnu-toolchain/bin/../lib/gcc/arm-none-eabi/6.3.1/../../../../arm-none-eabi/lib/thumb/v7-m\libc.a(lib_a-strncpy.o)
                0x00082984                strncpy
 .text.__sprint_r.part.0
                0x000829e8       0x80 c:/program files (x86)/atmel/studio/7.0/toolchain/arm/arm-gnu-toolchain/bin/../lib/gcc/arm-none-eabi/6.3.1/../../../../arm-none-eabi/lib/thumb/v7-m\libc.a(lib_a-vfiprintf.o)
 .text._vfiprintf_r
                0x00082a68      0xc88 c:/program files (x86)/atmel/studio/7.0/toolchain/arm/arm-gnu-toolchain/bin/../lib/gcc/arm-none-eabi/6.3.1/../../../../arm-none-eabi/lib/thumb/v7-m\libc.a(lib_a-vfiprintf.o)
                0x00082a68                _vfiprintf_r
 .text.__sbprintf
                0x000836f0       0x88 c:/program files (x86)/atmel/studio/7.0/toolchain/arm/arm-gnu-toolchain/bin/../lib/gcc/arm-none-eabi/6.3.1/../../../../arm-none-eabi/lib/thumb/v7-m\libc.a(lib_a-vfiprintf.o)
 .text.__swsetup_r
                0x00083778       0xc8 c:/program files (x86)/atmel/studio/7.0/toolchain/arm/arm-gnu-toolchain/bin/../lib/gcc/arm-none-eabi/6.3.1/../../../../arm-none-eabi/lib/thumb/v7-m\libc.a(lib_a-wsetup.o)
                0x00083778                __swsetup_r
 .text.startup.register_fini
                0x00083840       0x14 c:/program files (x86)/atmel/studio/7.0/toolchain/arm/arm-gnu-toolchain/bin/../lib/gcc/arm-none-eabi/6.3.1/../../../../arm-none-eabi/lib/thumb/v7-m\libc.a(lib_a-__call_atexit.o)
 .text.atexit   0x00083854        0xc c:/program files (x86)/atmel/studio/7.0/toolchain/arm/arm-gnu-toolchain/bin/../lib/gcc/arm-none-eabi/6.3.1/../../../../arm-none-eabi/lib/thumb/v7-m\libc.a(lib_a-atexit.o)
                0x00083854                atexit
 .text.__sflush_r
                0x00083860      0x138 c:/program files (x86)/atmel/studio/7.0/toolchain/arm/arm-gnu-toolchain/bin/../lib/gcc/arm-none-eabi/6.3.1/../../../../arm-none-eabi/lib/thumb/v7-m\libc.a(lib_a-fflush.o)
                0x00083860                __sflush_r
 .text._fflush_r
                0x00083998       0x54 c:/program files (x86)/atmel/studio/7.0/toolchain/arm/arm-gnu-toolchain/bin/../lib/gcc/arm-none-eabi/6.3.1/../../../../arm-none-eabi/lib/thumb/v7-m\libc.a(lib_a-fflush.o)
                0x00083998                _fflush_r
 .text._cleanup_r
                0x000839ec        0xc c:/program files (x86)/atmel/studio/7.0/toolchain/arm/arm-gnu-toolchain/bin/../lib/gcc/arm-none-eabi/6.3.1/../../../../arm-none-eabi/lib/thumb/v7-m\libc.a(lib_a-findfp.o)
                0x000839ec                _cleanup_r
 .text.std.isra.0
                0x000839f8       0x50 c:/program files (x86)/atmel/studio/7.0/toolchain/arm/arm-gnu-toolchain/bin/../lib/gcc/arm-none-eabi/6.3.1/../../../../arm-none-eabi/lib/thumb/v7-m\libc.a(lib_a-findfp.o)
 .text.__sinit  0x00083a48       0x60 c:/program files (x86)/atmel/studio/7.0/toolchain/arm/arm-gnu-toolchain/bin/../lib/gcc/arm-none-eabi/6.3.1/../../../../arm-none-eabi/lib/thumb/v7-m\libc.a(lib_a-findfp.o)
                0x00083a48                __sinit
 .text.__sfp_lock_acquire
                0x00083aa8        0xc c:/program files (x86)/atmel/studio/7.0/toolchain/arm/arm-gnu-toolchain/bin/../lib/gcc/arm-none-eabi/6.3.1/../../../../arm-none-eabi/lib/thumb/v7-m\libc.a(lib_a-findfp.o)
                0x00083aa8                __sfp_lock_acquire
 .text.__sfp_lock_release
                0x00083ab4        0xc c:/program files (x86)/atmel/studio/7.0/toolchain/arm/arm-gnu-toolchain/bin/../lib/gcc/arm-none-eabi/6.3.1/../../../../arm-none-eabi/lib/thumb/v7-m\libc.a(lib_a-findfp.o)
                0x00083ab4                __sfp_lock_release
 .text.__libc_fini_array
                0x00083ac0       0x34 c:/program files (x86)/atmel/studio/7.0/toolchain/arm/arm-gnu-toolchain/bin/../lib/gcc/arm-none-eabi/6.3.1/../../../../arm-none-eabi/lib/thumb/v7-m\libc.a(lib_a-fini.o)
                0x00083ac0                __libc_fini_array
 .text.__fputwc
                0x00083af4       0x98 c:/program files (x86)/atmel/studio/7.0/toolchain/arm/arm-gnu-toolchain/bin/../lib/gcc/arm-none-eabi/6.3.1/../../../../arm-none-eabi/lib/thumb/v7-m\libc.a(lib_a-fputwc.o)
                0x00083af4                __fputwc
 .text._fputwc_r
                0x00083b8c       0x68 c:/program files (x86)/atmel/studio/7.0/toolchain/arm/arm-gnu-toolchain/bin/../lib/gcc/arm-none-eabi/6.3.1/../../../../arm-none-eabi/lib/thumb/v7-m\libc.a(lib_a-fputwc.o)
                0x00083b8c                _fputwc_r
 .text._malloc_trim_r
                0x00083bf4       0xa0 c:/program files (x86)/atmel/studio/7.0/toolchain/arm/arm-gnu-toolchain/bin/../lib/gcc/arm-none-eabi/6.3.1/../../../../arm-none-eabi/lib/thumb/v7-m\libc.a(lib_a-freer.o)
                0x00083bf4                _malloc_trim_r
 .text._free_r  0x00083c94      0x1cc c:/program files (x86)/atmel/studio/7.0/toolchain/arm/arm-gnu-toolchain/bin/../lib/gcc/arm-none-eabi/6.3.1/../../../../arm-none-eabi/lib/thumb/v7-m\libc.a(lib_a-freer.o)
                0x00083c94                _free_r
 .text.__sfvwrite_r
                0x00083e60      0x2f4 c:/program files (x86)/atmel/studio/7.0/toolchain/arm/arm-gnu-toolchain/bin/../lib/gcc/arm-none-eabi/6.3.1/../../../../arm-none-eabi/lib/thumb/v7-m\libc.a(lib_a-fvwrite.o)
                0x00083e60                __sfvwrite_r
 .text._fwalk_reent
                0x00084154       0x50 c:/program files (x86)/atmel/studio/7.0/toolchain/arm/arm-gnu-toolchain/bin/../lib/gcc/arm-none-eabi/6.3.1/../../../../arm-none-eabi/lib/thumb/v7-m\libc.a(lib_a-fwalk.o)
                0x00084154                _fwalk_reent
 .text.__locale_mb_cur_max
                0x000841a4       0x1c c:/program files (x86)/atmel/studio/7.0/toolchain/arm/arm-gnu-toolchain/bin/../lib/gcc/arm-none-eabi/6.3.1/../../../../arm-none-eabi/lib/thumb/v7-m\libc.a(lib_a-locale.o)
                0x000841a4                __locale_mb_cur_max
 .text.__retarget_lock_init_recursive
                0x000841c0        0x4 c:/program files (x86)/atmel/studio/7.0/toolchain/arm/arm-gnu-toolchain/bin/../lib/gcc/arm-none-eabi/6.3.1/../../../../arm-none-eabi/lib/thumb/v7-m\libc.a(lib_a-lock.o)
                0x000841c0                __retarget_lock_init_recursive
 .text.__retarget_lock_close_recursive
                0x000841c4        0x4 c:/program files (x86)/atmel/studio/7.0/toolchain/arm/arm-gnu-toolchain/bin/../lib/gcc/arm-none-eabi/6.3.1/../../../../arm-none-eabi/lib/thumb/v7-m\libc.a(lib_a-lock.o)
                0x000841c4                __retarget_lock_close_recursive
 .text.__retarget_lock_acquire_recursive
                0x000841c8        0x4 c:/program files (x86)/atmel/studio/7.0/toolchain/arm/arm-gnu-toolchain/bin/../lib/gcc/arm-none-eabi/6.3.1/../../../../arm-none-eabi/lib/thumb/v7-m\libc.a(lib_a-lock.o)
                0x000841c8                __retarget_lock_acquire_recursive
 .text.__retarget_lock_release_recursive
                0x000841cc        0x4 c:/program files (x86)/atmel/studio/7.0/toolchain/arm/arm-gnu-toolchain/bin/../lib/gcc/arm-none-eabi/6.3.1/../../../../arm-none-eabi/lib/thumb/v7-m\libc.a(lib_a-lock.o)
                0x000841cc                __retarget_lock_release_recursive
 .text.__swhatbuf_r
                0x000841d0       0x5c c:/program files (x86)/atmel/studio/7.0/toolchain/arm/arm-gnu-toolchain/bin/../lib/gcc/arm-none-eabi/6.3.1/../../../../arm-none-eabi/lib/thumb/v7-m\libc.a(lib_a-makebuf.o)
                0x000841d0                __swhatbuf_r
 .text.__smakebuf_r
                0x0008422c       0x94 c:/program files (x86)/atmel/studio/7.0/toolchain/arm/arm-gnu-toolchain/bin/../lib/gcc/arm-none-eabi/6.3.1/../../../../arm-none-eabi/lib/thumb/v7-m\libc.a(lib_a-makebuf.o)
                0x0008422c                __smakebuf_r
 .text.malloc   0x000842c0       0x10 c:/program files (x86)/atmel/studio/7.0/toolchain/arm/arm-gnu-toolchain/bin/../lib/gcc/arm-none-eabi/6.3.1/../../../../arm-none-eabi/lib/thumb/v7-m\libc.a(lib_a-malloc.o)
                0x000842c0                malloc
 .text._malloc_r
                0x000842d0      0x544 c:/program files (x86)/atmel/studio/7.0/toolchain/arm/arm-gnu-toolchain/bin/../lib/gcc/arm-none-eabi/6.3.1/../../../../arm-none-eabi/lib/thumb/v7-m\libc.a(lib_a-mallocr.o)
                0x000842d0                _malloc_r
 .text.__ascii_mbtowc
                0x00084814       0x2c c:/program files (x86)/atmel/studio/7.0/toolchain/arm/arm-gnu-toolchain/bin/../lib/gcc/arm-none-eabi/6.3.1/../../../../arm-none-eabi/lib/thumb/v7-m\libc.a(lib_a-mbtowc_r.o)
                0x00084814                __ascii_mbtowc
 .text.memchr   0x00084840       0x8c c:/program files (x86)/atmel/studio/7.0/toolchain/arm/arm-gnu-toolchain/bin/../lib/gcc/arm-none-eabi/6.3.1/../../../../arm-none-eabi/lib/thumb/v7-m\libc.a(lib_a-memchr-stub.o)
                0x00084840                memchr
 .text.memmove  0x000848cc       0xc8 c:/program files (x86)/atmel/studio/7.0/toolchain/arm/arm-gnu-toolchain/bin/../lib/gcc/arm-none-eabi/6.3.1/../../../../arm-none-eabi/lib/thumb/v7-m\libc.a(lib_a-memmove.o)
                0x000848cc                memmove
 .text.__malloc_lock
                0x00084994        0xc c:/program files (x86)/atmel/studio/7.0/toolchain/arm/arm-gnu-toolchain/bin/../lib/gcc/arm-none-eabi/6.3.1/../../../../arm-none-eabi/lib/thumb/v7-m\libc.a(lib_a-mlock.o)
                0x00084994                __malloc_lock
 .text.__malloc_unlock
                0x000849a0        0xc c:/program files (x86)/atmel/studio/7.0/toolchain/arm/arm-gnu-toolchain/bin/../lib/gcc/arm-none-eabi/6.3.1/../../../../arm-none-eabi/lib/thumb/v7-m\libc.a(lib_a-mlock.o)
                0x000849a0                __malloc_unlock
 .text._realloc_r
                0x000849ac      0x36c c:/program files (x86)/atmel/studio/7.0/toolchain/arm/arm-gnu-toolchain/bin/../lib/gcc/arm-none-eabi/6.3.1/../../../../arm-none-eabi/lib/thumb/v7-m\libc.a(lib_a-reallocr.o)
                0x000849ac                _realloc_r
 .text._sbrk_r  0x00084d18       0x24 c:/program files (x86)/atmel/studio/7.0/toolchain/arm/arm-gnu-toolchain/bin/../lib/gcc/arm-none-eabi/6.3.1/../../../../arm-none-eabi/lib/thumb/v7-m\libc.a(lib_a-sbrkr.o)
                0x00084d18                _sbrk_r
 .text.__sread  0x00084d3c       0x24 c:/program files (x86)/atmel/studio/7.0/toolchain/arm/arm-gnu-toolchain/bin/../lib/gcc/arm-none-eabi/6.3.1/../../../../arm-none-eabi/lib/thumb/v7-m\libc.a(lib_a-stdio.o)
                0x00084d3c                __sread
 .text.__swrite
                0x00084d60       0x3c c:/program files (x86)/atmel/studio/7.0/toolchain/arm/arm-gnu-toolchain/bin/../lib/gcc/arm-none-eabi/6.3.1/../../../../arm-none-eabi/lib/thumb/v7-m\libc.a(lib_a-stdio.o)
                0x00084d60                __swrite
 .text.__sseek  0x00084d9c       0x20 c:/program files (x86)/atmel/studio/7.0/toolchain/arm/arm-gnu-toolchain/bin/../lib/gcc/arm-none-eabi/6.3.1/../../../../arm-none-eabi/lib/thumb/v7-m\libc.a(lib_a-stdio.o)
                0x00084d9c                __sseek
 .text.__sclose
                0x00084dbc        0x8 c:/program files (x86)/atmel/studio/7.0/toolchain/arm/arm-gnu-toolchain/bin/../lib/gcc/arm-none-eabi/6.3.1/../../../../arm-none-eabi/lib/thumb/v7-m\libc.a(lib_a-stdio.o)
                0x00084dbc                __sclose
 .text.__swbuf_r
                0x00084dc4       0xb0 c:/program files (x86)/atmel/studio/7.0/toolchain/arm/arm-gnu-toolchain/bin/../lib/gcc/arm-none-eabi/6.3.1/../../../../arm-none-eabi/lib/thumb/v7-m\libc.a(lib_a-wbuf.o)
                0x00084dc4                __swbuf_r
 .text._wcrtomb_r
                0x00084e74       0x54 c:/program files (x86)/atmel/studio/7.0/toolchain/arm/arm-gnu-toolchain/bin/../lib/gcc/arm-none-eabi/6.3.1/../../../../arm-none-eabi/lib/thumb/v7-m\libc.a(lib_a-wcrtomb.o)
                0x00084e74                _wcrtomb_r
 .text.__ascii_wctomb
                0x00084ec8       0x18 c:/program files (x86)/atmel/studio/7.0/toolchain/arm/arm-gnu-toolchain/bin/../lib/gcc/arm-none-eabi/6.3.1/../../../../arm-none-eabi/lib/thumb/v7-m\libc.a(lib_a-wctomb_r.o)
                0x00084ec8                __ascii_wctomb
 .text._write_r
                0x00084ee0       0x2c c:/program files (x86)/atmel/studio/7.0/toolchain/arm/arm-gnu-toolchain/bin/../lib/gcc/arm-none-eabi/6.3.1/../../../../arm-none-eabi/lib/thumb/v7-m\libc.a(lib_a-writer.o)
                0x00084ee0                _write_r
 .text.__register_exitproc
                0x00084f0c       0xc4 c:/program files (x86)/atmel/studio/7.0/toolchain/arm/arm-gnu-toolchain/bin/../lib/gcc/arm-none-eabi/6.3.1/../../../../arm-none-eabi/lib/thumb/v7-m\libc.a(lib_a-__atexit.o)
                0x00084f0c                __register_exitproc
 .text._close_r
                0x00084fd0       0x24 c:/program files (x86)/atmel/studio/7.0/toolchain/arm/arm-gnu-toolchain/bin/../lib/gcc/arm-none-eabi/6.3.1/../../../../arm-none-eabi/lib/thumb/v7-m\libc.a(lib_a-closer.o)
                0x00084fd0                _close_r
 .text._fclose_r
                0x00084ff4       0xc4 c:/program files (x86)/atmel/studio/7.0/toolchain/arm/arm-gnu-toolchain/bin/../lib/gcc/arm-none-eabi/6.3.1/../../../../arm-none-eabi/lib/thumb/v7-m\libc.a(lib_a-fclose.o)
                0x00084ff4                _fclose_r
 .text._fstat_r
                0x000850b8       0x28 c:/program files (x86)/atmel/studio/7.0/toolchain/arm/arm-gnu-toolchain/bin/../lib/gcc/arm-none-eabi/6.3.1/../../../../arm-none-eabi/lib/thumb/v7-m\libc.a(lib_a-fstatr.o)
                0x000850b8                _fstat_r
 .text._isatty_r
                0x000850e0       0x24 c:/program files (x86)/atmel/studio/7.0/toolchain/arm/arm-gnu-toolchain/bin/../lib/gcc/arm-none-eabi/6.3.1/../../../../arm-none-eabi/lib/thumb/v7-m\libc.a(lib_a-isattyr.o)
                0x000850e0                _isatty_r
 .text._lseek_r
                0x00085104       0x2c c:/program files (x86)/atmel/studio/7.0/toolchain/arm/arm-gnu-toolchain/bin/../lib/gcc/arm-none-eabi/6.3.1/../../../../arm-none-eabi/lib/thumb/v7-m\libc.a(lib_a-lseekr.o)
                0x00085104                _lseek_r
 .text._read_r  0x00085130       0x2c c:/program files (x86)/atmel/studio/7.0/toolchain/arm/arm-gnu-toolchain/bin/../lib/gcc/arm-none-eabi/6.3.1/../../../../arm-none-eabi/lib/thumb/v7-m\libc.a(lib_a-readr.o)
                0x00085130                _read_r
 .text          0x0008515c       0x30 c:/program files (x86)/atmel/studio/7.0/toolchain/arm/arm-gnu-toolchain/bin/../lib/gcc/arm-none-eabi/6.3.1/thumb/v7-m\libgcc.a(_aeabi_uldivmod.o)
                0x0008515c                __aeabi_uldivmod
 .text          0x0008518c      0x2dc c:/program files (x86)/atmel/studio/7.0/toolchain/arm/arm-gnu-toolchain/bin/../lib/gcc/arm-none-eabi/6.3.1/thumb/v7-m\libgcc.a(_udivmoddi4.o)
                0x0008518c                __udivmoddi4
 .text          0x00085468        0x4 c:/program files (x86)/atmel/studio/7.0/toolchain/arm/arm-gnu-toolchain/bin/../lib/gcc/arm-none-eabi/6.3.1/thumb/v7-m\libgcc.a(_dvmd_tls.o)
                0x00085468                __aeabi_idiv0
                0x00085468                __aeabi_ldiv0
 *(.glue_7t)
 .glue_7t       0x0008546c        0x0 linker stubs
 *(.glue_7)
 .glue_7        0x0008546c        0x0 linker stubs
 *(.rodata .rodata* .gnu.linkonce.r.*)
 .rodata.vTaskStartScheduler.str1.4
                0x0008546c        0x5 src/ASF/thirdparty/freertos/freertos-7.3.0/source/tasks.o
 *fill*         0x00085471        0x3 
 .rodata.xTimerCreateTimerTask.str1.4
                0x00085474        0x8 src/ASF/thirdparty/freertos/freertos-7.3.0/source/timers.o
 .rodata.console_init.str1.4
                0x0008547c       0x1f src/drivers/console_driver.o
 *fill*         0x0008549b        0x1 
 .rodata.main.str1.4
                0x0008549c       0x16 src/main.o
 *fill*         0x000854b2        0x2 
 .rodata._global_impure_ptr
                0x000854b4        0x4 c:/program files (x86)/atmel/studio/7.0/toolchain/arm/arm-gnu-toolchain/bin/../lib/gcc/arm-none-eabi/6.3.1/../../../../arm-none-eabi/lib/thumb/v7-m\libc.a(lib_a-impure.o)
                0x000854b4                _global_impure_ptr
 .rodata._vfiprintf_r.str1.4
                0x000854b8       0x2f c:/program files (x86)/atmel/studio/7.0/toolchain/arm/arm-gnu-toolchain/bin/../lib/gcc/arm-none-eabi/6.3.1/../../../../arm-none-eabi/lib/thumb/v7-m\libc.a(lib_a-vfiprintf.o)
 *fill*         0x000854e7        0x1 
 .rodata.blanks.7217
                0x000854e8       0x10 c:/program files (x86)/atmel/studio/7.0/toolchain/arm/arm-gnu-toolchain/bin/../lib/gcc/arm-none-eabi/6.3.1/../../../../arm-none-eabi/lib/thumb/v7-m\libc.a(lib_a-vfiprintf.o)
 .rodata.zeroes.7218
                0x000854f8       0x10 c:/program files (x86)/atmel/studio/7.0/toolchain/arm/arm-gnu-toolchain/bin/../lib/gcc/arm-none-eabi/6.3.1/../../../../arm-none-eabi/lib/thumb/v7-m\libc.a(lib_a-vfiprintf.o)
 .rodata._setlocale_r.str1.4
                0x00085508        0xa c:/program files (x86)/atmel/studio/7.0/toolchain/arm/arm-gnu-toolchain/bin/../lib/gcc/arm-none-eabi/6.3.1/../../../../arm-none-eabi/lib/thumb/v7-m\libc.a(lib_a-locale.o)
                                  0xd (size before relaxing)
 *fill*         0x00085512        0x2 
 .rodata.str1.4
                0x00085514        0x4 c:/program files (x86)/atmel/studio/7.0/toolchain/arm/arm-gnu-toolchain/bin/../lib/gcc/arm-none-eabi/6.3.1/../../../../arm-none-eabi/lib/thumb/v7-m\libc.a(lib_a-locale.o)
                                  0x2 (size before relaxing)
 .rodata._ctype_
                0x00085518      0x101 c:/program files (x86)/atmel/studio/7.0/toolchain/arm/arm-gnu-toolchain/bin/../lib/gcc/arm-none-eabi/6.3.1/../../../../arm-none-eabi/lib/thumb/v7-m\libc.a(lib_a-ctype_.o)
                0x00085518                _ctype_
 *(.ARM.extab* .gnu.linkonce.armextab.*)
                0x0008561c                . = ALIGN (0x4)
 *fill*         0x00085619        0x3 
 *(.init)
 .init          0x0008561c        0x4 c:/program files (x86)/atmel/studio/7.0/toolchain/arm/arm-gnu-toolchain/bin/../lib/gcc/arm-none-eabi/6.3.1/thumb/v7-m/crti.o
                0x0008561c                _init
 .init          0x00085620        0x8 c:/program files (x86)/atmel/studio/7.0/toolchain/arm/arm-gnu-toolchain/bin/../lib/gcc/arm-none-eabi/6.3.1/thumb/v7-m/crtn.o
                0x00085628                . = ALIGN (0x4)
                0x00085628                __preinit_array_start = .
 *(.preinit_array)
                0x00085628                __preinit_array_end = .
                0x00085628                . = ALIGN (0x4)
                0x00085628                __init_array_start = .
 *(SORT(.init_array.*))
 .init_array.00000
                0x00085628        0x4 c:/program files (x86)/atmel/studio/7.0/toolchain/arm/arm-gnu-toolchain/bin/../lib/gcc/arm-none-eabi/6.3.1/../../../../arm-none-eabi/lib/thumb/v7-m\libc.a(lib_a-__call_atexit.o)
 *(.init_array)
 .init_array    0x0008562c        0x4 c:/program files (x86)/atmel/studio/7.0/toolchain/arm/arm-gnu-toolchain/bin/../lib/gcc/arm-none-eabi/6.3.1/thumb/v7-m/crtbegin.o
                0x00085630                __init_array_end = .
                0x00085630                . = ALIGN (0x4)
 *crtbegin.o(.ctors)
 *(EXCLUDE_FILE(*crtend.o) .ctors)
 *(SORT(.ctors.*))
 *crtend.o(.ctors)
                0x00085630                . = ALIGN (0x4)
 *(.fini)
 .fini          0x00085630        0x4 c:/program files (x86)/atmel/studio/7.0/toolchain/arm/arm-gnu-toolchain/bin/../lib/gcc/arm-none-eabi/6.3.1/thumb/v7-m/crti.o
                0x00085630                _fini
 .fini          0x00085634        0x8 c:/program files (x86)/atmel/studio/7.0/toolchain/arm/arm-gnu-toolchain/bin/../lib/gcc/arm-none-eabi/6.3.1/thumb/v7-m/crtn.o
                0x0008563c                . = ALIGN (0x4)
                0x0008563c                __fini_array_start = .
 *(.fini_array)
 .fini_array    0x0008563c        0x4 c:/program files (x86)/atmel/studio/7.0/toolchain/arm/arm-gnu-toolchain/bin/../lib/gcc/arm-none-eabi/6.3.1/thumb/v7-m/crtbegin.o
 *(SORT(.fini_array.*))
                0x00085640                __fini_array_end = .
 *crtbegin.o(.dtors)
 *(EXCLUDE_FILE(*crtend.o) .dtors)
 *(SORT(.dtors.*))
 *crtend.o(.dtors)
                0x00085640                . = ALIGN (0x4)
                0x00085640                _efixed = .
                [!provide]                PROVIDE (__exidx_start, .)

.vfp11_veneer   0x00085640        0x0
 .vfp11_veneer  0x00085640        0x0 linker stubs

.v4_bx          0x00085640        0x0
 .v4_bx         0x00085640        0x0 linker stubs

.iplt           0x00085640        0x0
 .iplt          0x00085640        0x0 c:/program files (x86)/atmel/studio/7.0/toolchain/arm/arm-gnu-toolchain/bin/../lib/gcc/arm-none-eabi/6.3.1/thumb/v7-m/crtbegin.o

.ARM.exidx      0x00085640        0x8
 *(.ARM.exidx* .gnu.linkonce.armexidx.*)
 .ARM.exidx     0x00085640        0x8 c:/program files (x86)/atmel/studio/7.0/toolchain/arm/arm-gnu-toolchain/bin/../lib/gcc/arm-none-eabi/6.3.1/thumb/v7-m\libgcc.a(_udivmoddi4.o)
                [!provide]                PROVIDE (__exidx_end, .)

.eh_frame       0x00085648        0x0
 .eh_frame      0x00085648        0x0 c:/program files (x86)/atmel/studio/7.0/toolchain/arm/arm-gnu-toolchain/bin/../lib/gcc/arm-none-eabi/6.3.1/thumb/v7-m/crtbegin.o

.rel.dyn        0x00085648        0x0
 .rel.iplt      0x00085648        0x0 c:/program files (x86)/atmel/studio/7.0/toolchain/arm/arm-gnu-toolchain/bin/../lib/gcc/arm-none-eabi/6.3.1/thumb/v7-m/crtbegin.o

.jcr            0x00085648        0x0
 .jcr           0x00085648        0x0 c:/program files (x86)/atmel/studio/7.0/toolchain/arm/arm-gnu-toolchain/bin/../lib/gcc/arm-none-eabi/6.3.1/thumb/v7-m/crtbegin.o

.igot.plt       0x00085648        0x0
 .igot.plt      0x00085648        0x0 c:/program files (x86)/atmel/studio/7.0/toolchain/arm/arm-gnu-toolchain/bin/../lib/gcc/arm-none-eabi/6.3.1/thumb/v7-m/crtbegin.o
                0x00085648                . = ALIGN (0x4)
                0x00085648                _etext = .

.relocate       0x20070000      0xb30 load address 0x00085648
                0x20070000                . = ALIGN (0x4)
                0x20070000                _srelocate = .
 *(.ramfunc .ramfunc.*)
 .ramfunc       0x20070000      0x12c src/ASF/sam/utils/cmsis/sam3x/source/templates/system_sam3x.o
                0x20070000                SystemInit
                0x200700a4                system_init_flash
 *(.data .data.*)
 .data.uxCriticalNesting
                0x2007012c        0x4 src/ASF/thirdparty/freertos/freertos-7.3.0/source/portable/gcc/sam/port.o
 .data.xFreeBytesRemaining
                0x20070130        0x4 src/ASF/thirdparty/freertos/freertos-7.3.0/source/portable/memmang/heap_4.o
 .data.xNextTaskUnblockTime
                0x20070134        0x4 src/ASF/thirdparty/freertos/freertos-7.3.0/source/tasks.o
 .data.pin_table
                0x20070138       0x42 src/pin_mapper.o
                0x20070138                pin_table
 .data.g_interrupt_enabled
                0x2007017a        0x1 src/ASF/common/utils/interrupt/interrupt_sam_nvic.o
                0x2007017a                g_interrupt_enabled
 *fill*         0x2007017b        0x1 
 .data.SystemCoreClock
                0x2007017c        0x4 src/ASF/sam/utils/cmsis/sam3x/source/templates/system_sam3x.o
                0x2007017c                SystemCoreClock
 .data._impure_ptr
                0x20070180        0x4 c:/program files (x86)/atmel/studio/7.0/toolchain/arm/arm-gnu-toolchain/bin/../lib/gcc/arm-none-eabi/6.3.1/../../../../arm-none-eabi/lib/thumb/v7-m\libc.a(lib_a-impure.o)
                0x20070180                _impure_ptr
 *fill*         0x20070184        0x4 
 .data.impure_data
                0x20070188      0x428 c:/program files (x86)/atmel/studio/7.0/toolchain/arm/arm-gnu-toolchain/bin/../lib/gcc/arm-none-eabi/6.3.1/../../../../arm-none-eabi/lib/thumb/v7-m\libc.a(lib_a-impure.o)
 .data.__atexit_recursive_mutex
                0x200705b0        0x4 c:/program files (x86)/atmel/studio/7.0/toolchain/arm/arm-gnu-toolchain/bin/../lib/gcc/arm-none-eabi/6.3.1/../../../../arm-none-eabi/lib/thumb/v7-m\libc.a(lib_a-__call_atexit.o)
                0x200705b0                __atexit_recursive_mutex
 .data.__global_locale
                0x200705b4      0x16c c:/program files (x86)/atmel/studio/7.0/toolchain/arm/arm-gnu-toolchain/bin/../lib/gcc/arm-none-eabi/6.3.1/../../../../arm-none-eabi/lib/thumb/v7-m\libc.a(lib_a-locale.o)
                0x200705b4                __global_locale
 .data.__malloc_av_
                0x20070720      0x408 c:/program files (x86)/atmel/studio/7.0/toolchain/arm/arm-gnu-toolchain/bin/../lib/gcc/arm-none-eabi/6.3.1/../../../../arm-none-eabi/lib/thumb/v7-m\libc.a(lib_a-mallocr.o)
                0x20070720                __malloc_av_
 .data.__malloc_sbrk_base
                0x20070b28        0x4 c:/program files (x86)/atmel/studio/7.0/toolchain/arm/arm-gnu-toolchain/bin/../lib/gcc/arm-none-eabi/6.3.1/../../../../arm-none-eabi/lib/thumb/v7-m\libc.a(lib_a-mallocr.o)
                0x20070b28                __malloc_sbrk_base
 .data.__malloc_trim_threshold
                0x20070b2c        0x4 c:/program files (x86)/atmel/studio/7.0/toolchain/arm/arm-gnu-toolchain/bin/../lib/gcc/arm-none-eabi/6.3.1/../../../../arm-none-eabi/lib/thumb/v7-m\libc.a(lib_a-mallocr.o)
                0x20070b2c                __malloc_trim_threshold
                0x20070b30                . = ALIGN (0x4)
                0x20070b30                _erelocate = .

.bss            0x20070b30     0xa2e4 load address 0x00086178
                0x20070b30                . = ALIGN (0x4)
                0x20070b30                _sbss = .
                0x20070b30                _szero = .
 *(.bss .bss.*)
 .bss           0x20070b30       0x1c c:/program files (x86)/atmel/studio/7.0/toolchain/arm/arm-gnu-toolchain/bin/../lib/gcc/arm-none-eabi/6.3.1/thumb/v7-m/crtbegin.o
 .bss.pxEnd     0x20070b4c        0x4 src/ASF/thirdparty/freertos/freertos-7.3.0/source/portable/memmang/heap_4.o
 .bss.xHeap     0x20070b50     0xa000 src/ASF/thirdparty/freertos/freertos-7.3.0/source/portable/memmang/heap_4.o
 .bss.xStart    0x2007ab50        0x8 src/ASF/thirdparty/freertos/freertos-7.3.0/source/portable/memmang/heap_4.o
 .bss.pxCurrentTCB
                0x2007ab58        0x4 src/ASF/thirdparty/freertos/freertos-7.3.0/source/tasks.o
                0x2007ab58                pxCurrentTCB
 .bss.pxDelayedTaskList
                0x2007ab5c        0x4 src/ASF/thirdparty/freertos/freertos-7.3.0/source/tasks.o
 .bss.pxOverflowDelayedTaskList
                0x2007ab60        0x4 src/ASF/thirdparty/freertos/freertos-7.3.0/source/tasks.o
 .bss.pxReadyTasksLists
                0x2007ab64       0x64 src/ASF/thirdparty/freertos/freertos-7.3.0/source/tasks.o
 .bss.uxCurrentNumberOfTasks
                0x2007abc8        0x4 src/ASF/thirdparty/freertos/freertos-7.3.0/source/tasks.o
 .bss.uxMissedTicks
                0x2007abcc        0x4 src/ASF/thirdparty/freertos/freertos-7.3.0/source/tasks.o
 .bss.uxSchedulerSuspended
                0x2007abd0        0x4 src/ASF/thirdparty/freertos/freertos-7.3.0/source/tasks.o
 .bss.uxTaskNumber
                0x2007abd4        0x4 src/ASF/thirdparty/freertos/freertos-7.3.0/source/tasks.o
 .bss.uxTasksDeleted
                0x2007abd8        0x4 src/ASF/thirdparty/freertos/freertos-7.3.0/source/tasks.o
 .bss.uxTopReadyPriority
                0x2007abdc        0x4 src/ASF/thirdparty/freertos/freertos-7.3.0/source/tasks.o
 .bss.uxTopUsedPriority
                0x2007abe0        0x4 src/ASF/thirdparty/freertos/freertos-7.3.0/source/tasks.o
 .bss.xDelayedTaskList1
                0x2007abe4       0x14 src/ASF/thirdparty/freertos/freertos-7.3.0/source/tasks.o
 .bss.xDelayedTaskList2
                0x2007abf8       0x14 src/ASF/thirdparty/freertos/freertos-7.3.0/source/tasks.o
 .bss.xMissedYield
                0x2007ac0c        0x4 src/ASF/thirdparty/freertos/freertos-7.3.0/source/tasks.o
 .bss.xNumOfOverflows
                0x2007ac10        0x4 src/ASF/thirdparty/freertos/freertos-7.3.0/source/tasks.o
 .bss.xPendingReadyList
                0x2007ac14       0x14 src/ASF/thirdparty/freertos/freertos-7.3.0/source/tasks.o
 .bss.xSchedulerRunning
                0x2007ac28        0x4 src/ASF/thirdparty/freertos/freertos-7.3.0/source/tasks.o
 .bss.xSuspendedTaskList
                0x2007ac2c       0x14 src/ASF/thirdparty/freertos/freertos-7.3.0/source/tasks.o
 .bss.xTasksWaitingTermination
                0x2007ac40       0x14 src/ASF/thirdparty/freertos/freertos-7.3.0/source/tasks.o
 .bss.xTickCount
                0x2007ac54        0x4 src/ASF/thirdparty/freertos/freertos-7.3.0/source/tasks.o
 .bss.pxCurrentTimerList
                0x2007ac58        0x4 src/ASF/thirdparty/freertos/freertos-7.3.0/source/timers.o
 .bss.pxOverflowTimerList
                0x2007ac5c        0x4 src/ASF/thirdparty/freertos/freertos-7.3.0/source/timers.o
 .bss.xActiveTimerList1
                0x2007ac60       0x14 src/ASF/thirdparty/freertos/freertos-7.3.0/source/timers.o
 .bss.xActiveTimerList2
                0x2007ac74       0x14 src/ASF/thirdparty/freertos/freertos-7.3.0/source/timers.o
 .bss.xLastTime.4541
                0x2007ac88        0x4 src/ASF/thirdparty/freertos/freertos-7.3.0/source/timers.o
 .bss.xTimerQueue
                0x2007ac8c        0x4 src/ASF/thirdparty/freertos/freertos-7.3.0/source/timers.o
 .bss.counter   0x2007ac90        0x4 src/drivers/encoder.o
 .bss.serial_rx_buf
                0x2007ac94       0x9c src/ASF/thirdparty/wireless/addons/sio2host/uart/sio2host.o
 .bss.serial_rx_buf_tail
                0x2007ad30        0x1 src/ASF/thirdparty/wireless/addons/sio2host/uart/sio2host.o
 *fill*         0x2007ad31        0x3 
 .bss.gs_interrupt_sources
                0x2007ad34       0x70 src/ASF/sam/drivers/pio/pio_handler.o
 .bss.gs_ul_nb_sources
                0x2007ada4        0x4 src/ASF/sam/drivers/pio/pio_handler.o
 .bss.heap.5297
                0x2007ada8        0x4 src/ASF/sam/utils/syscalls/gcc/syscalls.o
 .bss.__malloc_current_mallinfo
                0x2007adac       0x28 c:/program files (x86)/atmel/studio/7.0/toolchain/arm/arm-gnu-toolchain/bin/../lib/gcc/arm-none-eabi/6.3.1/../../../../arm-none-eabi/lib/thumb/v7-m\libc.a(lib_a-mallocr.o)
                0x2007adac                __malloc_current_mallinfo
 .bss.__malloc_max_sbrked_mem
                0x2007add4        0x4 c:/program files (x86)/atmel/studio/7.0/toolchain/arm/arm-gnu-toolchain/bin/../lib/gcc/arm-none-eabi/6.3.1/../../../../arm-none-eabi/lib/thumb/v7-m\libc.a(lib_a-mallocr.o)
                0x2007add4                __malloc_max_sbrked_mem
 .bss.__malloc_max_total_mem
                0x2007add8        0x4 c:/program files (x86)/atmel/studio/7.0/toolchain/arm/arm-gnu-toolchain/bin/../lib/gcc/arm-none-eabi/6.3.1/../../../../arm-none-eabi/lib/thumb/v7-m\libc.a(lib_a-mallocr.o)
                0x2007add8                __malloc_max_total_mem
 .bss.__malloc_top_pad
                0x2007addc        0x4 c:/program files (x86)/atmel/studio/7.0/toolchain/arm/arm-gnu-toolchain/bin/../lib/gcc/arm-none-eabi/6.3.1/../../../../arm-none-eabi/lib/thumb/v7-m\libc.a(lib_a-mallocr.o)
                0x2007addc                __malloc_top_pad
 *(COMMON)
 COMMON         0x2007ade0        0x4 src/ASF/common/utils/stdio/read.o
                0x2007ade0                ptr_get
 COMMON         0x2007ade4        0x8 src/ASF/common/utils/stdio/write.o
                0x2007ade4                ptr_put
                0x2007ade8                stdio_base
 COMMON         0x2007adec       0x21 c:/program files (x86)/atmel/studio/7.0/toolchain/arm/arm-gnu-toolchain/bin/../lib/gcc/arm-none-eabi/6.3.1/../../../../arm-none-eabi/lib/thumb/v7-m\libc.a(lib_a-lock.o)
                0x2007adec                __lock___atexit_recursive_mutex
                0x2007adf0                __lock___arc4random_mutex
                0x2007adf4                __lock___env_recursive_mutex
                0x2007adf8                __lock___sinit_recursive_mutex
                0x2007adfc                __lock___malloc_recursive_mutex
                0x2007ae00                __lock___at_quick_exit_mutex
                0x2007ae04                __lock___dd_hash_mutex
                0x2007ae08                __lock___tz_mutex
                0x2007ae0c                __lock___sfp_recursive_mutex
 *fill*         0x2007ae0d        0x3 
 COMMON         0x2007ae10        0x4 c:/program files (x86)/atmel/studio/7.0/toolchain/arm/arm-gnu-toolchain/bin/../lib/gcc/arm-none-eabi/6.3.1/../../../../arm-none-eabi/lib/thumb/v7-m\libc.a(lib_a-reent.o)
                0x2007ae10                errno
                0x2007ae14                . = ALIGN (0x4)
                0x2007ae14                _ebss = .
                0x2007ae14                _ezero = .

.stack          0x2007ae14     0x2004 load address 0x0009045c
                0x2007ae18                . = ALIGN (0x8)
 *fill*         0x2007ae14        0x4 
                0x2007ae18                _sstack = .
                0x2007ce18                . = (. + __stack_size__)
 *fill*         0x2007ae18     0x2000 
                0x2007ce18                . = ALIGN (0x8)
                0x2007ce18                _estack = .
                0x2007ce18                . = ALIGN (0x4)
                0x2007ce18                _end = .
OUTPUT(johnson.elf elf32-littlearm)

.ARM.attributes
                0x00000000       0x29
 .ARM.attributes
                0x00000000       0x1d c:/program files (x86)/atmel/studio/7.0/toolchain/arm/arm-gnu-toolchain/bin/../lib/gcc/arm-none-eabi/6.3.1/thumb/v7-m/crti.o
 .ARM.attributes
                0x0000001d       0x2d c:/program files (x86)/atmel/studio/7.0/toolchain/arm/arm-gnu-toolchain/bin/../lib/gcc/arm-none-eabi/6.3.1/thumb/v7-m/crtbegin.o
 .ARM.attributes
                0x0000004a       0x33 src/ASF/common/utils/stdio/read.o
 .ARM.attributes
                0x0000007d       0x33 src/ASF/sam/drivers/tc/tc.o
 .ARM.attributes
                0x000000b0       0x33 src/ASF/thirdparty/freertos/freertos-7.3.0/source/list.o
 .ARM.attributes
                0x000000e3       0x33 src/ASF/thirdparty/freertos/freertos-7.3.0/source/portable/gcc/sam/port.o
 .ARM.attributes
                0x00000116       0x33 src/ASF/thirdparty/freertos/freertos-7.3.0/source/portable/memmang/heap_4.o
 .ARM.attributes
                0x00000149       0x33 src/ASF/thirdparty/freertos/freertos-7.3.0/source/queue.o
 .ARM.attributes
                0x0000017c       0x33 src/ASF/thirdparty/freertos/freertos-7.3.0/source/tasks.o
 .ARM.attributes
                0x000001af       0x33 src/ASF/thirdparty/freertos/freertos-7.3.0/source/timers.o
 .ARM.attributes
                0x000001e2       0x33 src/drivers/encoder.o
 .ARM.attributes
                0x00000215       0x33 src/motor_task.o
 .ARM.attributes
                0x00000248       0x33 src/main_task.o
 .ARM.attributes
                0x0000027b       0x33 src/pin_mapper.o
 .ARM.attributes
                0x000002ae       0x33 src/ASF/sam/drivers/usart/usart.o
 .ARM.attributes
                0x000002e1       0x33 src/ASF/thirdparty/wireless/addons/sio2host/uart/sio2host.o
 .ARM.attributes
                0x00000314       0x33 src/drivers/console_driver.o
 .ARM.attributes
                0x00000347       0x33 src/drivers/delay.o
 .ARM.attributes
                0x0000037a       0x33 src/ASF/common/utils/stdio/write.o
 .ARM.attributes
                0x000003ad       0x33 src/ASF/common/services/serial/usart_serial.o
 .ARM.attributes
                0x000003e0       0x33 src/ASF/sam/drivers/uart/uart.o
 .ARM.attributes
                0x00000413       0x33 src/ASF/common/services/clock/sam3x/sysclk.o
 .ARM.attributes
                0x00000446       0x33 src/ASF/common/utils/interrupt/interrupt_sam_nvic.o
 .ARM.attributes
                0x00000479       0x33 src/ASF/sam/boards/arduino_due_x/init.o
 .ARM.attributes
                0x000004ac       0x33 src/ASF/sam/drivers/pio/pio.o
 .ARM.attributes
                0x000004df       0x33 src/ASF/sam/drivers/pio/pio_handler.o
 .ARM.attributes
                0x00000512       0x33 src/ASF/sam/drivers/pmc/pmc.o
 .ARM.attributes
                0x00000545       0x33 src/ASF/sam/utils/cmsis/sam3x/source/templates/exceptions.o
 .ARM.attributes
                0x00000578       0x33 src/ASF/sam/utils/cmsis/sam3x/source/templates/gcc/startup_sam3x.o
 .ARM.attributes
                0x000005ab       0x33 src/ASF/sam/utils/cmsis/sam3x/source/templates/system_sam3x.o
 .ARM.attributes
                0x000005de       0x33 src/ASF/sam/utils/syscalls/gcc/syscalls.o
 .ARM.attributes
                0x00000611       0x33 src/main.o
 .ARM.attributes
                0x00000644       0x2d c:/program files (x86)/atmel/studio/7.0/toolchain/arm/arm-gnu-toolchain/bin/../lib/gcc/arm-none-eabi/6.3.1/../../../../arm-none-eabi/lib/thumb/v7-m\libc.a(lib_a-impure.o)
 .ARM.attributes
                0x00000671       0x2d c:/program files (x86)/atmel/studio/7.0/toolchain/arm/arm-gnu-toolchain/bin/../lib/gcc/arm-none-eabi/6.3.1/../../../../arm-none-eabi/lib/thumb/v7-m\libc.a(lib_a-init.o)
 .ARM.attributes
                0x0000069e       0x2d c:/program files (x86)/atmel/studio/7.0/toolchain/arm/arm-gnu-toolchain/bin/../lib/gcc/arm-none-eabi/6.3.1/../../../../arm-none-eabi/lib/thumb/v7-m\libc.a(lib_a-iprintf.o)
 .ARM.attributes
                0x000006cb       0x1b c:/program files (x86)/atmel/studio/7.0/toolchain/arm/arm-gnu-toolchain/bin/../lib/gcc/arm-none-eabi/6.3.1/../../../../arm-none-eabi/lib/thumb/v7-m\libc.a(lib_a-memcpy.o)
 .ARM.attributes
                0x000006e6       0x2d c:/program files (x86)/atmel/studio/7.0/toolchain/arm/arm-gnu-toolchain/bin/../lib/gcc/arm-none-eabi/6.3.1/../../../../arm-none-eabi/lib/thumb/v7-m\libc.a(lib_a-memset.o)
 .ARM.attributes
                0x00000713       0x2d c:/program files (x86)/atmel/studio/7.0/toolchain/arm/arm-gnu-toolchain/bin/../lib/gcc/arm-none-eabi/6.3.1/../../../../arm-none-eabi/lib/thumb/v7-m\libc.a(lib_a-setbuf.o)
 .ARM.attributes
                0x00000740       0x2d c:/program files (x86)/atmel/studio/7.0/toolchain/arm/arm-gnu-toolchain/bin/../lib/gcc/arm-none-eabi/6.3.1/../../../../arm-none-eabi/lib/thumb/v7-m\libc.a(lib_a-setvbuf.o)
 .ARM.attributes
                0x0000076d       0x2d c:/program files (x86)/atmel/studio/7.0/toolchain/arm/arm-gnu-toolchain/bin/../lib/gcc/arm-none-eabi/6.3.1/../../../../arm-none-eabi/lib/thumb/v7-m\libc.a(lib_a-strlen-stub.o)
 .ARM.attributes
                0x0000079a       0x2d c:/program files (x86)/atmel/studio/7.0/toolchain/arm/arm-gnu-toolchain/bin/../lib/gcc/arm-none-eabi/6.3.1/../../../../arm-none-eabi/lib/thumb/v7-m\libc.a(lib_a-strncpy.o)
 .ARM.attributes
                0x000007c7       0x2d c:/program files (x86)/atmel/studio/7.0/toolchain/arm/arm-gnu-toolchain/bin/../lib/gcc/arm-none-eabi/6.3.1/../../../../arm-none-eabi/lib/thumb/v7-m\libc.a(lib_a-vfiprintf.o)
 .ARM.attributes
                0x000007f4       0x2d c:/program files (x86)/atmel/studio/7.0/toolchain/arm/arm-gnu-toolchain/bin/../lib/gcc/arm-none-eabi/6.3.1/../../../../arm-none-eabi/lib/thumb/v7-m\libc.a(lib_a-wsetup.o)
 .ARM.attributes
                0x00000821       0x2d c:/program files (x86)/atmel/studio/7.0/toolchain/arm/arm-gnu-toolchain/bin/../lib/gcc/arm-none-eabi/6.3.1/../../../../arm-none-eabi/lib/thumb/v7-m\libc.a(lib_a-__call_atexit.o)
 .ARM.attributes
                0x0000084e       0x2d c:/program files (x86)/atmel/studio/7.0/toolchain/arm/arm-gnu-toolchain/bin/../lib/gcc/arm-none-eabi/6.3.1/../../../../arm-none-eabi/lib/thumb/v7-m\libc.a(lib_a-atexit.o)
 .ARM.attributes
                0x0000087b       0x2d c:/program files (x86)/atmel/studio/7.0/toolchain/arm/arm-gnu-toolchain/bin/../lib/gcc/arm-none-eabi/6.3.1/../../../../arm-none-eabi/lib/thumb/v7-m\libc.a(lib_a-fflush.o)
 .ARM.attributes
                0x000008a8       0x2d c:/program files (x86)/atmel/studio/7.0/toolchain/arm/arm-gnu-toolchain/bin/../lib/gcc/arm-none-eabi/6.3.1/../../../../arm-none-eabi/lib/thumb/v7-m\libc.a(lib_a-findfp.o)
 .ARM.attributes
                0x000008d5       0x2d c:/program files (x86)/atmel/studio/7.0/toolchain/arm/arm-gnu-toolchain/bin/../lib/gcc/arm-none-eabi/6.3.1/../../../../arm-none-eabi/lib/thumb/v7-m\libc.a(lib_a-fini.o)
 .ARM.attributes
                0x00000902       0x2d c:/program files (x86)/atmel/studio/7.0/toolchain/arm/arm-gnu-toolchain/bin/../lib/gcc/arm-none-eabi/6.3.1/../../../../arm-none-eabi/lib/thumb/v7-m\libc.a(lib_a-fputwc.o)
 .ARM.attributes
                0x0000092f       0x2d c:/program files (x86)/atmel/studio/7.0/toolchain/arm/arm-gnu-toolchain/bin/../lib/gcc/arm-none-eabi/6.3.1/../../../../arm-none-eabi/lib/thumb/v7-m\libc.a(lib_a-freer.o)
 .ARM.attributes
                0x0000095c       0x2d c:/program files (x86)/atmel/studio/7.0/toolchain/arm/arm-gnu-toolchain/bin/../lib/gcc/arm-none-eabi/6.3.1/../../../../arm-none-eabi/lib/thumb/v7-m\libc.a(lib_a-fvwrite.o)
 .ARM.attributes
                0x00000989       0x2d c:/program files (x86)/atmel/studio/7.0/toolchain/arm/arm-gnu-toolchain/bin/../lib/gcc/arm-none-eabi/6.3.1/../../../../arm-none-eabi/lib/thumb/v7-m\libc.a(lib_a-fwalk.o)
 .ARM.attributes
                0x000009b6       0x2d c:/program files (x86)/atmel/studio/7.0/toolchain/arm/arm-gnu-toolchain/bin/../lib/gcc/arm-none-eabi/6.3.1/../../../../arm-none-eabi/lib/thumb/v7-m\libc.a(lib_a-locale.o)
 .ARM.attributes
                0x000009e3       0x2d c:/program files (x86)/atmel/studio/7.0/toolchain/arm/arm-gnu-toolchain/bin/../lib/gcc/arm-none-eabi/6.3.1/../../../../arm-none-eabi/lib/thumb/v7-m\libc.a(lib_a-lock.o)
 .ARM.attributes
                0x00000a10       0x2d c:/program files (x86)/atmel/studio/7.0/toolchain/arm/arm-gnu-toolchain/bin/../lib/gcc/arm-none-eabi/6.3.1/../../../../arm-none-eabi/lib/thumb/v7-m\libc.a(lib_a-makebuf.o)
 .ARM.attributes
                0x00000a3d       0x2d c:/program files (x86)/atmel/studio/7.0/toolchain/arm/arm-gnu-toolchain/bin/../lib/gcc/arm-none-eabi/6.3.1/../../../../arm-none-eabi/lib/thumb/v7-m\libc.a(lib_a-malloc.o)
 .ARM.attributes
                0x00000a6a       0x2d c:/program files (x86)/atmel/studio/7.0/toolchain/arm/arm-gnu-toolchain/bin/../lib/gcc/arm-none-eabi/6.3.1/../../../../arm-none-eabi/lib/thumb/v7-m\libc.a(lib_a-mallocr.o)
 .ARM.attributes
                0x00000a97       0x2d c:/program files (x86)/atmel/studio/7.0/toolchain/arm/arm-gnu-toolchain/bin/../lib/gcc/arm-none-eabi/6.3.1/../../../../arm-none-eabi/lib/thumb/v7-m\libc.a(lib_a-mbtowc_r.o)
 .ARM.attributes
                0x00000ac4       0x2d c:/program files (x86)/atmel/studio/7.0/toolchain/arm/arm-gnu-toolchain/bin/../lib/gcc/arm-none-eabi/6.3.1/../../../../arm-none-eabi/lib/thumb/v7-m\libc.a(lib_a-memchr-stub.o)
 .ARM.attributes
                0x00000af1       0x2d c:/program files (x86)/atmel/studio/7.0/toolchain/arm/arm-gnu-toolchain/bin/../lib/gcc/arm-none-eabi/6.3.1/../../../../arm-none-eabi/lib/thumb/v7-m\libc.a(lib_a-memmove.o)
 .ARM.attributes
                0x00000b1e       0x2d c:/program files (x86)/atmel/studio/7.0/toolchain/arm/arm-gnu-toolchain/bin/../lib/gcc/arm-none-eabi/6.3.1/../../../../arm-none-eabi/lib/thumb/v7-m\libc.a(lib_a-mlock.o)
 .ARM.attributes
                0x00000b4b       0x2d c:/program files (x86)/atmel/studio/7.0/toolchain/arm/arm-gnu-toolchain/bin/../lib/gcc/arm-none-eabi/6.3.1/../../../../arm-none-eabi/lib/thumb/v7-m\libc.a(lib_a-reallocr.o)
 .ARM.attributes
                0x00000b78       0x2d c:/program files (x86)/atmel/studio/7.0/toolchain/arm/arm-gnu-toolchain/bin/../lib/gcc/arm-none-eabi/6.3.1/../../../../arm-none-eabi/lib/thumb/v7-m\libc.a(lib_a-sbrkr.o)
 .ARM.attributes
                0x00000ba5       0x2d c:/program files (x86)/atmel/studio/7.0/toolchain/arm/arm-gnu-toolchain/bin/../lib/gcc/arm-none-eabi/6.3.1/../../../../arm-none-eabi/lib/thumb/v7-m\libc.a(lib_a-stdio.o)
 .ARM.attributes
                0x00000bd2       0x2d c:/program files (x86)/atmel/studio/7.0/toolchain/arm/arm-gnu-toolchain/bin/../lib/gcc/arm-none-eabi/6.3.1/../../../../arm-none-eabi/lib/thumb/v7-m\libc.a(lib_a-wbuf.o)
 .ARM.attributes
                0x00000bff       0x2d c:/program files (x86)/atmel/studio/7.0/toolchain/arm/arm-gnu-toolchain/bin/../lib/gcc/arm-none-eabi/6.3.1/../../../../arm-none-eabi/lib/thumb/v7-m\libc.a(lib_a-wcrtomb.o)
 .ARM.attributes
                0x00000c2c       0x2d c:/program files (x86)/atmel/studio/7.0/toolchain/arm/arm-gnu-toolchain/bin/../lib/gcc/arm-none-eabi/6.3.1/../../../../arm-none-eabi/lib/thumb/v7-m\libc.a(lib_a-wctomb_r.o)
 .ARM.attributes
                0x00000c59       0x2d c:/program files (x86)/atmel/studio/7.0/toolchain/arm/arm-gnu-toolchain/bin/../lib/gcc/arm-none-eabi/6.3.1/../../../../arm-none-eabi/lib/thumb/v7-m\libc.a(lib_a-writer.o)
 .ARM.attributes
                0x00000c86       0x2d c:/program files (x86)/atmel/studio/7.0/toolchain/arm/arm-gnu-toolchain/bin/../lib/gcc/arm-none-eabi/6.3.1/../../../../arm-none-eabi/lib/thumb/v7-m\libc.a(lib_a-__atexit.o)
 .ARM.attributes
                0x00000cb3       0x2d c:/program files (x86)/atmel/studio/7.0/toolchain/arm/arm-gnu-toolchain/bin/../lib/gcc/arm-none-eabi/6.3.1/../../../../arm-none-eabi/lib/thumb/v7-m\libc.a(lib_a-closer.o)
 .ARM.attributes
                0x00000ce0       0x2d c:/program files (x86)/atmel/studio/7.0/toolchain/arm/arm-gnu-toolchain/bin/../lib/gcc/arm-none-eabi/6.3.1/../../../../arm-none-eabi/lib/thumb/v7-m\libc.a(lib_a-ctype_.o)
 .ARM.attributes
                0x00000d0d       0x2d c:/program files (x86)/atmel/studio/7.0/toolchain/arm/arm-gnu-toolchain/bin/../lib/gcc/arm-none-eabi/6.3.1/../../../../arm-none-eabi/lib/thumb/v7-m\libc.a(lib_a-fclose.o)
 .ARM.attributes
                0x00000d3a       0x2d c:/program files (x86)/atmel/studio/7.0/toolchain/arm/arm-gnu-toolchain/bin/../lib/gcc/arm-none-eabi/6.3.1/../../../../arm-none-eabi/lib/thumb/v7-m\libc.a(lib_a-fstatr.o)
 .ARM.attributes
                0x00000d67       0x2d c:/program files (x86)/atmel/studio/7.0/toolchain/arm/arm-gnu-toolchain/bin/../lib/gcc/arm-none-eabi/6.3.1/../../../../arm-none-eabi/lib/thumb/v7-m\libc.a(lib_a-isattyr.o)
 .ARM.attributes
                0x00000d94       0x2d c:/program files (x86)/atmel/studio/7.0/toolchain/arm/arm-gnu-toolchain/bin/../lib/gcc/arm-none-eabi/6.3.1/../../../../arm-none-eabi/lib/thumb/v7-m\libc.a(lib_a-lseekr.o)
 .ARM.attributes
                0x00000dc1       0x2d c:/program files (x86)/atmel/studio/7.0/toolchain/arm/arm-gnu-toolchain/bin/../lib/gcc/arm-none-eabi/6.3.1/../../../../arm-none-eabi/lib/thumb/v7-m\libc.a(lib_a-readr.o)
 .ARM.attributes
                0x00000dee       0x2d c:/program files (x86)/atmel/studio/7.0/toolchain/arm/arm-gnu-toolchain/bin/../lib/gcc/arm-none-eabi/6.3.1/../../../../arm-none-eabi/lib/thumb/v7-m\libc.a(lib_a-reent.o)
 .ARM.attributes
                0x00000e1b       0x1d c:/program files (x86)/atmel/studio/7.0/toolchain/arm/arm-gnu-toolchain/bin/../lib/gcc/arm-none-eabi/6.3.1/thumb/v7-m\libgcc.a(_aeabi_uldivmod.o)
 .ARM.attributes
                0x00000e38       0x2d c:/program files (x86)/atmel/studio/7.0/toolchain/arm/arm-gnu-toolchain/bin/../lib/gcc/arm-none-eabi/6.3.1/thumb/v7-m\libgcc.a(_udivmoddi4.o)
 .ARM.attributes
                0x00000e65       0x1d c:/program files (x86)/atmel/studio/7.0/toolchain/arm/arm-gnu-toolchain/bin/../lib/gcc/arm-none-eabi/6.3.1/thumb/v7-m\libgcc.a(_dvmd_tls.o)
 .ARM.attributes
                0x00000e82       0x1d c:/program files (x86)/atmel/studio/7.0/toolchain/arm/arm-gnu-toolchain/bin/../lib/gcc/arm-none-eabi/6.3.1/thumb/v7-m/crtn.o

.comment        0x00000000       0x59
 .comment       0x00000000       0x59 src/ASF/common/utils/stdio/read.o
                                 0x5a (size before relaxing)
 .comment       0x00000059       0x5a src/ASF/sam/drivers/tc/tc.o
 .comment       0x00000059       0x5a src/ASF/thirdparty/freertos/freertos-7.3.0/source/list.o
 .comment       0x00000059       0x5a src/ASF/thirdparty/freertos/freertos-7.3.0/source/portable/gcc/sam/port.o
 .comment       0x00000059       0x5a src/ASF/thirdparty/freertos/freertos-7.3.0/source/portable/memmang/heap_4.o
 .comment       0x00000059       0x5a src/ASF/thirdparty/freertos/freertos-7.3.0/source/queue.o
 .comment       0x00000059       0x5a src/ASF/thirdparty/freertos/freertos-7.3.0/source/tasks.o
 .comment       0x00000059       0x5a src/ASF/thirdparty/freertos/freertos-7.3.0/source/timers.o
 .comment       0x00000059       0x5a src/drivers/encoder.o
 .comment       0x00000059       0x5a src/motor_task.o
 .comment       0x00000059       0x5a src/main_task.o
 .comment       0x00000059       0x5a src/pin_mapper.o
 .comment       0x00000059       0x5a src/ASF/sam/drivers/usart/usart.o
 .comment       0x00000059       0x5a src/ASF/thirdparty/wireless/addons/sio2host/uart/sio2host.o
 .comment       0x00000059       0x5a src/drivers/console_driver.o
 .comment       0x00000059       0x5a src/drivers/delay.o
 .comment       0x00000059       0x5a src/ASF/common/utils/stdio/write.o
 .comment       0x00000059       0x5a src/ASF/common/services/serial/usart_serial.o
 .comment       0x00000059       0x5a src/ASF/sam/drivers/uart/uart.o
 .comment       0x00000059       0x5a src/ASF/common/services/clock/sam3x/sysclk.o
 .comment       0x00000059       0x5a src/ASF/common/utils/interrupt/interrupt_sam_nvic.o
 .comment       0x00000059       0x5a src/ASF/sam/boards/arduino_due_x/init.o
 .comment       0x00000059       0x5a src/ASF/sam/drivers/pio/pio.o
 .comment       0x00000059       0x5a src/ASF/sam/drivers/pio/pio_handler.o
 .comment       0x00000059       0x5a src/ASF/sam/drivers/pmc/pmc.o
 .comment       0x00000059       0x5a src/ASF/sam/utils/cmsis/sam3x/source/templates/exceptions.o
 .comment       0x00000059       0x5a src/ASF/sam/utils/cmsis/sam3x/source/templates/gcc/startup_sam3x.o
 .comment       0x00000059       0x5a src/ASF/sam/utils/cmsis/sam3x/source/templates/system_sam3x.o
 .comment       0x00000059       0x5a src/ASF/sam/utils/syscalls/gcc/syscalls.o
 .comment       0x00000059       0x5a src/main.o

.debug_info     0x00000000    0x220fc
 .debug_info    0x00000000      0xac9 src/ASF/common/utils/stdio/read.o
 .debug_info    0x00000ac9     0x1260 src/ASF/sam/drivers/tc/tc.o
 .debug_info    0x00001d29      0xbbd src/ASF/thirdparty/freertos/freertos-7.3.0/source/list.o
 .debug_info    0x000028e6      0xcbd src/ASF/thirdparty/freertos/freertos-7.3.0/source/portable/gcc/sam/port.o
 .debug_info    0x000035a3      0xcb1 src/ASF/thirdparty/freertos/freertos-7.3.0/source/portable/memmang/heap_4.o
 .debug_info    0x00004254     0x1b63 src/ASF/thirdparty/freertos/freertos-7.3.0/source/queue.o
 .debug_info    0x00005db7     0x243f src/ASF/thirdparty/freertos/freertos-7.3.0/source/tasks.o
 .debug_info    0x000081f6      0xcb5 src/ASF/thirdparty/freertos/freertos-7.3.0/source/timers.o
 .debug_info    0x00008eab     0x1229 src/drivers/encoder.o
 .debug_info    0x0000a0d4     0x1298 src/motor_task.o
 .debug_info    0x0000b36c     0x1122 src/main_task.o
 .debug_info    0x0000c48e      0xb4e src/pin_mapper.o
 .debug_info    0x0000cfdc     0x24e6 src/ASF/sam/drivers/usart/usart.o
 .debug_info    0x0000f4c2     0x19a3 src/ASF/thirdparty/wireless/addons/sio2host/uart/sio2host.o
 .debug_info    0x00010e65     0x13a7 src/drivers/console_driver.o
 .debug_info    0x0001220c      0xe40 src/drivers/delay.o
 .debug_info    0x0001304c      0xac6 src/ASF/common/utils/stdio/write.o
 .debug_info    0x00013b12     0x113c src/ASF/common/services/serial/usart_serial.o
 .debug_info    0x00014c4e     0x119e src/ASF/sam/drivers/uart/uart.o
 .debug_info    0x00015dec     0x11ad src/ASF/common/services/clock/sam3x/sysclk.o
 .debug_info    0x00016f99      0xb01 src/ASF/common/utils/interrupt/interrupt_sam_nvic.o
 .debug_info    0x00017a9a     0x108a src/ASF/sam/boards/arduino_due_x/init.o
 .debug_info    0x00018b24     0x1c61 src/ASF/sam/drivers/pio/pio.o
 .debug_info    0x0001a785     0x17be src/ASF/sam/drivers/pio/pio_handler.o
 .debug_info    0x0001bf43     0x19df src/ASF/sam/drivers/pmc/pmc.o
 .debug_info    0x0001d922      0xa39 src/ASF/sam/utils/cmsis/sam3x/source/templates/exceptions.o
 .debug_info    0x0001e35b      0xd1b src/ASF/sam/utils/cmsis/sam3x/source/templates/gcc/startup_sam3x.o
 .debug_info    0x0001f076      0xdc2 src/ASF/sam/utils/cmsis/sam3x/source/templates/system_sam3x.o
 .debug_info    0x0001fe38      0xdb0 src/ASF/sam/utils/syscalls/gcc/syscalls.o
 .debug_info    0x00020be8     0x1514 src/main.o

.debug_abbrev   0x00000000     0x5297
 .debug_abbrev  0x00000000      0x1fe src/ASF/common/utils/stdio/read.o
 .debug_abbrev  0x000001fe      0x293 src/ASF/sam/drivers/tc/tc.o
 .debug_abbrev  0x00000491      0x221 src/ASF/thirdparty/freertos/freertos-7.3.0/source/list.o
 .debug_abbrev  0x000006b2      0x340 src/ASF/thirdparty/freertos/freertos-7.3.0/source/portable/gcc/sam/port.o
 .debug_abbrev  0x000009f2      0x32d src/ASF/thirdparty/freertos/freertos-7.3.0/source/portable/memmang/heap_4.o
 .debug_abbrev  0x00000d1f      0x359 src/ASF/thirdparty/freertos/freertos-7.3.0/source/queue.o
 .debug_abbrev  0x00001078      0x3a8 src/ASF/thirdparty/freertos/freertos-7.3.0/source/tasks.o
 .debug_abbrev  0x00001420      0x28a src/ASF/thirdparty/freertos/freertos-7.3.0/source/timers.o
 .debug_abbrev  0x000016aa      0x2a0 src/drivers/encoder.o
 .debug_abbrev  0x0000194a      0x34f src/motor_task.o
 .debug_abbrev  0x00001c99      0x303 src/main_task.o
 .debug_abbrev  0x00001f9c      0x205 src/pin_mapper.o
 .debug_abbrev  0x000021a1      0x406 src/ASF/sam/drivers/usart/usart.o
 .debug_abbrev  0x000025a7      0x3ea src/ASF/thirdparty/wireless/addons/sio2host/uart/sio2host.o
 .debug_abbrev  0x00002991      0x337 src/drivers/console_driver.o
 .debug_abbrev  0x00002cc8      0x219 src/drivers/delay.o
 .debug_abbrev  0x00002ee1      0x1e9 src/ASF/common/utils/stdio/write.o
 .debug_abbrev  0x000030ca      0x2b1 src/ASF/common/services/serial/usart_serial.o
 .debug_abbrev  0x0000337b      0x288 src/ASF/sam/drivers/uart/uart.o
 .debug_abbrev  0x00003603      0x330 src/ASF/common/services/clock/sam3x/sysclk.o
 .debug_abbrev  0x00003933      0x212 src/ASF/common/utils/interrupt/interrupt_sam_nvic.o
 .debug_abbrev  0x00003b45      0x262 src/ASF/sam/boards/arduino_due_x/init.o
 .debug_abbrev  0x00003da7      0x3c7 src/ASF/sam/drivers/pio/pio.o
 .debug_abbrev  0x0000416e      0x329 src/ASF/sam/drivers/pio/pio_handler.o
 .debug_abbrev  0x00004497      0x306 src/ASF/sam/drivers/pmc/pmc.o
 .debug_abbrev  0x0000479d      0x1a4 src/ASF/sam/utils/cmsis/sam3x/source/templates/exceptions.o
 .debug_abbrev  0x00004941      0x1f2 src/ASF/sam/utils/cmsis/sam3x/source/templates/gcc/startup_sam3x.o
 .debug_abbrev  0x00004b33      0x1f4 src/ASF/sam/utils/cmsis/sam3x/source/templates/system_sam3x.o
 .debug_abbrev  0x00004d27      0x264 src/ASF/sam/utils/syscalls/gcc/syscalls.o
 .debug_abbrev  0x00004f8b      0x30c src/main.o

.debug_loc      0x00000000     0x803d
 .debug_loc     0x00000000       0xb3 src/ASF/common/utils/stdio/read.o
 .debug_loc     0x000000b3      0x5a4 src/ASF/sam/drivers/tc/tc.o
 .debug_loc     0x00000657       0xa8 src/ASF/thirdparty/freertos/freertos-7.3.0/source/list.o
 .debug_loc     0x000006ff      0x100 src/ASF/thirdparty/freertos/freertos-7.3.0/source/portable/gcc/sam/port.o
 .debug_loc     0x000007ff      0x3ff src/ASF/thirdparty/freertos/freertos-7.3.0/source/portable/memmang/heap_4.o
 .debug_loc     0x00000bfe     0x1183 src/ASF/thirdparty/freertos/freertos-7.3.0/source/queue.o
 .debug_loc     0x00001d81     0x14ba src/ASF/thirdparty/freertos/freertos-7.3.0/source/tasks.o
 .debug_loc     0x0000323b      0x9f1 src/ASF/thirdparty/freertos/freertos-7.3.0/source/timers.o
 .debug_loc     0x00003c2c       0x4c src/drivers/encoder.o
 .debug_loc     0x00003c78      0x1b9 src/motor_task.o
 .debug_loc     0x00003e31       0xe5 src/main_task.o
 .debug_loc     0x00003f16       0xaf src/pin_mapper.o
 .debug_loc     0x00003fc5     0x1062 src/ASF/sam/drivers/usart/usart.o
 .debug_loc     0x00005027      0x5b0 src/ASF/thirdparty/wireless/addons/sio2host/uart/sio2host.o
 .debug_loc     0x000055d7      0x34a src/drivers/console_driver.o
 .debug_loc     0x00005921       0xee src/drivers/delay.o
 .debug_loc     0x00005a0f      0x12b src/ASF/common/utils/stdio/write.o
 .debug_loc     0x00005b3a      0x2a7 src/ASF/common/services/serial/usart_serial.o
 .debug_loc     0x00005de1      0x241 src/ASF/sam/drivers/uart/uart.o
 .debug_loc     0x00006022      0x183 src/ASF/common/services/clock/sam3x/sysclk.o
 .debug_loc     0x000061a5       0x70 src/ASF/sam/boards/arduino_due_x/init.o
 .debug_loc     0x00006215      0xacc src/ASF/sam/drivers/pio/pio.o
 .debug_loc     0x00006ce1      0x569 src/ASF/sam/drivers/pio/pio_handler.o
 .debug_loc     0x0000724a      0xaeb src/ASF/sam/drivers/pmc/pmc.o
 .debug_loc     0x00007d35       0x6b src/ASF/sam/utils/cmsis/sam3x/source/templates/gcc/startup_sam3x.o
 .debug_loc     0x00007da0       0xfd src/ASF/sam/utils/syscalls/gcc/syscalls.o
 .debug_loc     0x00007e9d      0x1a0 src/main.o

.debug_aranges  0x00000000      0xea0
 .debug_aranges
                0x00000000       0x20 src/ASF/common/utils/stdio/read.o
 .debug_aranges
                0x00000020       0xd0 src/ASF/sam/drivers/tc/tc.o
 .debug_aranges
                0x000000f0       0x40 src/ASF/thirdparty/freertos/freertos-7.3.0/source/list.o
 .debug_aranges
                0x00000130       0x80 src/ASF/thirdparty/freertos/freertos-7.3.0/source/portable/gcc/sam/port.o
 .debug_aranges
                0x000001b0       0x40 src/ASF/thirdparty/freertos/freertos-7.3.0/source/portable/memmang/heap_4.o
 .debug_aranges
                0x000001f0       0xd0 src/ASF/thirdparty/freertos/freertos-7.3.0/source/queue.o
 .debug_aranges
                0x000002c0      0x130 src/ASF/thirdparty/freertos/freertos-7.3.0/source/tasks.o
 .debug_aranges
                0x000003f0       0x60 src/ASF/thirdparty/freertos/freertos-7.3.0/source/timers.o
 .debug_aranges
                0x00000450       0x30 src/drivers/encoder.o
 .debug_aranges
                0x00000480       0x20 src/motor_task.o
 .debug_aranges
                0x000004a0       0x20 src/main_task.o
 .debug_aranges
                0x000004c0       0x28 src/pin_mapper.o
 .debug_aranges
                0x000004e8      0x2a8 src/ASF/sam/drivers/usart/usart.o
 .debug_aranges
                0x00000790       0x60 src/ASF/thirdparty/wireless/addons/sio2host/uart/sio2host.o
 .debug_aranges
                0x000007f0       0x30 src/drivers/console_driver.o
 .debug_aranges
                0x00000820       0x38 src/drivers/delay.o
 .debug_aranges
                0x00000858       0x20 src/ASF/common/utils/stdio/write.o
 .debug_aranges
                0x00000878       0x28 src/ASF/common/services/serial/usart_serial.o
 .debug_aranges
                0x000008a0       0xe8 src/ASF/sam/drivers/uart/uart.o
 .debug_aranges
                0x00000988       0x40 src/ASF/common/services/clock/sam3x/sysclk.o
 .debug_aranges
                0x000009c8       0x28 src/ASF/common/utils/interrupt/interrupt_sam_nvic.o
 .debug_aranges
                0x000009f0       0x20 src/ASF/sam/boards/arduino_due_x/init.o
 .debug_aranges
                0x00000a10      0x148 src/ASF/sam/drivers/pio/pio.o
 .debug_aranges
                0x00000b58       0x58 src/ASF/sam/drivers/pio/pio_handler.o
 .debug_aranges
                0x00000bb0      0x200 src/ASF/sam/drivers/pmc/pmc.o
 .debug_aranges
                0x00000db0       0x20 src/ASF/sam/utils/cmsis/sam3x/source/templates/exceptions.o
 .debug_aranges
                0x00000dd0       0x20 src/ASF/sam/utils/cmsis/sam3x/source/templates/gcc/startup_sam3x.o
 .debug_aranges
                0x00000df0       0x30 src/ASF/sam/utils/cmsis/sam3x/source/templates/system_sam3x.o
 .debug_aranges
                0x00000e20       0x60 src/ASF/sam/utils/syscalls/gcc/syscalls.o
 .debug_aranges
                0x00000e80       0x20 src/main.o

.debug_ranges   0x00000000      0xeb8
 .debug_ranges  0x00000000       0x10 src/ASF/common/utils/stdio/read.o
 .debug_ranges  0x00000010       0xc0 src/ASF/sam/drivers/tc/tc.o
 .debug_ranges  0x000000d0       0x30 src/ASF/thirdparty/freertos/freertos-7.3.0/source/list.o
 .debug_ranges  0x00000100       0x70 src/ASF/thirdparty/freertos/freertos-7.3.0/source/portable/gcc/sam/port.o
 .debug_ranges  0x00000170       0x30 src/ASF/thirdparty/freertos/freertos-7.3.0/source/portable/memmang/heap_4.o
 .debug_ranges  0x000001a0       0xd8 src/ASF/thirdparty/freertos/freertos-7.3.0/source/queue.o
 .debug_ranges  0x00000278      0x1d0 src/ASF/thirdparty/freertos/freertos-7.3.0/source/tasks.o
 .debug_ranges  0x00000448       0xc0 src/ASF/thirdparty/freertos/freertos-7.3.0/source/timers.o
 .debug_ranges  0x00000508       0x20 src/drivers/encoder.o
 .debug_ranges  0x00000528       0x40 src/motor_task.o
 .debug_ranges  0x00000568       0x40 src/main_task.o
 .debug_ranges  0x000005a8       0x18 src/pin_mapper.o
 .debug_ranges  0x000005c0      0x298 src/ASF/sam/drivers/usart/usart.o
 .debug_ranges  0x00000858       0x50 src/ASF/thirdparty/wireless/addons/sio2host/uart/sio2host.o
 .debug_ranges  0x000008a8       0x20 src/drivers/console_driver.o
 .debug_ranges  0x000008c8       0x28 src/drivers/delay.o
 .debug_ranges  0x000008f0       0x10 src/ASF/common/utils/stdio/write.o
 .debug_ranges  0x00000900       0x48 src/ASF/common/services/serial/usart_serial.o
 .debug_ranges  0x00000948       0xd8 src/ASF/sam/drivers/uart/uart.o
 .debug_ranges  0x00000a20       0x30 src/ASF/common/services/clock/sam3x/sysclk.o
 .debug_ranges  0x00000a50       0x18 src/ASF/common/utils/interrupt/interrupt_sam_nvic.o
 .debug_ranges  0x00000a68       0x10 src/ASF/sam/boards/arduino_due_x/init.o
 .debug_ranges  0x00000a78      0x150 src/ASF/sam/drivers/pio/pio.o
 .debug_ranges  0x00000bc8       0x60 src/ASF/sam/drivers/pio/pio_handler.o
 .debug_ranges  0x00000c28      0x1f0 src/ASF/sam/drivers/pmc/pmc.o
 .debug_ranges  0x00000e18       0x10 src/ASF/sam/utils/cmsis/sam3x/source/templates/exceptions.o
 .debug_ranges  0x00000e28       0x10 src/ASF/sam/utils/cmsis/sam3x/source/templates/gcc/startup_sam3x.o
 .debug_ranges  0x00000e38       0x20 src/ASF/sam/utils/cmsis/sam3x/source/templates/system_sam3x.o
 .debug_ranges  0x00000e58       0x50 src/ASF/sam/utils/syscalls/gcc/syscalls.o
 .debug_ranges  0x00000ea8       0x10 src/main.o

.debug_macro    0x00000000    0x1d379
 .debug_macro   0x00000000      0x550 src/ASF/common/utils/stdio/read.o
 .debug_macro   0x00000550      0x8d4 src/ASF/common/utils/stdio/read.o
 .debug_macro   0x00000e24      0x16d src/ASF/common/utils/stdio/read.o
 .debug_macro   0x00000f91      0x64b src/ASF/common/utils/stdio/read.o
 .debug_macro   0x000015dc       0x76 src/ASF/common/utils/stdio/read.o
 .debug_macro   0x00001652       0x16 src/ASF/common/utils/stdio/read.o
 .debug_macro   0x00001668      0x6e4 src/ASF/common/utils/stdio/read.o
 .debug_macro   0x00001d4c       0x22 src/ASF/common/utils/stdio/read.o
 .debug_macro   0x00001d6e       0x87 src/ASF/common/utils/stdio/read.o
 .debug_macro   0x00001df5       0x51 src/ASF/common/utils/stdio/read.o
 .debug_macro   0x00001e46       0xef src/ASF/common/utils/stdio/read.o
 .debug_macro   0x00001f35       0x6a src/ASF/common/utils/stdio/read.o
 .debug_macro   0x00001f9f      0x1df src/ASF/common/utils/stdio/read.o
 .debug_macro   0x0000217e       0x20 src/ASF/common/utils/stdio/read.o
 .debug_macro   0x0000219e       0x3a src/ASF/common/utils/stdio/read.o
 .debug_macro   0x000021d8       0x2d src/ASF/common/utils/stdio/read.o
 .debug_macro   0x00002205      0xbb1 src/ASF/common/utils/stdio/read.o
 .debug_macro   0x00002db6      0xab6 src/ASF/common/utils/stdio/read.o
 .debug_macro   0x0000386c      0x569 src/ASF/common/utils/stdio/read.o
 .debug_macro   0x00003dd5      0x2b5 src/ASF/common/utils/stdio/read.o
 .debug_macro   0x0000408a      0x31a src/ASF/common/utils/stdio/read.o
 .debug_macro   0x000043a4      0x74f src/ASF/common/utils/stdio/read.o
 .debug_macro   0x00004af3       0x82 src/ASF/common/utils/stdio/read.o
 .debug_macro   0x00004b75      0x57b src/ASF/common/utils/stdio/read.o
 .debug_macro   0x000050f0       0x1c src/ASF/common/utils/stdio/read.o
 .debug_macro   0x0000510c      0x6b7 src/ASF/common/utils/stdio/read.o
 .debug_macro   0x000057c3      0x52d src/ASF/common/utils/stdio/read.o
 .debug_macro   0x00005cf0       0xbe src/ASF/common/utils/stdio/read.o
 .debug_macro   0x00005dae     0x2342 src/ASF/common/utils/stdio/read.o
 .debug_macro   0x000080f0      0x85d src/ASF/common/utils/stdio/read.o
 .debug_macro   0x0000894d      0xdc9 src/ASF/common/utils/stdio/read.o
 .debug_macro   0x00009716       0x7c src/ASF/common/utils/stdio/read.o
 .debug_macro   0x00009792      0x263 src/ASF/common/utils/stdio/read.o
 .debug_macro   0x000099f5       0x58 src/ASF/common/utils/stdio/read.o
 .debug_macro   0x00009a4d      0x9a7 src/ASF/common/utils/stdio/read.o
 .debug_macro   0x0000a3f4      0x248 src/ASF/common/utils/stdio/read.o
 .debug_macro   0x0000a63c      0x4df src/ASF/common/utils/stdio/read.o
 .debug_macro   0x0000ab1b      0x6b3 src/ASF/common/utils/stdio/read.o
 .debug_macro   0x0000b1ce      0x59f src/ASF/common/utils/stdio/read.o
 .debug_macro   0x0000b76d       0x46 src/ASF/common/utils/stdio/read.o
 .debug_macro   0x0000b7b3      0x34d src/ASF/common/utils/stdio/read.o
 .debug_macro   0x0000bb00      0x28c src/ASF/common/utils/stdio/read.o
 .debug_macro   0x0000bd8c     0x14d7 src/ASF/common/utils/stdio/read.o
 .debug_macro   0x0000d263      0x7ba src/ASF/common/utils/stdio/read.o
 .debug_macro   0x0000da1d       0x76 src/ASF/common/utils/stdio/read.o
 .debug_macro   0x0000da93       0x82 src/ASF/common/utils/stdio/read.o
 .debug_macro   0x0000db15       0x76 src/ASF/common/utils/stdio/read.o
 .debug_macro   0x0000db8b       0x4c src/ASF/common/utils/stdio/read.o
 .debug_macro   0x0000dbd7      0x105 src/ASF/common/utils/stdio/read.o
 .debug_macro   0x0000dcdc      0x105 src/ASF/common/utils/stdio/read.o
 .debug_macro   0x0000dde1      0x105 src/ASF/common/utils/stdio/read.o
 .debug_macro   0x0000dee6       0x88 src/ASF/common/utils/stdio/read.o
 .debug_macro   0x0000df6e       0x88 src/ASF/common/utils/stdio/read.o
 .debug_macro   0x0000dff6      0x3b4 src/ASF/common/utils/stdio/read.o
 .debug_macro   0x0000e3aa       0xb8 src/ASF/common/utils/stdio/read.o
 .debug_macro   0x0000e462       0xb8 src/ASF/common/utils/stdio/read.o
 .debug_macro   0x0000e51a       0xb8 src/ASF/common/utils/stdio/read.o
 .debug_macro   0x0000e5d2       0xb8 src/ASF/common/utils/stdio/read.o
 .debug_macro   0x0000e68a      0x2b8 src/ASF/common/utils/stdio/read.o
 .debug_macro   0x0000e942      0x125 src/ASF/common/utils/stdio/read.o
 .debug_macro   0x0000ea67      0x225 src/ASF/common/utils/stdio/read.o
 .debug_macro   0x0000ec8c      0x225 src/ASF/common/utils/stdio/read.o
 .debug_macro   0x0000eeb1       0x2e src/ASF/common/utils/stdio/read.o
 .debug_macro   0x0000eedf       0xac src/ASF/common/utils/stdio/read.o
 .debug_macro   0x0000ef8b      0x14d src/ASF/common/utils/stdio/read.o
 .debug_macro   0x0000f0d8       0x7c src/ASF/common/utils/stdio/read.o
 .debug_macro   0x0000f154      0x205 src/ASF/common/utils/stdio/read.o
 .debug_macro   0x0000f359       0x64 src/ASF/common/utils/stdio/read.o
 .debug_macro   0x0000f3bd       0xa6 src/ASF/common/utils/stdio/read.o
 .debug_macro   0x0000f463       0x7c src/ASF/common/utils/stdio/read.o
 .debug_macro   0x0000f4df       0x16 src/ASF/common/utils/stdio/read.o
 .debug_macro   0x0000f4f5       0x22 src/ASF/common/utils/stdio/read.o
 .debug_macro   0x0000f517       0x22 src/ASF/common/utils/stdio/read.o
 .debug_macro   0x0000f539      0x115 src/ASF/common/utils/stdio/read.o
 .debug_macro   0x0000f64e      0x115 src/ASF/common/utils/stdio/read.o
 .debug_macro   0x0000f763      0x115 src/ASF/common/utils/stdio/read.o
 .debug_macro   0x0000f878      0x115 src/ASF/common/utils/stdio/read.o
 .debug_macro   0x0000f98d       0x1c src/ASF/common/utils/stdio/read.o
 .debug_macro   0x0000f9a9       0x2e src/ASF/common/utils/stdio/read.o
 .debug_macro   0x0000f9d7       0x22 src/ASF/common/utils/stdio/read.o
 .debug_macro   0x0000f9f9       0x1c src/ASF/common/utils/stdio/read.o
 .debug_macro   0x0000fa15       0x58 src/ASF/common/utils/stdio/read.o
 .debug_macro   0x0000fa6d       0x10 src/ASF/common/utils/stdio/read.o
 .debug_macro   0x0000fa7d      0x273 src/ASF/common/utils/stdio/read.o
 .debug_macro   0x0000fcf0      0xd43 src/ASF/common/utils/stdio/read.o
 .debug_macro   0x00010a33      0x131 src/ASF/common/utils/stdio/read.o
 .debug_macro   0x00010b64       0x58 src/ASF/common/utils/stdio/read.o
 .debug_macro   0x00010bbc       0x35 src/ASF/common/utils/stdio/read.o
 .debug_macro   0x00010bf1       0x9c src/ASF/common/utils/stdio/read.o
 .debug_macro   0x00010c8d       0x16 src/ASF/common/utils/stdio/read.o
 .debug_macro   0x00010ca3       0x35 src/ASF/common/utils/stdio/read.o