Archive member included to satisfy reference by file (symbol)

c:/program files (x86)/atmel/studio/7.0/toolchain/arm/arm-gnu-toolchain/bin/../lib/gcc/arm-none-eabi/6.3.1/../../../../arm-none-eabi/lib/thumb/v7-m\libc.a(lib_a-exit.o)
                              c:/program files (x86)/atmel/studio/7.0/toolchain/arm/arm-gnu-toolchain/bin/../lib/gcc/arm-none-eabi/6.3.1/../../../../arm-none-eabi/lib/thumb/v7-m/crt0.o (exit)
c:/program files (x86)/atmel/studio/7.0/toolchain/arm/arm-gnu-toolchain/bin/../lib/gcc/arm-none-eabi/6.3.1/../../../../arm-none-eabi/lib/thumb/v7-m\libc.a(lib_a-impure.o)
                              c:/program files (x86)/atmel/studio/7.0/toolchain/arm/arm-gnu-toolchain/bin/../lib/gcc/arm-none-eabi/6.3.1/../../../../arm-none-eabi/lib/thumb/v7-m\libc.a(lib_a-exit.o) (_global_impure_ptr)
c:/program files (x86)/atmel/studio/7.0/toolchain/arm/arm-gnu-toolchain/bin/../lib/gcc/arm-none-eabi/6.3.1/../../../../arm-none-eabi/lib/thumb/v7-m\libc.a(lib_a-init.o)
                              c:/program files (x86)/atmel/studio/7.0/toolchain/arm/arm-gnu-toolchain/bin/../lib/gcc/arm-none-eabi/6.3.1/../../../../arm-none-eabi/lib/thumb/v7-m/crt0.o (__libc_init_array)
c:/program files (x86)/atmel/studio/7.0/toolchain/arm/arm-gnu-toolchain/bin/../lib/gcc/arm-none-eabi/6.3.1/../../../../arm-none-eabi/lib/thumb/v7-m\libc.a(lib_a-iprintf.o)
                              src/config/ConsoleFunctions.o (iprintf)
c:/program files (x86)/atmel/studio/7.0/toolchain/arm/arm-gnu-toolchain/bin/../lib/gcc/arm-none-eabi/6.3.1/../../../../arm-none-eabi/lib/thumb/v7-m\libc.a(lib_a-memset.o)
                              c:/program files (x86)/atmel/studio/7.0/toolchain/arm/arm-gnu-toolchain/bin/../lib/gcc/arm-none-eabi/6.3.1/../../../../arm-none-eabi/lib/thumb/v7-m/crt0.o (memset)
c:/program files (x86)/atmel/studio/7.0/toolchain/arm/arm-gnu-toolchain/bin/../lib/gcc/arm-none-eabi/6.3.1/../../../../arm-none-eabi/lib/thumb/v7-m\libc.a(lib_a-setbuf.o)
                              src/ASF/thirdparty/wireless/addons/sio2host/uart/sio2host.o (setbuf)
c:/program files (x86)/atmel/studio/7.0/toolchain/arm/arm-gnu-toolchain/bin/../lib/gcc/arm-none-eabi/6.3.1/../../../../arm-none-eabi/lib/thumb/v7-m\libc.a(lib_a-setvbuf.o)
                              c:/program files (x86)/atmel/studio/7.0/toolchain/arm/arm-gnu-toolchain/bin/../lib/gcc/arm-none-eabi/6.3.1/../../../../arm-none-eabi/lib/thumb/v7-m\libc.a(lib_a-setbuf.o) (setvbuf)
c:/program files (x86)/atmel/studio/7.0/toolchain/arm/arm-gnu-toolchain/bin/../lib/gcc/arm-none-eabi/6.3.1/../../../../arm-none-eabi/lib/thumb/v7-m\libc.a(lib_a-vfiprintf.o)
                              c:/program files (x86)/atmel/studio/7.0/toolchain/arm/arm-gnu-toolchain/bin/../lib/gcc/arm-none-eabi/6.3.1/../../../../arm-none-eabi/lib/thumb/v7-m\libc.a(lib_a-iprintf.o) (_vfiprintf_r)
c:/program files (x86)/atmel/studio/7.0/toolchain/arm/arm-gnu-toolchain/bin/../lib/gcc/arm-none-eabi/6.3.1/../../../../arm-none-eabi/lib/thumb/v7-m\libc.a(lib_a-wsetup.o)
                              c:/program files (x86)/atmel/studio/7.0/toolchain/arm/arm-gnu-toolchain/bin/../lib/gcc/arm-none-eabi/6.3.1/../../../../arm-none-eabi/lib/thumb/v7-m\libc.a(lib_a-vfiprintf.o) (__swsetup_r)
c:/program files (x86)/atmel/studio/7.0/toolchain/arm/arm-gnu-toolchain/bin/../lib/gcc/arm-none-eabi/6.3.1/../../../../arm-none-eabi/lib/thumb/v7-m\libc.a(lib_a-__call_atexit.o)
                              c:/program files (x86)/atmel/studio/7.0/toolchain/arm/arm-gnu-toolchain/bin/../lib/gcc/arm-none-eabi/6.3.1/../../../../arm-none-eabi/lib/thumb/v7-m\libc.a(lib_a-exit.o) (__call_exitprocs)
c:/program files (x86)/atmel/studio/7.0/toolchain/arm/arm-gnu-toolchain/bin/../lib/gcc/arm-none-eabi/6.3.1/../../../../arm-none-eabi/lib/thumb/v7-m\libc.a(lib_a-atexit.o)
                              c:/program files (x86)/atmel/studio/7.0/toolchain/arm/arm-gnu-toolchain/bin/../lib/gcc/arm-none-eabi/6.3.1/../../../../arm-none-eabi/lib/thumb/v7-m\libc.a(lib_a-__call_atexit.o) (atexit)
c:/program files (x86)/atmel/studio/7.0/toolchain/arm/arm-gnu-toolchain/bin/../lib/gcc/arm-none-eabi/6.3.1/../../../../arm-none-eabi/lib/thumb/v7-m\libc.a(lib_a-fflush.o)
                              c:/program files (x86)/atmel/studio/7.0/toolchain/arm/arm-gnu-toolchain/bin/../lib/gcc/arm-none-eabi/6.3.1/../../../../arm-none-eabi/lib/thumb/v7-m\libc.a(lib_a-setvbuf.o) (_fflush_r)
c:/program files (x86)/atmel/studio/7.0/toolchain/arm/arm-gnu-toolchain/bin/../lib/gcc/arm-none-eabi/6.3.1/../../../../arm-none-eabi/lib/thumb/v7-m\libc.a(lib_a-findfp.o)
                              c:/program files (x86)/atmel/studio/7.0/toolchain/arm/arm-gnu-toolchain/bin/../lib/gcc/arm-none-eabi/6.3.1/../../../../arm-none-eabi/lib/thumb/v7-m\libc.a(lib_a-setvbuf.o) (__sinit)
c:/program files (x86)/atmel/studio/7.0/toolchain/arm/arm-gnu-toolchain/bin/../lib/gcc/arm-none-eabi/6.3.1/../../../../arm-none-eabi/lib/thumb/v7-m\libc.a(lib_a-fini.o)
[...]
Memory Configuration

Name             Origin             Length             Attributes
rom              0x00080000         0x00080000         xr
sram0            0x20000000         0x00010000         xrw
sram1            0x20080000         0x00008000         xrw
ram              0x20070000         0x00018000         xrw
*default*        0x00000000         0xffffffff

Linker script and memory map

LOAD c:/program files (x86)/atmel/studio/7.0/toolchain/arm/arm-gnu-toolchain/bin/../lib/gcc/arm-none-eabi/6.3.1/thumb/v7-m/crti.o
LOAD c:/program files (x86)/atmel/studio/7.0/toolchain/arm/arm-gnu-toolchain/bin/../lib/gcc/arm-none-eabi/6.3.1/thumb/v7-m/crtbegin.o
LOAD c:/program files (x86)/atmel/studio/7.0/toolchain/arm/arm-gnu-toolchain/bin/../lib/gcc/arm-none-eabi/6.3.1/../../../../arm-none-eabi/lib/thumb/v7-m/crt0.o
LOAD src/ASF/common/utils/stdio/read.o
LOAD src/ASF/sam/drivers/twi/twi.o
LOAD src/ASF/sam/drivers/usart/usart.o
LOAD src/ASF/thirdparty/wireless/addons/sio2host/uart/sio2host.o
LOAD src/Functions.o
LOAD src/ASF/common/utils/stdio/write.o
LOAD src/ASF/common/services/serial/usart_serial.o
LOAD src/ASF/sam/drivers/tc/tc.o
LOAD src/ASF/sam/drivers/uart/uart.o
LOAD src/config/ConsoleFunctions.o
LOAD src/ASF/common/services/clock/sam3x/sysclk.o
LOAD src/ASF/common/utils/interrupt/interrupt_sam_nvic.o
LOAD src/ASF/sam/boards/arduino_due_x/init.o
LOAD src/ASF/sam/drivers/pio/pio.o
LOAD src/ASF/sam/drivers/pio/pio_handler.o
LOAD src/ASF/sam/drivers/pmc/pmc.o
LOAD src/ASF/sam/drivers/pmc/sleep.o
LOAD src/ASF/sam/utils/cmsis/sam3x/source/templates/exceptions.o
LOAD src/ASF/sam/utils/cmsis/sam3x/source/templates/gcc/startup_sam3x.o
LOAD src/ASF/sam/utils/cmsis/sam3x/source/templates/system_sam3x.o
LOAD src/ASF/sam/utils/syscalls/gcc/syscalls.o
LOAD src/main.o
START GROUP
LOAD ../src/ASF/thirdparty/CMSIS/Lib/GCC\libarm_cortexM3l_math.a
LOAD c:/program files (x86)/atmel/studio/7.0/toolchain/arm/arm-gnu-toolchain/bin/../lib/gcc/arm-none-eabi/6.3.1/../../../../arm-none-eabi/lib/thumb/v7-m\libm.a
END GROUP
START GROUP
LOAD c:/program files (x86)/atmel/studio/7.0/toolchain/arm/arm-gnu-toolchain/bin/../lib/gcc/arm-none-eabi/6.3.1/thumb/v7-m\libgcc.a
LOAD c:/program files (x86)/atmel/studio/7.0/toolchain/arm/arm-gnu-toolchain/bin/../lib/gcc/arm-none-eabi/6.3.1/../../../../arm-none-eabi/lib/thumb/v7-m\libc.a
END GROUP
LOAD c:/program files (x86)/atmel/studio/7.0/toolchain/arm/arm-gnu-toolchain/bin/../lib/gcc/arm-none-eabi/6.3.1/thumb/v7-m/crtend.o
LOAD c:/program files (x86)/atmel/studio/7.0/toolchain/arm/arm-gnu-toolchain/bin/../lib/gcc/arm-none-eabi/6.3.1/thumb/v7-m/crtn.o
                0x00002000                __stack_size__ = DEFINED (__stack_size__)?__stack_size__:0x2000
                0x20087ffc                __ram_end__ = ((ORIGIN (ram) + LENGTH (ram)) - 0x4)

.text           0x00080000     0x3d30
                0x00080000                . = ALIGN (0x4)
                0x00080000                _sfixed = .
 *(.vectors .vectors.*)
 .vectors       0x00080000       0xf4 src/ASF/sam/utils/cmsis/sam3x/source/templates/gcc/startup_sam3x.o
                0x00080000                exception_table
 *(.text .text.* .gnu.linkonce.t.*)
 .text          0x000800f4       0x6c c:/program files (x86)/atmel/studio/7.0/toolchain/arm/arm-gnu-toolchain/bin/../lib/gcc/arm-none-eabi/6.3.1/thumb/v7-m/crtbegin.o
 .text._read    0x00080160       0x3c src/ASF/common/utils/stdio/read.o
                0x00080160                _read
 .text.usart_write
                0x0008019c       0x14 src/ASF/sam/drivers/usart/usart.o
                0x0008019c                usart_write
 .text.usart_read
                0x000801b0       0x18 src/ASF/sam/drivers/usart/usart.o
                0x000801b0                usart_read
 .text.USART0_Handler
                0x000801c8       0x60 src/ASF/thirdparty/wireless/addons/sio2host/uart/sio2host.o
                0x000801c8                USART0_Handler
 .text.Slave_init
                0x00080228       0x48 src/Functions.o
                0x00080228                Slave_init
 .text.slave_write
                0x00080270       0x20 src/Functions.o
                0x00080270                slave_write
 .text._write   0x00080290       0x50 src/ASF/common/utils/stdio/write.o
                0x00080290                _write
 .text.usart_serial_read_packet
                0x000802e0       0xc8 src/ASF/common/services/serial/usart_serial.o
                0x000802e0                usart_serial_read_packet
 .text.uart_init
                0x000803a8       0x36 src/ASF/sam/drivers/uart/uart.o
                0x000803a8                uart_init
 .text.uart_write
                0x000803de       0x10 src/ASF/sam/drivers/uart/uart.o
                0x000803de                uart_write
 .text.uart_read
                0x000803ee       0x12 src/ASF/sam/drivers/uart/uart.o
                0x000803ee                uart_read
 .text.usart_serial_getchar
                0x00080400       0xac src/config/ConsoleFunctions.o
 .text.usart_serial_putchar
                0x000804ac       0x9c src/config/ConsoleFunctions.o
 .text.configureConsole
                0x00080548       0x94 src/config/ConsoleFunctions.o
                0x00080548                configureConsole
 .text.sysclk_init
                0x000805dc       0x64 src/ASF/common/services/clock/sam3x/sysclk.o
                0x000805dc                sysclk_init
 .text.board_init
                0x00080640       0x80 src/ASF/sam/boards/arduino_due_x/init.o
                0x00080640                board_init
 .text.pio_set_peripheral
                0x000806c0       0x3e src/ASF/sam/drivers/pio/pio.o
                0x000806c0                pio_set_peripheral
 .text.pio_set_input
                0x000806fe       0x32 src/ASF/sam/drivers/pio/pio.o
                0x000806fe                pio_set_input
 .text.pio_set_output
                0x00080730       0x26 src/ASF/sam/drivers/pio/pio.o
                0x00080730                pio_set_output
 .text.pio_get_interrupt_status
                0x00080756        0x4 src/ASF/sam/drivers/pio/pio.o
                0x00080756                pio_get_interrupt_status
 .text.pio_get_interrupt_mask
                0x0008075a        0x4 src/ASF/sam/drivers/pio/pio.o
                0x0008075a                pio_get_interrupt_mask
 *fill*         0x0008075e        0x2 
 .text.pio_configure_pin
                0x00080760       0xd0 src/ASF/sam/drivers/pio/pio.o
                0x00080760                pio_configure_pin
 .text.pio_configure_pin_group
                0x00080830       0x9c src/ASF/sam/drivers/pio/pio.o
                0x00080830                pio_configure_pin_group
 .text.pio_handler_process
                0x000808cc       0x50 src/ASF/sam/drivers/pio/pio_handler.o
                0x000808cc                pio_handler_process
 .text.PIOA_Handler
                0x0008091c       0x14 src/ASF/sam/drivers/pio/pio_handler.o
                0x0008091c                PIOA_Handler
 .text.PIOB_Handler
                0x00080930       0x14 src/ASF/sam/drivers/pio/pio_handler.o
                0x00080930                PIOB_Handler
 .text.PIOC_Handler
                0x00080944       0x14 src/ASF/sam/drivers/pio/pio_handler.o
                0x00080944                PIOC_Handler
 .text.PIOD_Handler
                0x00080958       0x14 src/ASF/sam/drivers/pio/pio_handler.o
                0x00080958                PIOD_Handler
 .text.pmc_switch_mck_to_pllack
                0x0008096c       0x64 src/ASF/sam/drivers/pmc/pmc.o
                0x0008096c                pmc_switch_mck_to_pllack
 .text.pmc_switch_mainck_to_xtal
                0x000809d0       0x54 src/ASF/sam/drivers/pmc/pmc.o
                0x000809d0                pmc_switch_mainck_to_xtal
 .text.pmc_osc_is_ready_mainck
                0x00080a24       0x10 src/ASF/sam/drivers/pmc/pmc.o
                0x00080a24                pmc_osc_is_ready_mainck
 .text.pmc_disable_pllack
                0x00080a34       0x10 src/ASF/sam/drivers/pmc/pmc.o
                0x00080a34                pmc_disable_pllack
 .text.pmc_is_locked_pllack
                0x00080a44       0x10 src/ASF/sam/drivers/pmc/pmc.o
                0x00080a44                pmc_is_locked_pllack
 .text.pmc_enable_periph_clk
                0x00080a54       0x54 src/ASF/sam/drivers/pmc/pmc.o
                0x00080a54                pmc_enable_periph_clk
 .text.Dummy_Handler
                0x00080aa8        0x2 src/ASF/sam/utils/cmsis/sam3x/source/templates/exceptions.o
                0x00080aa8                DACC_Handler
                0x00080aa8                DebugMon_Handler
                0x00080aa8                DMAC_Handler
                0x00080aa8                TRNG_Handler
                0x00080aa8                HardFault_Handler
                0x00080aa8                TC2_Handler
                0x00080aa8                SysTick_Handler
                0x00080aa8                USART3_Handler
                0x00080aa8                TWI1_Handler
                0x00080aa8                PendSV_Handler
                0x00080aa8                NMI_Handler
                0x00080aa8                TC7_Handler
                0x00080aa8                ADC_Handler
                0x00080aa8                SMC_Handler
                0x00080aa8                RTT_Handler
                0x00080aa8                EFC1_Handler
                0x00080aa8                RTC_Handler
                0x00080aa8                UsageFault_Handler
                0x00080aa8                TC6_Handler
                0x00080aa8                WDT_Handler
                0x00080aa8                CAN0_Handler
                0x00080aa8                TC4_Handler
                0x00080aa8                TC1_Handler
                0x00080aa8                HSMCI_Handler
                0x00080aa8                TC3_Handler
                0x00080aa8                Dummy_Handler
                0x00080aa8                TWI0_Handler
                0x00080aa8                USART1_Handler
                0x00080aa8                SSC_Handler
                0x00080aa8                EFC0_Handler
                0x00080aa8                PMC_Handler
                0x00080aa8                PWM_Handler
                0x00080aa8                CAN1_Handler
                0x00080aa8                MemManage_Handler
                0x00080aa8                SUPC_Handler
                0x00080aa8                SVC_Handler
                0x00080aa8                TC8_Handler
                0x00080aa8                USART2_Handler
                0x00080aa8                EMAC_Handler
                0x00080aa8                UART_Handler
                0x00080aa8                BusFault_Handler
                0x00080aa8                RSTC_Handler
                0x00080aa8                TC0_Handler
                0x00080aa8                TC5_Handler
                0x00080aa8                UOTGHS_Handler
                0x00080aa8                SPI0_Handler
 *fill*         0x00080aaa        0x2 
 .text.Reset_Handler
                0x00080aac       0x98 src/ASF/sam/utils/cmsis/sam3x/source/templates/gcc/startup_sam3x.o
                0x00080aac                Reset_Handler
 .text.SystemCoreClockUpdate
                0x00080b44      0x118 src/ASF/sam/utils/cmsis/sam3x/source/templates/system_sam3x.o
                0x00080b44                SystemCoreClockUpdate
 .text._sbrk    0x00080c5c       0x38 src/ASF/sam/utils/syscalls/gcc/syscalls.o
                0x00080c5c                _sbrk
 .text._close   0x00080c94        0x6 src/ASF/sam/utils/syscalls/gcc/syscalls.o
                0x00080c94                _close
 .text._fstat   0x00080c9a        0xa src/ASF/sam/utils/syscalls/gcc/syscalls.o
                0x00080c9a                _fstat
 .text._isatty  0x00080ca4        0x4 src/ASF/sam/utils/syscalls/gcc/syscalls.o
                0x00080ca4                _isatty
 .text._lseek   0x00080ca8        0x4 src/ASF/sam/utils/syscalls/gcc/syscalls.o
                0x00080ca8                _lseek
 .text.main     0x00080cac       0x48 src/main.o
                0x00080cac                main
 .text.__libc_init_array
                0x00080cf4       0x50 c:/program files (x86)/atmel/studio/7.0/toolchain/arm/arm-gnu-toolchain/bin/../lib/gcc/arm-none-eabi/6.3.1/../../../../arm-none-eabi/lib/thumb/v7-m\libc.a(lib_a-init.o)
                0x00080cf4                __libc_init_array
 .text.iprintf  0x00080d44       0x28 c:/program files (x86)/atmel/studio/7.0/toolchain/arm/arm-gnu-toolchain/bin/../lib/gcc/arm-none-eabi/6.3.1/../../../../arm-none-eabi/lib/thumb/v7-m\libc.a(lib_a-iprintf.o)
                0x00080d44                iprintf
 .text.memset   0x00080d6c       0x9c c:/program files (x86)/atmel/studio/7.0/toolchain/arm/arm-gnu-toolchain/bin/../lib/gcc/arm-none-eabi/6.3.1/../../../../arm-none-eabi/lib/thumb/v7-m\libc.a(lib_a-memset.o)
                0x00080d6c                memset
 .text.setbuf   0x00080e08       0x10 c:/program files (x86)/atmel/studio/7.0/toolchain/arm/arm-gnu-toolchain/bin/../lib/gcc/arm-none-eabi/6.3.1/../../../../arm-none-eabi/lib/thumb/v7-m\libc.a(lib_a-setbuf.o)
                0x00080e08                setbuf
 .text.setvbuf  0x00080e18      0x190 c:/program files (x86)/atmel/studio/7.0/toolchain/arm/arm-gnu-toolchain/bin/../lib/gcc/arm-none-eabi/6.3.1/../../../../arm-none-eabi/lib/thumb/v7-m\libc.a(lib_a-setvbuf.o)
                0x00080e18                setvbuf
 .text.__sprint_r.part.0
                0x00080fa8       0x80 c:/program files (x86)/atmel/studio/7.0/toolchain/arm/arm-gnu-toolchain/bin/../lib/gcc/arm-none-eabi/6.3.1/../../../../arm-none-eabi/lib/thumb/v7-m\libc.a(lib_a-vfiprintf.o)
 .text._vfiprintf_r
                0x00081028      0xc88 c:/program files (x86)/atmel/studio/7.0/toolchain/arm/arm-gnu-toolchain/bin/../lib/gcc/arm-none-eabi/6.3.1/../../../../arm-none-eabi/lib/thumb/v7-m\libc.a(lib_a-vfiprintf.o)
                0x00081028                _vfiprintf_r
 .text.__sbprintf
                0x00081cb0       0x88 c:/program files (x86)/atmel/studio/7.0/toolchain/arm/arm-gnu-toolchain/bin/../lib/gcc/arm-none-eabi/6.3.1/../../../../arm-none-eabi/lib/thumb/v7-m\libc.a(lib_a-vfiprintf.o)
 .text.__swsetup_r
                0x00081d38       0xc8 c:/program files (x86)/atmel/studio/7.0/toolchain/arm/arm-gnu-toolchain/bin/../lib/gcc/arm-none-eabi/6.3.1/../../../../arm-none-eabi/lib/thumb/v7-m\libc.a(lib_a-wsetup.o)
                0x00081d38                __swsetup_r
 .text.startup.register_fini
                0x00081e00       0x14 c:/program files (x86)/atmel/studio/7.0/toolchain/arm/arm-gnu-toolchain/bin/../lib/gcc/arm-none-eabi/6.3.1/../../../../arm-none-eabi/lib/thumb/v7-m\libc.a(lib_a-__call_atexit.o)
 .text.atexit   0x00081e14        0xc c:/program files (x86)/atmel/studio/7.0/toolchain/arm/arm-gnu-toolchain/bin/../lib/gcc/arm-none-eabi/6.3.1/../../../../arm-none-eabi/lib/thumb/v7-m\libc.a(lib_a-atexit.o)
                0x00081e14                atexit
 .text.__sflush_r
                0x00081e20      0x138 c:/program files (x86)/atmel/studio/7.0/toolchain/arm/arm-gnu-toolchain/bin/../lib/gcc/arm-none-eabi/6.3.1/../../../../arm-none-eabi/lib/thumb/v7-m\libc.a(lib_a-fflush.o)
                0x00081e20                __sflush_r
 .text._fflush_r
                0x00081f58       0x54 c:/program files (x86)/atmel/studio/7.0/toolchain/arm/arm-gnu-toolchain/bin/../lib/gcc/arm-none-eabi/6.3.1/../../../../arm-none-eabi/lib/thumb/v7-m\libc.a(lib_a-fflush.o)
                0x00081f58                _fflush_r
 .text._cleanup_r
                0x00081fac        0xc c:/program files (x86)/atmel/studio/7.0/toolchain/arm/arm-gnu-toolchain/bin/../lib/gcc/arm-none-eabi/6.3.1/../../../../arm-none-eabi/lib/thumb/v7-m\libc.a(lib_a-findfp.o)
                0x00081fac                _cleanup_r
 .text.std.isra.0
                0x00081fb8       0x50 c:/program files (x86)/atmel/studio/7.0/toolchain/arm/arm-gnu-toolchain/bin/../lib/gcc/arm-none-eabi/6.3.1/../../../../arm-none-eabi/lib/thumb/v7-m\libc.a(lib_a-findfp.o)
 .text.__sinit  0x00082008       0x60 c:/program files (x86)/atmel/studio/7.0/toolchain/arm/arm-gnu-toolchain/bin/../lib/gcc/arm-none-eabi/6.3.1/../../../../arm-none-eabi/lib/thumb/v7-m\libc.a(lib_a-findfp.o)
                0x00082008                __sinit
 .text.__sfp_lock_acquire
                0x00082068        0xc c:/program files (x86)/atmel/studio/7.0/toolchain/arm/arm-gnu-toolchain/bin/../lib/gcc/arm-none-eabi/6.3.1/../../../../arm-none-eabi/lib/thumb/v7-m\libc.a(lib_a-findfp.o)
                0x00082068                __sfp_lock_acquire
 .text.__sfp_lock_release
                0x00082074        0xc c:/program files (x86)/atmel/studio/7.0/toolchain/arm/arm-gnu-toolchain/bin/../lib/gcc/arm-none-eabi/6.3.1/../../../../arm-none-eabi/lib/thumb/v7-m\libc.a(lib_a-findfp.o)
                0x00082074                __sfp_lock_release
 .text.__libc_fini_array
                0x00082080       0x34 c:/program files (x86)/atmel/studio/7.0/toolchain/arm/arm-gnu-toolchain/bin/../lib/gcc/arm-none-eabi/6.3.1/../../../../arm-none-eabi/lib/thumb/v7-m\libc.a(lib_a-fini.o)
                0x00082080                __libc_fini_array
 .text.__fputwc
                0x000820b4       0x98 c:/program files (x86)/atmel/studio/7.0/toolchain/arm/arm-gnu-toolchain/bin/../lib/gcc/arm-none-eabi/6.3.1/../../../../arm-none-eabi/lib/thumb/v7-m\libc.a(lib_a-fputwc.o)
                0x000820b4                __fputwc
 .text._fputwc_r
                0x0008214c       0x68 c:/program files (x86)/atmel/studio/7.0/toolchain/arm/arm-gnu-toolchain/bin/../lib/gcc/arm-none-eabi/6.3.1/../../../../arm-none-eabi/lib/thumb/v7-m\libc.a(lib_a-fputwc.o)
                0x0008214c                _fputwc_r
 .text._malloc_trim_r
                0x000821b4       0xa0 c:/program files (x86)/atmel/studio/7.0/toolchain/arm/arm-gnu-toolchain/bin/../lib/gcc/arm-none-eabi/6.3.1/../../../../arm-none-eabi/lib/thumb/v7-m\libc.a(lib_a-freer.o)
                0x000821b4                _malloc_trim_r
 .text._free_r  0x00082254      0x1cc c:/program files (x86)/atmel/studio/7.0/toolchain/arm/arm-gnu-toolchain/bin/../lib/gcc/arm-none-eabi/6.3.1/../../../../arm-none-eabi/lib/thumb/v7-m\libc.a(lib_a-freer.o)
                0x00082254                _free_r
 .text.__sfvwrite_r
                0x00082420      0x2f4 c:/program files (x86)/atmel/studio/7.0/toolchain/arm/arm-gnu-toolchain/bin/../lib/gcc/arm-none-eabi/6.3.1/../../../../arm-none-eabi/lib/thumb/v7-m\libc.a(lib_a-fvwrite.o)
                0x00082420                __sfvwrite_r
 .text._fwalk_reent
                0x00082714       0x50 c:/program files (x86)/atmel/studio/7.0/toolchain/arm/arm-gnu-toolchain/bin/../lib/gcc/arm-none-eabi/6.3.1/../../../../arm-none-eabi/lib/thumb/v7-m\libc.a(lib_a-fwalk.o)
                0x00082714                _fwalk_reent
 .text.__locale_mb_cur_max
                0x00082764       0x1c c:/program files (x86)/atmel/studio/7.0/toolchain/arm/arm-gnu-toolchain/bin/../lib/gcc/arm-none-eabi/6.3.1/../../../../arm-none-eabi/lib/thumb/v7-m\libc.a(lib_a-locale.o)
                0x00082764                __locale_mb_cur_max
 .text.__retarget_lock_init_recursive
                0x00082780        0x4 c:/program files (x86)/atmel/studio/7.0/toolchain/arm/arm-gnu-toolchain/bin/../lib/gcc/arm-none-eabi/6.3.1/../../../../arm-none-eabi/lib/thumb/v7-m\libc.a(lib_a-lock.o)
                0x00082780                __retarget_lock_init_recursive
 .text.__retarget_lock_close_recursive
                0x00082784        0x4 c:/program files (x86)/atmel/studio/7.0/toolchain/arm/arm-gnu-toolchain/bin/../lib/gcc/arm-none-eabi/6.3.1/../../../../arm-none-eabi/lib/thumb/v7-m\libc.a(lib_a-lock.o)
                0x00082784                __retarget_lock_close_recursive
 .text.__retarget_lock_acquire_recursive
                0x00082788        0x4 c:/program files (x86)/atmel/studio/7.0/toolchain/arm/arm-gnu-toolchain/bin/../lib/gcc/arm-none-eabi/6.3.1/../../../../arm-none-eabi/lib/thumb/v7-m\libc.a(lib_a-lock.o)
                0x00082788                __retarget_lock_acquire_recursive
 .text.__retarget_lock_release_recursive
                0x0008278c        0x4 c:/program files (x86)/atmel/studio/7.0/toolchain/arm/arm-gnu-toolchain/bin/../lib/gcc/arm-none-eabi/6.3.1/../../../../arm-none-eabi/lib/thumb/v7-m\libc.a(lib_a-lock.o)
                0x0008278c                __retarget_lock_release_recursive
 .text.__swhatbuf_r
                0x00082790       0x5c c:/program files (x86)/atmel/studio/7.0/toolchain/arm/arm-gnu-toolchain/bin/../lib/gcc/arm-none-eabi/6.3.1/../../../../arm-none-eabi/lib/thumb/v7-m\libc.a(lib_a-makebuf.o)
                0x00082790                __swhatbuf_r
 .text.__smakebuf_r
                0x000827ec       0x94 c:/program files (x86)/atmel/studio/7.0/toolchain/arm/arm-gnu-toolchain/bin/../lib/gcc/arm-none-eabi/6.3.1/../../../../arm-none-eabi/lib/thumb/v7-m\libc.a(lib_a-makebuf.o)
                0x000827ec                __smakebuf_r
 .text.malloc   0x00082880       0x10 c:/program files (x86)/atmel/studio/7.0/toolchain/arm/arm-gnu-toolchain/bin/../lib/gcc/arm-none-eabi/6.3.1/../../../../arm-none-eabi/lib/thumb/v7-m\libc.a(lib_a-malloc.o)
                0x00082880                malloc
 .text._malloc_r
                0x00082890      0x544 c:/program files (x86)/atmel/studio/7.0/toolchain/arm/arm-gnu-toolchain/bin/../lib/gcc/arm-none-eabi/6.3.1/../../../../arm-none-eabi/lib/thumb/v7-m\libc.a(lib_a-mallocr.o)
                0x00082890                _malloc_r
 .text.__ascii_mbtowc
                0x00082dd4       0x2c c:/program files (x86)/atmel/studio/7.0/toolchain/arm/arm-gnu-toolchain/bin/../lib/gcc/arm-none-eabi/6.3.1/../../../../arm-none-eabi/lib/thumb/v7-m\libc.a(lib_a-mbtowc_r.o)
                0x00082dd4                __ascii_mbtowc
 .text.memchr   0x00082e00       0x8c c:/program files (x86)/atmel/studio/7.0/toolchain/arm/arm-gnu-toolchain/bin/../lib/gcc/arm-none-eabi/6.3.1/../../../../arm-none-eabi/lib/thumb/v7-m\libc.a(lib_a-memchr-stub.o)
                0x00082e00                memchr
 .text          0x00082e8c       0xec c:/program files (x86)/atmel/studio/7.0/toolchain/arm/arm-gnu-toolchain/bin/../lib/gcc/arm-none-eabi/6.3.1/../../../../arm-none-eabi/lib/thumb/v7-m\libc.a(lib_a-memcpy.o)
                0x00082e8c                memcpy
 .text.memmove  0x00082f78       0xc8 c:/program files (x86)/atmel/studio/7.0/toolchain/arm/arm-gnu-toolchain/bin/../lib/gcc/arm-none-eabi/6.3.1/../../../../arm-none-eabi/lib/thumb/v7-m\libc.a(lib_a-memmove.o)
                0x00082f78                memmove
 .text.__malloc_lock
                0x00083040        0xc c:/program files (x86)/atmel/studio/7.0/toolchain/arm/arm-gnu-toolchain/bin/../lib/gcc/arm-none-eabi/6.3.1/../../../../arm-none-eabi/lib/thumb/v7-m\libc.a(lib_a-mlock.o)
                0x00083040                __malloc_lock
 .text.__malloc_unlock
                0x0008304c        0xc c:/program files (x86)/atmel/studio/7.0/toolchain/arm/arm-gnu-toolchain/bin/../lib/gcc/arm-none-eabi/6.3.1/../../../../arm-none-eabi/lib/thumb/v7-m\libc.a(lib_a-mlock.o)
                0x0008304c                __malloc_unlock
 .text._realloc_r
                0x00083058      0x36c c:/program files (x86)/atmel/studio/7.0/toolchain/arm/arm-gnu-toolchain/bin/../lib/gcc/arm-none-eabi/6.3.1/../../../../arm-none-eabi/lib/thumb/v7-m\libc.a(lib_a-reallocr.o)
                0x00083058                _realloc_r
 .text._sbrk_r  0x000833c4       0x24 c:/program files (x86)/atmel/studio/7.0/toolchain/arm/arm-gnu-toolchain/bin/../lib/gcc/arm-none-eabi/6.3.1/../../../../arm-none-eabi/lib/thumb/v7-m\libc.a(lib_a-sbrkr.o)
                0x000833c4                _sbrk_r
 .text.__sread  0x000833e8       0x24 c:/program files (x86)/atmel/studio/7.0/toolchain/arm/arm-gnu-toolchain/bin/../lib/gcc/arm-none-eabi/6.3.1/../../../../arm-none-eabi/lib/thumb/v7-m\libc.a(lib_a-stdio.o)
                0x000833e8                __sread
 .text.__swrite
                0x0008340c       0x3c c:/program files (x86)/atmel/studio/7.0/toolchain/arm/arm-gnu-toolchain/bin/../lib/gcc/arm-none-eabi/6.3.1/../../../../arm-none-eabi/lib/thumb/v7-m\libc.a(lib_a-stdio.o)
                0x0008340c                __swrite
 .text.__sseek  0x00083448       0x20 c:/program files (x86)/atmel/studio/7.0/toolchain/arm/arm-gnu-toolchain/bin/../lib/gcc/arm-none-eabi/6.3.1/../../../../arm-none-eabi/lib/thumb/v7-m\libc.a(lib_a-stdio.o)
                0x00083448                __sseek
 .text.__sclose
                0x00083468        0x8 c:/program files (x86)/atmel/studio/7.0/toolchain/arm/arm-gnu-toolchain/bin/../lib/gcc/arm-none-eabi/6.3.1/../../../../arm-none-eabi/lib/thumb/v7-m\libc.a(lib_a-stdio.o)
                0x00083468                __sclose
 .text.strlen   0x00083470       0x5c c:/program files (x86)/atmel/studio/7.0/toolchain/arm/arm-gnu-toolchain/bin/../lib/gcc/arm-none-eabi/6.3.1/../../../../arm-none-eabi/lib/thumb/v7-m\libc.a(lib_a-strlen-stub.o)
                0x00083470                strlen
 .text.__swbuf_r
                0x000834cc       0xb0 c:/program files (x86)/atmel/studio/7.0/toolchain/arm/arm-gnu-toolchain/bin/../lib/gcc/arm-none-eabi/6.3.1/../../../../arm-none-eabi/lib/thumb/v7-m\libc.a(lib_a-wbuf.o)
                0x000834cc                __swbuf_r
 .text._wcrtomb_r
                0x0008357c       0x54 c:/program files (x86)/atmel/studio/7.0/toolchain/arm/arm-gnu-toolchain/bin/../lib/gcc/arm-none-eabi/6.3.1/../../../../arm-none-eabi/lib/thumb/v7-m\libc.a(lib_a-wcrtomb.o)
                0x0008357c                _wcrtomb_r
 .text.__ascii_wctomb
                0x000835d0       0x18 c:/program files (x86)/atmel/studio/7.0/toolchain/arm/arm-gnu-toolchain/bin/../lib/gcc/arm-none-eabi/6.3.1/../../../../arm-none-eabi/lib/thumb/v7-m\libc.a(lib_a-wctomb_r.o)
                0x000835d0                __ascii_wctomb
 .text._write_r
                0x000835e8       0x2c c:/program files (x86)/atmel/studio/7.0/toolchain/arm/arm-gnu-toolchain/bin/../lib/gcc/arm-none-eabi/6.3.1/../../../../arm-none-eabi/lib/thumb/v7-m\libc.a(lib_a-writer.o)
                0x000835e8                _write_r
 .text.__register_exitproc
                0x00083614       0xc4 c:/program files (x86)/atmel/studio/7.0/toolchain/arm/arm-gnu-toolchain/bin/../lib/gcc/arm-none-eabi/6.3.1/../../../../arm-none-eabi/lib/thumb/v7-m\libc.a(lib_a-__atexit.o)
                0x00083614                __register_exitproc
 .text._close_r
                0x000836d8       0x24 c:/program files (x86)/atmel/studio/7.0/toolchain/arm/arm-gnu-toolchain/bin/../lib/gcc/arm-none-eabi/6.3.1/../../../../arm-none-eabi/lib/thumb/v7-m\libc.a(lib_a-closer.o)
                0x000836d8                _close_r
 .text._fclose_r
                0x000836fc       0xc4 c:/program files (x86)/atmel/studio/7.0/toolchain/arm/arm-gnu-toolchain/bin/../lib/gcc/arm-none-eabi/6.3.1/../../../../arm-none-eabi/lib/thumb/v7-m\libc.a(lib_a-fclose.o)
                0x000836fc                _fclose_r
 .text._fstat_r
                0x000837c0       0x28 c:/program files (x86)/atmel/studio/7.0/toolchain/arm/arm-gnu-toolchain/bin/../lib/gcc/arm-none-eabi/6.3.1/../../../../arm-none-eabi/lib/thumb/v7-m\libc.a(lib_a-fstatr.o)
                0x000837c0                _fstat_r
 .text._isatty_r
                0x000837e8       0x24 c:/program files (x86)/atmel/studio/7.0/toolchain/arm/arm-gnu-toolchain/bin/../lib/gcc/arm-none-eabi/6.3.1/../../../../arm-none-eabi/lib/thumb/v7-m\libc.a(lib_a-isattyr.o)
                0x000837e8                _isatty_r
 .text._lseek_r
                0x0008380c       0x2c c:/program files (x86)/atmel/studio/7.0/toolchain/arm/arm-gnu-toolchain/bin/../lib/gcc/arm-none-eabi/6.3.1/../../../../arm-none-eabi/lib/thumb/v7-m\libc.a(lib_a-lseekr.o)
                0x0008380c                _lseek_r
 .text._read_r  0x00083838       0x2c c:/program files (x86)/atmel/studio/7.0/toolchain/arm/arm-gnu-toolchain/bin/../lib/gcc/arm-none-eabi/6.3.1/../../../../arm-none-eabi/lib/thumb/v7-m\libc.a(lib_a-readr.o)
                0x00083838                _read_r
 .text          0x00083864       0x30 c:/program files (x86)/atmel/studio/7.0/toolchain/arm/arm-gnu-toolchain/bin/../lib/gcc/arm-none-eabi/6.3.1/thumb/v7-m\libgcc.a(_aeabi_uldivmod.o)
                0x00083864                __aeabi_uldivmod
 .text          0x00083894      0x2dc c:/program files (x86)/atmel/studio/7.0/toolchain/arm/arm-gnu-toolchain/bin/../lib/gcc/arm-none-eabi/6.3.1/thumb/v7-m\libgcc.a(_udivmoddi4.o)
                0x00083894                __udivmoddi4
 .text          0x00083b70        0x4 c:/program files (x86)/atmel/studio/7.0/toolchain/arm/arm-gnu-toolchain/bin/../lib/gcc/arm-none-eabi/6.3.1/thumb/v7-m\libgcc.a(_dvmd_tls.o)
                0x00083b70                __aeabi_idiv0
                0x00083b70                __aeabi_ldiv0
 *(.glue_7t)
 .glue_7t       0x00083b74        0x0 linker stubs
 *(.glue_7)
 .glue_7        0x00083b74        0x0 linker stubs
 *(.rodata .rodata* .gnu.linkonce.r.*)
 .rodata.configureConsole.str1.4
                0x00083b74       0x1f src/config/ConsoleFunctions.o
 *fill*         0x00083b93        0x1 
 .rodata.main.str1.4
                0x00083b94        0xe src/main.o
 *fill*         0x00083ba2        0x2 
 .rodata._global_impure_ptr
                0x00083ba4        0x4 c:/program files (x86)/atmel/studio/7.0/toolchain/arm/arm-gnu-toolchain/bin/../lib/gcc/arm-none-eabi/6.3.1/../../../../arm-none-eabi/lib/thumb/v7-m\libc.a(lib_a-impure.o)
                0x00083ba4                _global_impure_ptr
 .rodata._vfiprintf_r.str1.4
                0x00083ba8       0x2f c:/program files (x86)/atmel/studio/7.0/toolchain/arm/arm-gnu-toolchain/bin/../lib/gcc/arm-none-eabi/6.3.1/../../../../arm-none-eabi/lib/thumb/v7-m\libc.a(lib_a-vfiprintf.o)
 *fill*         0x00083bd7        0x1 
 .rodata.blanks.7217
                0x00083bd8       0x10 c:/program files (x86)/atmel/studio/7.0/toolchain/arm/arm-gnu-toolchain/bin/../lib/gcc/arm-none-eabi/6.3.1/../../../../arm-none-eabi/lib/thumb/v7-m\libc.a(lib_a-vfiprintf.o)
 .rodata.zeroes.7218
                0x00083be8       0x10 c:/program files (x86)/atmel/studio/7.0/toolchain/arm/arm-gnu-toolchain/bin/../lib/gcc/arm-none-eabi/6.3.1/../../../../arm-none-eabi/lib/thumb/v7-m\libc.a(lib_a-vfiprintf.o)
 .rodata._setlocale_r.str1.4
                0x00083bf8        0xa c:/program files (x86)/atmel/studio/7.0/toolchain/arm/arm-gnu-toolchain/bin/../lib/gcc/arm-none-eabi/6.3.1/../../../../arm-none-eabi/lib/thumb/v7-m\libc.a(lib_a-locale.o)
                                  0xd (size before relaxing)
 *fill*         0x00083c02        0x2 
 .rodata.str1.4
                0x00083c04        0x4 c:/program files (x86)/atmel/studio/7.0/toolchain/arm/arm-gnu-toolchain/bin/../lib/gcc/arm-none-eabi/6.3.1/../../../../arm-none-eabi/lib/thumb/v7-m\libc.a(lib_a-locale.o)
                                  0x2 (size before relaxing)
 .rodata._ctype_
                0x00083c08      0x101 c:/program files (x86)/atmel/studio/7.0/toolchain/arm/arm-gnu-toolchain/bin/../lib/gcc/arm-none-eabi/6.3.1/../../../../arm-none-eabi/lib/thumb/v7-m\libc.a(lib_a-ctype_.o)
                0x00083c08                _ctype_
 *(.ARM.extab* .gnu.linkonce.armextab.*)
                0x00083d0c                . = ALIGN (0x4)
 *fill*         0x00083d09        0x3 
 *(.init)
 .init          0x00083d0c        0x4 c:/program files (x86)/atmel/studio/7.0/toolchain/arm/arm-gnu-toolchain/bin/../lib/gcc/arm-none-eabi/6.3.1/thumb/v7-m/crti.o
                0x00083d0c                _init
 .init          0x00083d10        0x8 c:/program files (x86)/atmel/studio/7.0/toolchain/arm/arm-gnu-toolchain/bin/../lib/gcc/arm-none-eabi/6.3.1/thumb/v7-m/crtn.o
                0x00083d18                . = ALIGN (0x4)
                0x00083d18                __preinit_array_start = .
 *(.preinit_array)
                0x00083d18                __preinit_array_end = .
                0x00083d18                . = ALIGN (0x4)
                0x00083d18                __init_array_start = .
 *(SORT(.init_array.*))
 .init_array.00000
                0x00083d18        0x4 c:/program files (x86)/atmel/studio/7.0/toolchain/arm/arm-gnu-toolchain/bin/../lib/gcc/arm-none-eabi/6.3.1/../../../../arm-none-eabi/lib/thumb/v7-m\libc.a(lib_a-__call_atexit.o)
 *(.init_array)
 .init_array    0x00083d1c        0x4 c:/program files (x86)/atmel/studio/7.0/toolchain/arm/arm-gnu-toolchain/bin/../lib/gcc/arm-none-eabi/6.3.1/thumb/v7-m/crtbegin.o
                0x00083d20                __init_array_end = .
                0x00083d20                . = ALIGN (0x4)
 *crtbegin.o(.ctors)
 *(EXCLUDE_FILE(*crtend.o) .ctors)
 *(SORT(.ctors.*))
 *crtend.o(.ctors)
                0x00083d20                . = ALIGN (0x4)
 *(.fini)
 .fini          0x00083d20        0x4 c:/program files (x86)/atmel/studio/7.0/toolchain/arm/arm-gnu-toolchain/bin/../lib/gcc/arm-none-eabi/6.3.1/thumb/v7-m/crti.o
                0x00083d20                _fini
 .fini          0x00083d24        0x8 c:/program files (x86)/atmel/studio/7.0/toolchain/arm/arm-gnu-toolchain/bin/../lib/gcc/arm-none-eabi/6.3.1/thumb/v7-m/crtn.o
                0x00083d2c                . = ALIGN (0x4)
                0x00083d2c                __fini_array_start = .
 *(.fini_array)
 .fini_array    0x00083d2c        0x4 c:/program files (x86)/atmel/studio/7.0/toolchain/arm/arm-gnu-toolchain/bin/../lib/gcc/arm-none-eabi/6.3.1/thumb/v7-m/crtbegin.o
 *(SORT(.fini_array.*))
                0x00083d30                __fini_array_end = .
 *crtbegin.o(.dtors)
 *(EXCLUDE_FILE(*crtend.o) .dtors)
 *(SORT(.dtors.*))
 *crtend.o(.dtors)
                0x00083d30                . = ALIGN (0x4)
                0x00083d30                _efixed = .
                [!provide]                PROVIDE (__exidx_start, .)

.vfp11_veneer   0x00083d30        0x0
 .vfp11_veneer  0x00083d30        0x0 linker stubs

.v4_bx          0x00083d30        0x0
 .v4_bx         0x00083d30        0x0 linker stubs

.iplt           0x00083d30        0x0
 .iplt          0x00083d30        0x0 c:/program files (x86)/atmel/studio/7.0/toolchain/arm/arm-gnu-toolchain/bin/../lib/gcc/arm-none-eabi/6.3.1/thumb/v7-m/crtbegin.o

.ARM.exidx      0x00083d30        0x8
 *(.ARM.exidx* .gnu.linkonce.armexidx.*)
 .ARM.exidx     0x00083d30        0x8 c:/program files (x86)/atmel/studio/7.0/toolchain/arm/arm-gnu-toolchain/bin/../lib/gcc/arm-none-eabi/6.3.1/thumb/v7-m\libgcc.a(_udivmoddi4.o)
                [!provide]                PROVIDE (__exidx_end, .)

.eh_frame       0x00083d38        0x0
 .eh_frame      0x00083d38        0x0 c:/program files (x86)/atmel/studio/7.0/toolchain/arm/arm-gnu-toolchain/bin/../lib/gcc/arm-none-eabi/6.3.1/thumb/v7-m/crtbegin.o

.rel.dyn        0x00083d38        0x0
 .rel.iplt      0x00083d38        0x0 c:/program files (x86)/atmel/studio/7.0/toolchain/arm/arm-gnu-toolchain/bin/../lib/gcc/arm-none-eabi/6.3.1/thumb/v7-m/crtbegin.o

.jcr            0x00083d38        0x0
 .jcr           0x00083d38        0x0 c:/program files (x86)/atmel/studio/7.0/toolchain/arm/arm-gnu-toolchain/bin/../lib/gcc/arm-none-eabi/6.3.1/thumb/v7-m/crtbegin.o

.igot.plt       0x00083d38        0x0
 .igot.plt      0x00083d38        0x0 c:/program files (x86)/atmel/studio/7.0/toolchain/arm/arm-gnu-toolchain/bin/../lib/gcc/arm-none-eabi/6.3.1/thumb/v7-m/crtbegin.o
                0x00083d38                . = ALIGN (0x4)
                0x00083d38                _etext = .

.relocate       0x20070000      0xae0 load address 0x00083d38
                0x20070000                . = ALIGN (0x4)
                0x20070000                _srelocate = .
 *(.ramfunc .ramfunc.*)
 .ramfunc       0x20070000      0x12c src/ASF/sam/utils/cmsis/sam3x/source/templates/system_sam3x.o
                0x20070000                SystemInit
                0x200700a4                system_init_flash
 *(.data .data.*)
 .data.g_interrupt_enabled
                0x2007012c        0x1 src/ASF/common/utils/interrupt/interrupt_sam_nvic.o
                0x2007012c                g_interrupt_enabled
 *fill*         0x2007012d        0x3 
 .data.SystemCoreClock
                0x20070130        0x4 src/ASF/sam/utils/cmsis/sam3x/source/templates/system_sam3x.o
                0x20070130                SystemCoreClock
 .data._impure_ptr
                0x20070134        0x4 c:/program files (x86)/atmel/studio/7.0/toolchain/arm/arm-gnu-toolchain/bin/../lib/gcc/arm-none-eabi/6.3.1/../../../../arm-none-eabi/lib/thumb/v7-m\libc.a(lib_a-impure.o)
                0x20070134                _impure_ptr
 .data.impure_data
                0x20070138      0x428 c:/program files (x86)/atmel/studio/7.0/toolchain/arm/arm-gnu-toolchain/bin/../lib/gcc/arm-none-eabi/6.3.1/../../../../arm-none-eabi/lib/thumb/v7-m\libc.a(lib_a-impure.o)
 .data.__atexit_recursive_mutex
                0x20070560        0x4 c:/program files (x86)/atmel/studio/7.0/toolchain/arm/arm-gnu-toolchain/bin/../lib/gcc/arm-none-eabi/6.3.1/../../../../arm-none-eabi/lib/thumb/v7-m\libc.a(lib_a-__call_atexit.o)
                0x20070560                __atexit_recursive_mutex
 .data.__global_locale
                0x20070564      0x16c c:/program files (x86)/atmel/studio/7.0/toolchain/arm/arm-gnu-toolchain/bin/../lib/gcc/arm-none-eabi/6.3.1/../../../../arm-none-eabi/lib/thumb/v7-m\libc.a(lib_a-locale.o)
                0x20070564                __global_locale
 .data.__malloc_av_
                0x200706d0      0x408 c:/program files (x86)/atmel/studio/7.0/toolchain/arm/arm-gnu-toolchain/bin/../lib/gcc/arm-none-eabi/6.3.1/../../../../arm-none-eabi/lib/thumb/v7-m\libc.a(lib_a-mallocr.o)
                0x200706d0                __malloc_av_
 .data.__malloc_sbrk_base
                0x20070ad8        0x4 c:/program files (x86)/atmel/studio/7.0/toolchain/arm/arm-gnu-toolchain/bin/../lib/gcc/arm-none-eabi/6.3.1/../../../../arm-none-eabi/lib/thumb/v7-m\libc.a(lib_a-mallocr.o)
                0x20070ad8                __malloc_sbrk_base
 .data.__malloc_trim_threshold
                0x20070adc        0x4 c:/program files (x86)/atmel/studio/7.0/toolchain/arm/arm-gnu-toolchain/bin/../lib/gcc/arm-none-eabi/6.3.1/../../../../arm-none-eabi/lib/thumb/v7-m\libc.a(lib_a-mallocr.o)
                0x20070adc                __malloc_trim_threshold
                0x20070ae0                . = ALIGN (0x4)
                0x20070ae0                _erelocate = .

.bss            0x20070ae0      0x198 load address 0x00084818
                0x20070ae0                . = ALIGN (0x4)
                0x20070ae0                _sbss = .
                0x20070ae0                _szero = .
 *(.bss .bss.*)
 .bss           0x20070ae0       0x1c c:/program files (x86)/atmel/studio/7.0/toolchain/arm/arm-gnu-toolchain/bin/../lib/gcc/arm-none-eabi/6.3.1/thumb/v7-m/crtbegin.o
 .bss.serial_rx_buf
                0x20070afc       0x9c src/ASF/thirdparty/wireless/addons/sio2host/uart/sio2host.o
 .bss.serial_rx_buf_tail
                0x20070b98        0x1 src/ASF/thirdparty/wireless/addons/sio2host/uart/sio2host.o
 *fill*         0x20070b99        0x3 
 .bss.gs_interrupt_sources
                0x20070b9c       0x70 src/ASF/sam/drivers/pio/pio_handler.o
 .bss.heap.5297
                0x20070c0c        0x4 src/ASF/sam/utils/syscalls/gcc/syscalls.o
 .bss.__malloc_current_mallinfo
                0x20070c10       0x28 c:/program files (x86)/atmel/studio/7.0/toolchain/arm/arm-gnu-toolchain/bin/../lib/gcc/arm-none-eabi/6.3.1/../../../../arm-none-eabi/lib/thumb/v7-m\libc.a(lib_a-mallocr.o)
                0x20070c10                __malloc_current_mallinfo
 .bss.__malloc_max_sbrked_mem
                0x20070c38        0x4 c:/program files (x86)/atmel/studio/7.0/toolchain/arm/arm-gnu-toolchain/bin/../lib/gcc/arm-none-eabi/6.3.1/../../../../arm-none-eabi/lib/thumb/v7-m\libc.a(lib_a-mallocr.o)
                0x20070c38                __malloc_max_sbrked_mem
 .bss.__malloc_max_total_mem
                0x20070c3c        0x4 c:/program files (x86)/atmel/studio/7.0/toolchain/arm/arm-gnu-toolchain/bin/../lib/gcc/arm-none-eabi/6.3.1/../../../../arm-none-eabi/lib/thumb/v7-m\libc.a(lib_a-mallocr.o)
                0x20070c3c                __malloc_max_total_mem
 .bss.__malloc_top_pad
                0x20070c40        0x4 c:/program files (x86)/atmel/studio/7.0/toolchain/arm/arm-gnu-toolchain/bin/../lib/gcc/arm-none-eabi/6.3.1/../../../../arm-none-eabi/lib/thumb/v7-m\libc.a(lib_a-mallocr.o)
                0x20070c40                __malloc_top_pad
 *(COMMON)
 COMMON         0x20070c44        0x4 src/ASF/common/utils/stdio/read.o
                0x20070c44                ptr_get
 COMMON         0x20070c48        0x8 src/ASF/common/utils/stdio/write.o
                0x20070c48                ptr_put
                0x20070c4c                stdio_base
 COMMON         0x20070c50       0x21 c:/program files (x86)/atmel/studio/7.0/toolchain/arm/arm-gnu-toolchain/bin/../lib/gcc/arm-none-eabi/6.3.1/../../../../arm-none-eabi/lib/thumb/v7-m\libc.a(lib_a-lock.o)
                0x20070c50                __lock___atexit_recursive_mutex
                0x20070c54                __lock___arc4random_mutex
                0x20070c58                __lock___env_recursive_mutex
                0x20070c5c                __lock___sinit_recursive_mutex
                0x20070c60                __lock___malloc_recursive_mutex
                0x20070c64                __lock___at_quick_exit_mutex
                0x20070c68                __lock___dd_hash_mutex
                0x20070c6c                __lock___tz_mutex
                0x20070c70                __lock___sfp_recursive_mutex
 *fill*         0x20070c71        0x3 
 COMMON         0x20070c74        0x4 c:/program files (x86)/atmel/studio/7.0/toolchain/arm/arm-gnu-toolchain/bin/../lib/gcc/arm-none-eabi/6.3.1/../../../../arm-none-eabi/lib/thumb/v7-m\libc.a(lib_a-reent.o)
                0x20070c74                errno
                0x20070c78                . = ALIGN (0x4)
                0x20070c78                _ebss = .
                0x20070c78                _ezero = .

.stack          0x20070c78     0x2000 load address 0x000849b0
                0x20070c78                . = ALIGN (0x8)
                0x20070c78                _sstack = .
                0x20072c78                . = (. + __stack_size__)
 *fill*         0x20070c78     0x2000 
                0x20072c78                . = ALIGN (0x8)
                0x20072c78                _estack = .
                0x20072c78                . = ALIGN (0x4)
                0x20072c78                _end = .
OUTPUT(SlaveDue.elf elf32-littlearm)

.ARM.attributes
                0x00000000       0x29
 .ARM.attributes
                0x00000000       0x1d c:/program files (x86)/atmel/studio/7.0/toolchain/arm/arm-gnu-toolchain/bin/../lib/gcc/arm-none-eabi/6.3.1/thumb/v7-m/crti.o
 .ARM.attributes
                0x0000001d       0x2d c:/program files (x86)/atmel/studio/7.0/toolchain/arm/arm-gnu-toolchain/bin/../lib/gcc/arm-none-eabi/6.3.1/thumb/v7-m/crtbegin.o
 .ARM.attributes
                0x0000004a       0x33 src/ASF/common/utils/stdio/read.o
 .ARM.attributes
                0x0000007d       0x33 src/ASF/sam/drivers/usart/usart.o
 .ARM.attributes
                0x000000b0       0x33 src/ASF/thirdparty/wireless/addons/sio2host/uart/sio2host.o
 .ARM.attributes
                0x000000e3       0x33 src/Functions.o
 .ARM.attributes
                0x00000116       0x33 src/ASF/common/utils/stdio/write.o
 .ARM.attributes
                0x00000149       0x33 src/ASF/common/services/serial/usart_serial.o
 .ARM.attributes
                0x0000017c       0x33 src/ASF/sam/drivers/uart/uart.o
 .ARM.attributes
                0x000001af       0x33 src/config/ConsoleFunctions.o
 .ARM.attributes
                0x000001e2       0x33 src/ASF/common/services/clock/sam3x/sysclk.o
 .ARM.attributes
                0x00000215       0x33 src/ASF/common/utils/interrupt/interrupt_sam_nvic.o
 .ARM.attributes
                0x00000248       0x33 src/ASF/sam/boards/arduino_due_x/init.o
 .ARM.attributes
                0x0000027b       0x33 src/ASF/sam/drivers/pio/pio.o
 .ARM.attributes
                0x000002ae       0x33 src/ASF/sam/drivers/pio/pio_handler.o
 .ARM.attributes
                0x000002e1       0x33 src/ASF/sam/drivers/pmc/pmc.o
 .ARM.attributes
                0x00000314       0x33 src/ASF/sam/utils/cmsis/sam3x/source/templates/exceptions.o
 .ARM.attributes
                0x00000347       0x33 src/ASF/sam/utils/cmsis/sam3x/source/templates/gcc/startup_sam3x.o
 .ARM.attributes
                0x0000037a       0x33 src/ASF/sam/utils/cmsis/sam3x/source/templates/system_sam3x.o
 .ARM.attributes
                0x000003ad       0x33 src/ASF/sam/utils/syscalls/gcc/syscalls.o
 .ARM.attributes
                0x000003e0       0x33 src/main.o
 .ARM.attributes
                0x00000413       0x2d c:/program files (x86)/atmel/studio/7.0/toolchain/arm/arm-gnu-toolchain/bin/../lib/gcc/arm-none-eabi/6.3.1/../../../../arm-none-eabi/lib/thumb/v7-m\libc.a(lib_a-impure.o)
 .ARM.attributes
                0x00000440       0x2d c:/program files (x86)/atmel/studio/7.0/toolchain/arm/arm-gnu-toolchain/bin/../lib/gcc/arm-none-eabi/6.3.1/../../../../arm-none-eabi/lib/thumb/v7-m\libc.a(lib_a-init.o)
 .ARM.attributes
                0x0000046d       0x2d c:/program files (x86)/atmel/studio/7.0/toolchain/arm/arm-gnu-toolchain/bin/../lib/gcc/arm-none-eabi/6.3.1/../../../../arm-none-eabi/lib/thumb/v7-m\libc.a(lib_a-iprintf.o)
 .ARM.attributes
                0x0000049a       0x2d c:/program files (x86)/atmel/studio/7.0/toolchain/arm/arm-gnu-toolchain/bin/../lib/gcc/arm-none-eabi/6.3.1/../../../../arm-none-eabi/lib/thumb/v7-m\libc.a(lib_a-memset.o)
 .ARM.attributes
                0x000004c7       0x2d c:/program files (x86)/atmel/studio/7.0/toolchain/arm/arm-gnu-toolchain/bin/../lib/gcc/arm-none-eabi/6.3.1/../../../../arm-none-eabi/lib/thumb/v7-m\libc.a(lib_a-setbuf.o)
 .ARM.attributes
                0x000004f4       0x2d c:/program files (x86)/atmel/studio/7.0/toolchain/arm/arm-gnu-toolchain/bin/../lib/gcc/arm-none-eabi/6.3.1/../../../../arm-none-eabi/lib/thumb/v7-m\libc.a(lib_a-setvbuf.o)
 .ARM.attributes
                0x00000521       0x2d c:/program files (x86)/atmel/studio/7.0/toolchain/arm/arm-gnu-toolchain/bin/../lib/gcc/arm-none-eabi/6.3.1/../../../../arm-none-eabi/lib/thumb/v7-m\libc.a(lib_a-vfiprintf.o)
 .ARM.attributes
                0x0000054e       0x2d c:/program files (x86)/atmel/studio/7.0/toolchain/arm/arm-gnu-toolchain/bin/../lib/gcc/arm-none-eabi/6.3.1/../../../../arm-none-eabi/lib/thumb/v7-m\libc.a(lib_a-wsetup.o)
 .ARM.attributes
                0x0000057b       0x2d c:/program files (x86)/atmel/studio/7.0/toolchain/arm/arm-gnu-toolchain/bin/../lib/gcc/arm-none-eabi/6.3.1/../../../../arm-none-eabi/lib/thumb/v7-m\libc.a(lib_a-__call_atexit.o)
 .ARM.attributes
                0x000005a8       0x2d c:/program files (x86)/atmel/studio/7.0/toolchain/arm/arm-gnu-toolchain/bin/../lib/gcc/arm-none-eabi/6.3.1/../../../../arm-none-eabi/lib/thumb/v7-m\libc.a(lib_a-atexit.o)
 .ARM.attributes
                0x000005d5       0x2d c:/program files (x86)/atmel/studio/7.0/toolchain/arm/arm-gnu-toolchain/bin/../lib/gcc/arm-none-eabi/6.3.1/../../../../arm-none-eabi/lib/thumb/v7-m\libc.a(lib_a-fflush.o)
 .ARM.attributes
                0x00000602       0x2d c:/program files (x86)/atmel/studio/7.0/toolchain/arm/arm-gnu-toolchain/bin/../lib/gcc/arm-none-eabi/6.3.1/../../../../arm-none-eabi/lib/thumb/v7-m\libc.a(lib_a-findfp.o)
 .ARM.attributes
                0x0000062f       0x2d c:/program files (x86)/atmel/studio/7.0/toolchain/arm/arm-gnu-toolchain/bin/../lib/gcc/arm-none-eabi/6.3.1/../../../../arm-none-eabi/lib/thumb/v7-m\libc.a(lib_a-fini.o)
 .ARM.attributes
                0x0000065c       0x2d c:/program files (x86)/atmel/studio/7.0/toolchain/arm/arm-gnu-toolchain/bin/../lib/gcc/arm-none-eabi/6.3.1/../../../../arm-none-eabi/lib/thumb/v7-m\libc.a(lib_a-fputwc.o)
 .ARM.attributes
                0x00000689       0x2d c:/program files (x86)/atmel/studio/7.0/toolchain/arm/arm-gnu-toolchain/bin/../lib/gcc/arm-none-eabi/6.3.1/../../../../arm-none-eabi/lib/thumb/v7-m\libc.a(lib_a-freer.o)
 .ARM.attributes
                0x000006b6       0x2d c:/program files (x86)/atmel/studio/7.0/toolchain/arm/arm-gnu-toolchain/bin/../lib/gcc/arm-none-eabi/6.3.1/../../../../arm-none-eabi/lib/thumb/v7-m\libc.a(lib_a-fvwrite.o)
 .ARM.attributes
                0x000006e3       0x2d c:/program files (x86)/atmel/studio/7.0/toolchain/arm/arm-gnu-toolchain/bin/../lib/gcc/arm-none-eabi/6.3.1/../../../../arm-none-eabi/lib/thumb/v7-m\libc.a(lib_a-fwalk.o)
 .ARM.attributes
                0x00000710       0x2d c:/program files (x86)/atmel/studio/7.0/toolchain/arm/arm-gnu-toolchain/bin/../lib/gcc/arm-none-eabi/6.3.1/../../../../arm-none-eabi/lib/thumb/v7-m\libc.a(lib_a-locale.o)
 .ARM.attributes
                0x0000073d       0x2d c:/program files (x86)/atmel/studio/7.0/toolchain/arm/arm-gnu-toolchain/bin/../lib/gcc/arm-none-eabi/6.3.1/../../../../arm-none-eabi/lib/thumb/v7-m\libc.a(lib_a-lock.o)
 .ARM.attributes
                0x0000076a       0x2d c:/program files (x86)/atmel/studio/7.0/toolchain/arm/arm-gnu-toolchain/bin/../lib/gcc/arm-none-eabi/6.3.1/../../../../arm-none-eabi/lib/thumb/v7-m\libc.a(lib_a-makebuf.o)
 .ARM.attributes
                0x00000797       0x2d c:/program files (x86)/atmel/studio/7.0/toolchain/arm/arm-gnu-toolchain/bin/../lib/gcc/arm-none-eabi/6.3.1/../../../../arm-none-eabi/lib/thumb/v7-m\libc.a(lib_a-malloc.o)
 .ARM.attributes
                0x000007c4       0x2d c:/program files (x86)/atmel/studio/7.0/toolchain/arm/arm-gnu-toolchain/bin/../lib/gcc/arm-none-eabi/6.3.1/../../../../arm-none-eabi/lib/thumb/v7-m\libc.a(lib_a-mallocr.o)
 .ARM.attributes
                0x000007f1       0x2d c:/program files (x86)/atmel/studio/7.0/toolchain/arm/arm-gnu-toolchain/bin/../lib/gcc/arm-none-eabi/6.3.1/../../../../arm-none-eabi/lib/thumb/v7-m\libc.a(lib_a-mbtowc_r.o)
 .ARM.attributes
                0x0000081e       0x2d c:/program files (x86)/atmel/studio/7.0/toolchain/arm/arm-gnu-toolchain/bin/../lib/gcc/arm-none-eabi/6.3.1/../../../../arm-none-eabi/lib/thumb/v7-m\libc.a(lib_a-memchr-stub.o)
 .ARM.attributes
                0x0000084b       0x1b c:/program files (x86)/atmel/studio/7.0/toolchain/arm/arm-gnu-toolchain/bin/../lib/gcc/arm-none-eabi/6.3.1/../../../../arm-none-eabi/lib/thumb/v7-m\libc.a(lib_a-memcpy.o)
 .ARM.attributes
                0x00000866       0x2d c:/program files (x86)/atmel/studio/7.0/toolchain/arm/arm-gnu-toolchain/bin/../lib/gcc/arm-none-eabi/6.3.1/../../../../arm-none-eabi/lib/thumb/v7-m\libc.a(lib_a-memmove.o)
 .ARM.attributes
                0x00000893       0x2d c:/program files (x86)/atmel/studio/7.0/toolchain/arm/arm-gnu-toolchain/bin/../lib/gcc/arm-none-eabi/6.3.1/../../../../arm-none-eabi/lib/thumb/v7-m\libc.a(lib_a-mlock.o)
 .ARM.attributes
                0x000008c0       0x2d c:/program files (x86)/atmel/studio/7.0/toolchain/arm/arm-gnu-toolchain/bin/../lib/gcc/arm-none-eabi/6.3.1/../../../../arm-none-eabi/lib/thumb/v7-m\libc.a(lib_a-reallocr.o)
 .ARM.attributes
                0x000008ed       0x2d c:/program files (x86)/atmel/studio/7.0/toolchain/arm/arm-gnu-toolchain/bin/../lib/gcc/arm-none-eabi/6.3.1/../../../../arm-none-eabi/lib/thumb/v7-m\libc.a(lib_a-sbrkr.o)
 .ARM.attributes
                0x0000091a       0x2d c:/program files (x86)/atmel/studio/7.0/toolchain/arm/arm-gnu-toolchain/bin/../lib/gcc/arm-none-eabi/6.3.1/../../../../arm-none-eabi/lib/thumb/v7-m\libc.a(lib_a-stdio.o)
 .ARM.attributes
                0x00000947       0x2d c:/program files (x86)/atmel/studio/7.0/toolchain/arm/arm-gnu-toolchain/bin/../lib/gcc/arm-none-eabi/6.3.1/../../../../arm-none-eabi/lib/thumb/v7-m\libc.a(lib_a-strlen-stub.o)
 .ARM.attributes
                0x00000974       0x2d c:/program files (x86)/atmel/studio/7.0/toolchain/arm/arm-gnu-toolchain/bin/../lib/gcc/arm-none-eabi/6.3.1/../../../../arm-none-eabi/lib/thumb/v7-m\libc.a(lib_a-wbuf.o)
 .ARM.attributes
                0x000009a1       0x2d c:/program files (x86)/atmel/studio/7.0/toolchain/arm/arm-gnu-toolchain/bin/../lib/gcc/arm-none-eabi/6.3.1/../../../../arm-none-eabi/lib/thumb/v7-m\libc.a(lib_a-wcrtomb.o)
 .ARM.attributes
                0x000009ce       0x2d c:/program files (x86)/atmel/studio/7.0/toolchain/arm/arm-gnu-toolchain/bin/../lib/gcc/arm-none-eabi/6.3.1/../../../../arm-none-eabi/lib/thumb/v7-m\libc.a(lib_a-wctomb_r.o)
 .ARM.attributes
                0x000009fb       0x2d c:/program files (x86)/atmel/studio/7.0/toolchain/arm/arm-gnu-toolchain/bin/../lib/gcc/arm-none-eabi/6.3.1/../../../../arm-none-eabi/lib/thumb/v7-m\libc.a(lib_a-writer.o)
 .ARM.attributes
                0x00000a28       0x2d c:/program files (x86)/atmel/studio/7.0/toolchain/arm/arm-gnu-toolchain/bin/../lib/gcc/arm-none-eabi/6.3.1/../../../../arm-none-eabi/lib/thumb/v7-m\libc.a(lib_a-__atexit.o)
 .ARM.attributes
                0x00000a55       0x2d c:/program files (x86)/atmel/studio/7.0/toolchain/arm/arm-gnu-toolchain/bin/../lib/gcc/arm-none-eabi/6.3.1/../../../../arm-none-eabi/lib/thumb/v7-m\libc.a(lib_a-closer.o)
 .ARM.attributes
                0x00000a82       0x2d c:/program files (x86)/atmel/studio/7.0/toolchain/arm/arm-gnu-toolchain/bin/../lib/gcc/arm-none-eabi/6.3.1/../../../../arm-none-eabi/lib/thumb/v7-m\libc.a(lib_a-ctype_.o)
 .ARM.attributes
                0x00000aaf       0x2d c:/program files (x86)/atmel/studio/7.0/toolchain/arm/arm-gnu-toolchain/bin/../lib/gcc/arm-none-eabi/6.3.1/../../../../arm-none-eabi/lib/thumb/v7-m\libc.a(lib_a-fclose.o)
 .ARM.attributes
                0x00000adc       0x2d c:/program files (x86)/atmel/studio/7.0/toolchain/arm/arm-gnu-toolchain/bin/../lib/gcc/arm-none-eabi/6.3.1/../../../../arm-none-eabi/lib/thumb/v7-m\libc.a(lib_a-fstatr.o)
 .ARM.attributes
                0x00000b09       0x2d c:/program files (x86)/atmel/studio/7.0/toolchain/arm/arm-gnu-toolchain/bin/../lib/gcc/arm-none-eabi/6.3.1/../../../../arm-none-eabi/lib/thumb/v7-m\libc.a(lib_a-isattyr.o)
 .ARM.attributes
                0x00000b36       0x2d c:/program files (x86)/atmel/studio/7.0/toolchain/arm/arm-gnu-toolchain/bin/../lib/gcc/arm-none-eabi/6.3.1/../../../../arm-none-eabi/lib/thumb/v7-m\libc.a(lib_a-lseekr.o)
 .ARM.attributes
                0x00000b63       0x2d c:/program files (x86)/atmel/studio/7.0/toolchain/arm/arm-gnu-toolchain/bin/../lib/gcc/arm-none-eabi/6.3.1/../../../../arm-none-eabi/lib/thumb/v7-m\libc.a(lib_a-readr.o)
 .ARM.attributes
                0x00000b90       0x2d c:/program files (x86)/atmel/studio/7.0/toolchain/arm/arm-gnu-toolchain/bin/../lib/gcc/arm-none-eabi/6.3.1/../../../../arm-none-eabi/lib/thumb/v7-m\libc.a(lib_a-reent.o)
 .ARM.attributes
                0x00000bbd       0x1d c:/program files (x86)/atmel/studio/7.0/toolchain/arm/arm-gnu-toolchain/bin/../lib/gcc/arm-none-eabi/6.3.1/thumb/v7-m\libgcc.a(_aeabi_uldivmod.o)
 .ARM.attributes
                0x00000bda       0x2d c:/program files (x86)/atmel/studio/7.0/toolchain/arm/arm-gnu-toolchain/bin/../lib/gcc/arm-none-eabi/6.3.1/thumb/v7-m\libgcc.a(_udivmoddi4.o)
 .ARM.attributes
                0x00000c07       0x1d c:/program files (x86)/atmel/studio/7.0/toolchain/arm/arm-gnu-toolchain/bin/../lib/gcc/arm-none-eabi/6.3.1/thumb/v7-m\libgcc.a(_dvmd_tls.o)
 .ARM.attributes
                0x00000c24       0x1d c:/program files (x86)/atmel/studio/7.0/toolchain/arm/arm-gnu-toolchain/bin/../lib/gcc/arm-none-eabi/6.3.1/thumb/v7-m/crtn.o

.comment        0x00000000       0x59
 .comment       0x00000000       0x59 src/ASF/common/utils/stdio/read.o
                                 0x5a (size before relaxing)
 .comment       0x00000059       0x5a src/ASF/sam/drivers/usart/usart.o
 .comment       0x00000059       0x5a src/ASF/thirdparty/wireless/addons/sio2host/uart/sio2host.o
 .comment       0x00000059       0x5a src/Functions.o
 .comment       0x00000059       0x5a src/ASF/common/utils/stdio/write.o
 .comment       0x00000059       0x5a src/ASF/common/services/serial/usart_serial.o
 .comment       0x00000059       0x5a src/ASF/sam/drivers/uart/uart.o
 .comment       0x00000059       0x5a src/config/ConsoleFunctions.o
 .comment       0x00000059       0x5a src/ASF/common/services/clock/sam3x/sysclk.o
 .comment       0x00000059       0x5a src/ASF/common/utils/interrupt/interrupt_sam_nvic.o
 .comment       0x00000059       0x5a src/ASF/sam/boards/arduino_due_x/init.o
 .comment       0x00000059       0x5a src/ASF/sam/drivers/pio/pio.o
 .comment       0x00000059       0x5a src/ASF/sam/drivers/pio/pio_handler.o
 .comment       0x00000059       0x5a src/ASF/sam/drivers/pmc/pmc.o
 .comment       0x00000059       0x5a src/ASF/sam/utils/cmsis/sam3x/source/templates/exceptions.o
 .comment       0x00000059       0x5a src/ASF/sam/utils/cmsis/sam3x/source/templates/gcc/startup_sam3x.o
 .comment       0x00000059       0x5a src/ASF/sam/utils/cmsis/sam3x/source/templates/system_sam3x.o
 .comment       0x00000059       0x5a src/ASF/sam/utils/syscalls/gcc/syscalls.o
 .comment       0x00000059       0x5a src/main.o

.debug_info     0x00000000    0x15458
 .debug_info    0x00000000      0xac9 src/ASF/common/utils/stdio/read.o
 .debug_info    0x00000ac9     0x24e6 src/ASF/sam/drivers/usart/usart.o
 .debug_info    0x00002faf     0x19a3 src/ASF/thirdparty/wireless/addons/sio2host/uart/sio2host.o
 .debug_info    0x00004952     0x104f src/Functions.o
 .debug_info    0x000059a1      0xac6 src/ASF/common/utils/stdio/write.o
 .debug_info    0x00006467     0x113c src/ASF/common/services/serial/usart_serial.o
 .debug_info    0x000075a3     0x119e src/ASF/sam/drivers/uart/uart.o
 .debug_info    0x00008741     0x13a7 src/config/ConsoleFunctions.o
 .debug_info    0x00009ae8     0x11ad src/ASF/common/services/clock/sam3x/sysclk.o
 .debug_info    0x0000ac95      0xb01 src/ASF/common/utils/interrupt/interrupt_sam_nvic.o
 .debug_info    0x0000b796     0x108a src/ASF/sam/boards/arduino_due_x/init.o
 .debug_info    0x0000c820     0x1c61 src/ASF/sam/drivers/pio/pio.o
 .debug_info    0x0000e481     0x17be src/ASF/sam/drivers/pio/pio_handler.o
 .debug_info    0x0000fc3f     0x19df src/ASF/sam/drivers/pmc/pmc.o
 .debug_info    0x0001161e      0xa39 src/ASF/sam/utils/cmsis/sam3x/source/templates/exceptions.o
 .debug_info    0x00012057      0xd1b src/ASF/sam/utils/cmsis/sam3x/source/templates/gcc/startup_sam3x.o
 .debug_info    0x00012d72      0xdc2 src/ASF/sam/utils/cmsis/sam3x/source/templates/system_sam3x.o
 .debug_info    0x00013b34      0xdb0 src/ASF/sam/utils/syscalls/gcc/syscalls.o
 .debug_info    0x000148e4      0xb74 src/main.o

.debug_abbrev   0x00000000     0x31f5
 .debug_abbrev  0x00000000      0x1fe src/ASF/common/utils/stdio/read.o
 .debug_abbrev  0x000001fe      0x406 src/ASF/sam/drivers/usart/usart.o
 .debug_abbrev  0x00000604      0x3ea src/ASF/thirdparty/wireless/addons/sio2host/uart/sio2host.o
 .debug_abbrev  0x000009ee      0x217 src/Functions.o
 .debug_abbrev  0x00000c05      0x1e9 src/ASF/common/utils/stdio/write.o
 .debug_abbrev  0x00000dee      0x2b1 src/ASF/common/services/serial/usart_serial.o
 .debug_abbrev  0x0000109f      0x288 src/ASF/sam/drivers/uart/uart.o
 .debug_abbrev  0x00001327      0x337 src/config/ConsoleFunctions.o
 .debug_abbrev  0x0000165e      0x330 src/ASF/common/services/clock/sam3x/sysclk.o
 .debug_abbrev  0x0000198e      0x212 src/ASF/common/utils/interrupt/interrupt_sam_nvic.o
 .debug_abbrev  0x00001ba0      0x262 src/ASF/sam/boards/arduino_due_x/init.o
 .debug_abbrev  0x00001e02      0x3c7 src/ASF/sam/drivers/pio/pio.o
 .debug_abbrev  0x000021c9      0x329 src/ASF/sam/drivers/pio/pio_handler.o
 .debug_abbrev  0x000024f2      0x306 src/ASF/sam/drivers/pmc/pmc.o
 .debug_abbrev  0x000027f8      0x1a4 src/ASF/sam/utils/cmsis/sam3x/source/templates/exceptions.o
 .debug_abbrev  0x0000299c      0x1f2 src/ASF/sam/utils/cmsis/sam3x/source/templates/gcc/startup_sam3x.o
 .debug_abbrev  0x00002b8e      0x1f4 src/ASF/sam/utils/cmsis/sam3x/source/templates/system_sam3x.o
 .debug_abbrev  0x00002d82      0x264 src/ASF/sam/utils/syscalls/gcc/syscalls.o
 .debug_abbrev  0x00002fe6      0x20f src/main.o

.debug_loc      0x00000000     0x3f49
 .debug_loc     0x00000000       0xb3 src/ASF/common/utils/stdio/read.o
 .debug_loc     0x000000b3     0x1062 src/ASF/sam/drivers/usart/usart.o
 .debug_loc     0x00001115      0x5b0 src/ASF/thirdparty/wireless/addons/sio2host/uart/sio2host.o
 .debug_loc     0x000016c5       0x62 src/Functions.o
 .debug_loc     0x00001727      0x12b src/ASF/common/utils/stdio/write.o
 .debug_loc     0x00001852      0x2a7 src/ASF/common/services/serial/usart_serial.o
 .debug_loc     0x00001af9      0x241 src/ASF/sam/drivers/uart/uart.o
 .debug_loc     0x00001d3a      0x34a src/config/ConsoleFunctions.o
 .debug_loc     0x00002084      0x183 src/ASF/common/services/clock/sam3x/sysclk.o
 .debug_loc     0x00002207       0x70 src/ASF/sam/boards/arduino_due_x/init.o
 .debug_loc     0x00002277      0xacc src/ASF/sam/drivers/pio/pio.o
 .debug_loc     0x00002d43      0x569 src/ASF/sam/drivers/pio/pio_handler.o
 .debug_loc     0x000032ac      0xaeb src/ASF/sam/drivers/pmc/pmc.o
 .debug_loc     0x00003d97       0x6b src/ASF/sam/utils/cmsis/sam3x/source/templates/gcc/startup_sam3x.o
 .debug_loc     0x00003e02       0xfd src/ASF/sam/utils/syscalls/gcc/syscalls.o
 .debug_loc     0x00003eff       0x4a src/main.o

.debug_aranges  0x00000000      0x9c8
 .debug_aranges
                0x00000000       0x20 src/ASF/common/utils/stdio/read.o
 .debug_aranges
                0x00000020      0x2a8 src/ASF/sam/drivers/usart/usart.o
 .debug_aranges
                0x000002c8       0x60 src/ASF/thirdparty/wireless/addons/sio2host/uart/sio2host.o
 .debug_aranges
                0x00000328       0x28 src/Functions.o
 .debug_aranges
                0x00000350       0x20 src/ASF/common/utils/stdio/write.o
 .debug_aranges
                0x00000370       0x28 src/ASF/common/services/serial/usart_serial.o
 .debug_aranges
                0x00000398       0xe8 src/ASF/sam/drivers/uart/uart.o
 .debug_aranges
                0x00000480       0x30 src/config/ConsoleFunctions.o
 .debug_aranges
                0x000004b0       0x40 src/ASF/common/services/clock/sam3x/sysclk.o
 .debug_aranges
                0x000004f0       0x28 src/ASF/common/utils/interrupt/interrupt_sam_nvic.o
 .debug_aranges
                0x00000518       0x20 src/ASF/sam/boards/arduino_due_x/init.o
 .debug_aranges
                0x00000538      0x148 src/ASF/sam/drivers/pio/pio.o
 .debug_aranges
                0x00000680       0x58 src/ASF/sam/drivers/pio/pio_handler.o
 .debug_aranges
                0x000006d8      0x200 src/ASF/sam/drivers/pmc/pmc.o
 .debug_aranges
                0x000008d8       0x20 src/ASF/sam/utils/cmsis/sam3x/source/templates/exceptions.o
 .debug_aranges
                0x000008f8       0x20 src/ASF/sam/utils/cmsis/sam3x/source/templates/gcc/startup_sam3x.o
 .debug_aranges
                0x00000918       0x30 src/ASF/sam/utils/cmsis/sam3x/source/templates/system_sam3x.o
 .debug_aranges
                0x00000948       0x60 src/ASF/sam/utils/syscalls/gcc/syscalls.o
 .debug_aranges
                0x000009a8       0x20 src/main.o

.debug_ranges   0x00000000      0x8f8
 .debug_ranges  0x00000000       0x10 src/ASF/common/utils/stdio/read.o
 .debug_ranges  0x00000010      0x298 src/ASF/sam/drivers/usart/usart.o
 .debug_ranges  0x000002a8       0x50 src/ASF/thirdparty/wireless/addons/sio2host/uart/sio2host.o
 .debug_ranges  0x000002f8       0x18 src/Functions.o
 .debug_ranges  0x00000310       0x10 src/ASF/common/utils/stdio/write.o
 .debug_ranges  0x00000320       0x48 src/ASF/common/services/serial/usart_serial.o
 .debug_ranges  0x00000368       0xd8 src/ASF/sam/drivers/uart/uart.o
 .debug_ranges  0x00000440       0x20 src/config/ConsoleFunctions.o
 .debug_ranges  0x00000460       0x30 src/ASF/common/services/clock/sam3x/sysclk.o
 .debug_ranges  0x00000490       0x18 src/ASF/common/utils/interrupt/interrupt_sam_nvic.o
 .debug_ranges  0x000004a8       0x10 src/ASF/sam/boards/arduino_due_x/init.o
 .debug_ranges  0x000004b8      0x150 src/ASF/sam/drivers/pio/pio.o
 .debug_ranges  0x00000608       0x60 src/ASF/sam/drivers/pio/pio_handler.o
 .debug_ranges  0x00000668      0x1f0 src/ASF/sam/drivers/pmc/pmc.o
 .debug_ranges  0x00000858       0x10 src/ASF/sam/utils/cmsis/sam3x/source/templates/exceptions.o
 .debug_ranges  0x00000868       0x10 src/ASF/sam/utils/cmsis/sam3x/source/templates/gcc/startup_sam3x.o
 .debug_ranges  0x00000878       0x20 src/ASF/sam/utils/cmsis/sam3x/source/templates/system_sam3x.o
 .debug_ranges  0x00000898       0x50 src/ASF/sam/utils/syscalls/gcc/syscalls.o
 .debug_ranges  0x000008e8       0x10 src/main.o

.debug_macro    0x00000000    0x19658
 .debug_macro   0x00000000      0x550 src/ASF/common/utils/stdio/read.o
 .debug_macro   0x00000550      0x8ce src/ASF/common/utils/stdio/read.o
 .debug_macro   0x00000e1e      0x16d src/ASF/common/utils/stdio/read.o
 .debug_macro   0x00000f8b      0x64b src/ASF/common/utils/stdio/read.o
 .debug_macro   0x000015d6       0x76 src/ASF/common/utils/stdio/read.o
 .debug_macro   0x0000164c       0x16 src/ASF/common/utils/stdio/read.o
 .debug_macro   0x00001662      0x6e4 src/ASF/common/utils/stdio/read.o
 .debug_macro   0x00001d46       0x22 src/ASF/common/utils/stdio/read.o
 .debug_macro   0x00001d68       0x87 src/ASF/common/utils/stdio/read.o
 .debug_macro   0x00001def       0x51 src/ASF/common/utils/stdio/read.o
 .debug_macro   0x00001e40       0xef src/ASF/common/utils/stdio/read.o
 .debug_macro   0x00001f2f       0x6a src/ASF/common/utils/stdio/read.o
 .debug_macro   0x00001f99      0x1df src/ASF/common/utils/stdio/read.o
 .debug_macro   0x00002178       0x20 src/ASF/common/utils/stdio/read.o
 .debug_macro   0x00002198       0x3a src/ASF/common/utils/stdio/read.o
 .debug_macro   0x000021d2       0x2d src/ASF/common/utils/stdio/read.o
 .debug_macro   0x000021ff      0xbb1 src/ASF/common/utils/stdio/read.o
 .debug_macro   0x00002db0      0xab6 src/ASF/common/utils/stdio/read.o
 .debug_macro   0x00003866      0x569 src/ASF/common/utils/stdio/read.o
 .debug_macro   0x00003dcf      0x2b5 src/ASF/common/utils/stdio/read.o
 .debug_macro   0x00004084      0x31a src/ASF/common/utils/stdio/read.o
 .debug_macro   0x0000439e      0x74f src/ASF/common/utils/stdio/read.o
 .debug_macro   0x00004aed       0x82 src/ASF/common/utils/stdio/read.o
 .debug_macro   0x00004b6f      0x57b src/ASF/common/utils/stdio/read.o
 .debug_macro   0x000050ea       0x1c src/ASF/common/utils/stdio/read.o
 .debug_macro   0x00005106      0x6b7 src/ASF/common/utils/stdio/read.o
 .debug_macro   0x000057bd      0x52d src/ASF/common/utils/stdio/read.o
 .debug_macro   0x00005cea       0xbe src/ASF/common/utils/stdio/read.o
 .debug_macro   0x00005da8     0x2342 src/ASF/common/utils/stdio/read.o
 .debug_macro   0x000080ea      0x85d src/ASF/common/utils/stdio/read.o
 .debug_macro   0x00008947      0xdc9 src/ASF/common/utils/stdio/read.o
 .debug_macro   0x00009710       0x7c src/ASF/common/utils/stdio/read.o
 .debug_macro   0x0000978c      0x263 src/ASF/common/utils/stdio/read.o
 .debug_macro   0x000099ef       0x58 src/ASF/common/utils/stdio/read.o
 .debug_macro   0x00009a47      0x9a7 src/ASF/common/utils/stdio/read.o
 .debug_macro   0x0000a3ee      0x248 src/ASF/common/utils/stdio/read.o
 .debug_macro   0x0000a636      0x4df src/ASF/common/utils/stdio/read.o
 .debug_macro   0x0000ab15      0x6b3 src/ASF/common/utils/stdio/read.o
 .debug_macro   0x0000b1c8      0x59f src/ASF/common/utils/stdio/read.o
 .debug_macro   0x0000b767       0x46 src/ASF/common/utils/stdio/read.o
 .debug_macro   0x0000b7ad      0x34d src/ASF/common/utils/stdio/read.o
 .debug_macro   0x0000bafa      0x28c src/ASF/common/utils/stdio/read.o
 .debug_macro   0x0000bd86     0x14d7 src/ASF/common/utils/stdio/read.o
 .debug_macro   0x0000d25d      0x7ba src/ASF/common/utils/stdio/read.o
 .debug_macro   0x0000da17       0x76 src/ASF/common/utils/stdio/read.o
 .debug_macro   0x0000da8d       0x82 src/ASF/common/utils/stdio/read.o
 .debug_macro   0x0000db0f       0x76 src/ASF/common/utils/stdio/read.o
 .debug_macro   0x0000db85       0x4c src/ASF/common/utils/stdio/read.o
 .debug_macro   0x0000dbd1      0x105 src/ASF/common/utils/stdio/read.o
 .debug_macro   0x0000dcd6      0x105 src/ASF/common/utils/stdio/read.o
 .debug_macro   0x0000dddb      0x105 src/ASF/common/utils/stdio/read.o
 .debug_macro   0x0000dee0       0x88 src/ASF/common/utils/stdio/read.o
 .debug_macro   0x0000df68       0x88 src/ASF/common/utils/stdio/read.o
 .debug_macro   0x0000dff0      0x3b4 src/ASF/common/utils/stdio/read.o
 .debug_macro   0x0000e3a4       0xb8 src/ASF/common/utils/stdio/read.o
 .debug_macro   0x0000e45c       0xb8 src/ASF/common/utils/stdio/read.o
 .debug_macro   0x0000e514       0xb8 src/ASF/common/utils/stdio/read.o
 .debug_macro   0x0000e5cc       0xb8 src/ASF/common/utils/stdio/read.o
 .debug_macro   0x0000e684      0x2b8 src/ASF/common/utils/stdio/read.o
 .debug_macro   0x0000e93c      0x125 src/ASF/common/utils/stdio/read.o
 .debug_macro   0x0000ea61      0x225 src/ASF/common/utils/stdio/read.o
 .debug_macro   0x0000ec86      0x225 src/ASF/common/utils/stdio/read.o
 .debug_macro   0x0000eeab       0x2e src/ASF/common/utils/stdio/read.o
 .debug_macro   0x0000eed9       0xac src/ASF/common/utils/stdio/read.o
 .debug_macro   0x0000ef85      0x14d src/ASF/common/utils/stdio/read.o
 .debug_macro   0x0000f0d2       0x7c src/ASF/common/utils/stdio/read.o
 .debug_macro   0x0000f14e      0x205 src/ASF/common/utils/stdio/read.o
 .debug_macro   0x0000f353       0x64 src/ASF/common/utils/stdio/read.o
 .debug_macro   0x0000f3b7       0xa6 src/ASF/common/utils/stdio/read.o
 .debug_macro   0x0000f45d       0x7c src/ASF/common/utils/stdio/read.o
 .debug_macro   0x0000f4d9       0x16 src/ASF/common/utils/stdio/read.o
 .debug_macro   0x0000f4ef       0x22 src/ASF/common/utils/stdio/read.o
 .debug_macro   0x0000f511       0x22 src/ASF/common/utils/stdio/read.o
 .debug_macro   0x0000f533      0x115 src/ASF/common/utils/stdio/read.o
 .debug_macro   0x0000f648      0x115 src/ASF/common/utils/stdio/read.o
 .debug_macro   0x0000f75d      0x115 src/ASF/common/utils/stdio/read.o
 .debug_macro   0x0000f872      0x115 src/ASF/common/utils/stdio/read.o
 .debug_macro   0x0000f987       0x1c src/ASF/common/utils/stdio/read.o
 .debug_macro   0x0000f9a3       0x2e src/ASF/common/utils/stdio/read.o
 .debug_macro   0x0000f9d1       0x22 src/ASF/common/utils/stdio/read.o
 .debug_macro   0x0000f9f3       0x1c src/ASF/common/utils/stdio/read.o
 .debug_macro   0x0000fa0f       0x58 src/ASF/common/utils/stdio/read.o
 .debug_macro   0x0000fa67       0x10 src/ASF/common/utils/stdio/read.o
 .debug_macro   0x0000fa77      0x273 src/ASF/common/utils/stdio/read.o
 .debug_macro   0x0000fcea      0xd43 src/ASF/common/utils/stdio/read.o
 .debug_macro   0x00010a2d      0x131 src/ASF/common/utils/stdio/read.o
 .debug_macro   0x00010b5e       0x58 src/ASF/common/utils/stdio/read.o
 .debug_macro   0x00010bb6       0x35 src/ASF/common/utils/stdio/read.o
 .debug_macro   0x00010beb       0x9c src/ASF/common/utils/stdio/read.o
 .debug_macro   0x00010c87       0x16 src/ASF/common/utils/stdio/read.o
 .debug_macro   0x00010c9d       0x35 src/ASF/common/utils/stdio/read.o
 .debug_macro   0x00010cd2      0x353 src/ASF/common/utils/stdio/read.o
 .debug_macro   0x00011025       0x10 src/ASF/common/utils/stdio/read.o
 .debug_macro   0x00011035       0x58 src/ASF/common/utils/stdio/read.o
 .debug_macro   0x0001108d       0x1f src/ASF/common/utils/stdio/read.o
 .debug_macro   0x000110ac       0x43 src/ASF/common/utils/stdio/read.o
 .debug_macro   0x000110ef       0x20 src/ASF/common/utils/stdio/read.o
 .debug_macro   0x0001110f      0x187 src/ASF/common/utils/stdio/read.o
 .debug_macro   0x00011296       0x10 src/ASF/common/utils/stdio/read.o
 .debug_macro   0x000112a6       0x1c src/ASF/common/utils/stdio/read.o
 .debug_macro   0x000112c2       0x52 src/ASF/common/utils/stdio/read.o
 .debug_macro   0x00011314       0x40 src/ASF/common/utils/stdio/read.o
 .debug_macro   0x00011354       0x10 src/ASF/common/utils/stdio/read.o
 .debug_macro   0x00011364       0x40 src/ASF/common/utils/stdio/read.o
 .debug_macro   0x000113a4       0xd7 src/ASF/common/utils/stdio/read.o
 .debug_macro   0x0001147b       0x16 src/ASF/common/utils/stdio/read.o
 .debug_macro   0x00011491      0x18b src/ASF/common/utils/stdio/read.o
 .debug_macro   0x0001161c       0x22 src/ASF/common/utils/stdio/read.o
 .debug_macro   0x0001163e       0x16 src/ASF/common/utils/stdio/read.o
 .debug_macro   0x00011654       0x16 src/ASF/common/utils/stdio/read.o
 .debug_macro   0x0001166a       0x29 src/ASF/common/utils/stdio/read.o
 .debug_macro   0x00011693       0x75 src/ASF/common/utils/stdio/read.o
 .debug_macro   0x00011708       0x45 src/ASF/common/utils/stdio/read.o
 .debug_macro   0x0001174d      0x3ca src/ASF/common/utils/stdio/read.o
 .debug_macro   0x00011b17      0x59b src/ASF/sam/drivers/usart/usart.o
 .debug_macro   0x000120b2       0x28 src/ASF/sam/drivers/usart/usart.o
 .debug_macro   0x000120da      0x6a0 src/ASF/thirdparty/wireless/addons/sio2host/uart/sio2host.o
 .debug_macro   0x0001277a       0x94 src/ASF/thirdparty/wireless/addons/sio2host/uart/sio2host.o
 .debug_macro   0x0001280e       0x40 src/ASF/thirdparty/wireless/addons/sio2host/uart/sio2host.o
 .debug_macro   0x0001284e      0x2c6 src/ASF/thirdparty/wireless/addons/sio2host/uart/sio2host.o
 .debug_macro   0x00012b14      0x790 src/ASF/thirdparty/wireless/addons/sio2host/uart/sio2host.o
 .debug_macro   0x000132a4       0x34 src/ASF/thirdparty/wireless/addons/sio2host/uart/sio2host.o
 .debug_macro   0x000132d8       0x5e src/ASF/thirdparty/wireless/addons/sio2host/uart/sio2host.o
 .debug_macro   0x00013336       0x64 src/ASF/thirdparty/wireless/addons/sio2host/uart/sio2host.o
 .debug_macro   0x0001339a       0x5f src/ASF/thirdparty/wireless/addons/sio2host/uart/sio2host.o
 .debug_macro   0x000133f9       0x90 src/ASF/thirdparty/wireless/addons/sio2host/uart/sio2host.o
 .debug_macro   0x00013489       0x6a src/ASF/thirdparty/wireless/addons/sio2host/uart/sio2host.o
 .debug_macro   0x000134f3       0x34 src/ASF/thirdparty/wireless/addons/sio2host/uart/sio2host.o
 .debug_macro   0x00013527       0x1c src/ASF/thirdparty/wireless/addons/sio2host/uart/sio2host.o
 .debug_macro   0x00013543       0x2e src/ASF/thirdparty/wireless/addons/sio2host/uart/sio2host.o
 .debug_macro   0x00013571       0x1c src/ASF/thirdparty/wireless/addons/sio2host/uart/sio2host.o
 .debug_macro   0x0001358d       0x4c src/ASF/thirdparty/wireless/addons/sio2host/uart/sio2host.o
 .debug_macro   0x000135d9       0x40 src/ASF/thirdparty/wireless/addons/sio2host/uart/sio2host.o
 .debug_macro   0x00013619      0x697 src/Functions.o
 .debug_macro   0x00013cb0      0x550 src/ASF/common/utils/stdio/write.o
 .debug_macro   0x00014200      0x60a src/ASF/common/services/serial/usart_serial.o
 .debug_macro   0x0001480a      0x55f src/ASF/sam/drivers/uart/uart.o
 .debug_macro   0x00014d69       0x16 src/ASF/sam/drivers/uart/uart.o
 .debug_macro   0x00014d7f      0x694 src/config/ConsoleFunctions.o
 .debug_macro   0x00015413       0x97 src/config/ConsoleFunctions.o
 .debug_macro   0x000154aa       0xf6 src/config/ConsoleFunctions.o
 .debug_macro   0x000155a0       0x70 src/config/ConsoleFunctions.o
 .debug_macro   0x00015610       0x16 src/config/ConsoleFunctions.o
 .debug_macro   0x00015626      0x5d1 src/ASF/common/services/clock/sam3x/sysclk.o
 .debug_macro   0x00015bf7      0x2c0 src/ASF/common/services/clock/sam3x/sysclk.o
 .debug_macro   0x00015eb7      0x55a src/ASF/common/utils/interrupt/interrupt_sam_nvic.o
 .debug_macro   0x00016411       0x3f src/ASF/common/utils/interrupt/interrupt_sam_nvic.o
 .debug_macro   0x00016450      0x616 src/ASF/sam/boards/arduino_due_x/init.o
 .debug_macro   0x00016a66      0x56b src/ASF/sam/drivers/pio/pio.o
 .debug_macro   0x00016fd1       0x8e src/ASF/sam/drivers/pio/pio.o
 .debug_macro   0x0001705f      0x56f src/ASF/sam/drivers/pio/pio_handler.o
 .debug_macro   0x000175ce      0x565 src/ASF/sam/drivers/pmc/pmc.o
 .debug_macro   0x00017b33       0x58 src/ASF/sam/drivers/pmc/pmc.o
 .debug_macro   0x00017b8b      0x564 src/ASF/sam/utils/cmsis/sam3x/source/templates/exceptions.o
 .debug_macro   0x000180ef      0x572 src/ASF/sam/utils/cmsis/sam3x/source/templates/gcc/startup_sam3x.o
 .debug_macro   0x00018661      0x572 src/ASF/sam/utils/cmsis/sam3x/source/templates/system_sam3x.o
 .debug_macro   0x00018bd3       0x26 src/ASF/sam/utils/cmsis/sam3x/source/templates/system_sam3x.o
 .debug_macro   0x00018bf9      0x1d6 src/ASF/sam/utils/syscalls/gcc/syscalls.o
 .debug_macro   0x00018dcf       0x4c src/ASF/sam/utils/syscalls/gcc/syscalls.o
 .debug_macro   0x00018e1b       0x16 src/ASF/sam/utils/syscalls/gcc/syscalls.o
 .debug_macro   0x00018e31       0x10 src/ASF/sam/utils/syscalls/gcc/syscalls.o
 .debug_macro   0x00018e41       0x10 src/ASF/sam/utils/syscalls/gcc/syscalls.o
 .debug_macro   0x00018e51       0x35 src/ASF/sam/utils/syscalls/gcc/syscalls.o
 .debug_macro   0x00018e86      0x122 src/ASF/sam/utils/syscalls/gcc/syscalls.o
 .debug_macro   0x00018fa8      0x6a0 src/main.o
 .debug_macro   0x00019648       0x10 src/main.o

.debug_line     0x00000000     0xf864
 .debug_line    0x00000000      0xb48 src/ASF/common/utils/stdio/read.o
 .debug_line    0x00000b48     0x1222 src/ASF/sam/drivers/usart/usart.o
 .debug_line    0x00001d6a     0x1091 src/ASF/thirdparty/wireless/addons/sio2host/uart/sio2host.o
 .debug_line    0x00002dfb      0xede src/Functions.o
 .debug_line    0x00003cd9      0xb40 src/ASF/common/utils/stdio/write.o
 .debug_line    0x00004819      0xd98 src/ASF/common/services/serial/usart_serial.o
 .debug_line    0x000055b1      0xcfb src/ASF/sam/drivers/uart/uart.o
 .debug_line    0x000062ac      0xf92 src/config/ConsoleFunctions.o
 .debug_line    0x0000723e      0xcba src/ASF/common/services/clock/sam3x/sysclk.o
 .debug_line    0x00007ef8      0xb62 src/ASF/common/utils/interrupt/interrupt_sam_nvic.o
 .debug_line    0x00008a5a      0xd4d src/ASF/sam/boards/arduino_due_x/init.o
 .debug_line    0x000097a7      0xec9 src/ASF/sam/drivers/pio/pio.o
 .debug_line    0x0000a670      0xc0d src/ASF/sam/drivers/pio/pio_handler.o
 .debug_line    0x0000b27d     0x10c0 src/ASF/sam/drivers/pmc/pmc.o
 .debug_line    0x0000c33d      0xb23 src/ASF/sam/utils/cmsis/sam3x/source/templates/exceptions.o
 .debug_line    0x0000ce60      0xb6c src/ASF/sam/utils/cmsis/sam3x/source/templates/gcc/startup_sam3x.o
 .debug_line    0x0000d9cc      0xb9e src/ASF/sam/utils/cmsis/sam3x/source/templates/system_sam3x.o
 .debug_line    0x0000e56a      0x40b src/ASF/sam/utils/syscalls/gcc/syscalls.o
 .debug_line    0x0000e975      0xeef src/main.o

.debug_str      0x00000000    0x6410f
 .debug_str     0x00000000    0x5c423 src/ASF/common/utils/stdio/read.o
                              0x5c7a8 (size before relaxing)
 .debug_str     0x0005c423      0xc86 src/ASF/sam/drivers/usart/usart.o
                              0x5d425 (size before relaxing)
 .debug_str     0x0005d0a9     0x5083 src/ASF/thirdparty/wireless/addons/sio2host/uart/sio2host.o
                              0x61b08 (size before relaxing)
 .debug_str     0x0006212c      0x2f6 src/Functions.o
                              0x61297 (size before relaxing)
 .debug_str     0x00062422       0x26 src/ASF/common/utils/stdio/write.o
                              0x5c7a9 (size before relaxing)
 .debug_str     0x00062448       0x31 src/ASF/common/services/serial/usart_serial.o
                              0x60973 (size before relaxing)
 .debug_str     0x00062479      0x1ee src/ASF/sam/drivers/uart/uart.o
                              0x5cb74 (size before relaxing)
 .debug_str     0x00062667       0x97 src/config/ConsoleFunctions.o
                              0x61468 (size before relaxing)
 .debug_str     0x000626fe      0x364 src/ASF/common/services/clock/sam3x/sysclk.o
                              0x6085a (size before relaxing)
 .debug_str     0x00062a62       0x73 src/ASF/common/utils/interrupt/interrupt_sam_nvic.o
                              0x5c7ff (size before relaxing)
 .debug_str     0x00062ad5       0x9e src/ASF/sam/boards/arduino_due_x/init.o
                              0x60f3c (size before relaxing)
 .debug_str     0x00062b73      0x408 src/ASF/sam/drivers/pio/pio.o
                              0x5d153 (size before relaxing)
 .debug_str     0x00062f7b      0x1bf src/ASF/sam/drivers/pio/pio_handler.o
                              0x5d24c (size before relaxing)
 .debug_str     0x0006313a      0x57e src/ASF/sam/drivers/pmc/pmc.o
                              0x5d1cf (size before relaxing)
 .debug_str     0x000636b8       0x4d src/ASF/sam/utils/cmsis/sam3x/source/templates/exceptions.o
                              0x5c7c8 (size before relaxing)
 .debug_str     0x00063705       0xd9 src/ASF/sam/utils/cmsis/sam3x/source/templates/gcc/startup_sam3x.o
                              0x5c8c4 (size before relaxing)
 .debug_str     0x000637de      0x195 src/ASF/sam/utils/cmsis/sam3x/source/templates/system_sam3x.o
                              0x5caa0 (size before relaxing)
 .debug_str     0x00063973      0x774 src/ASF/sam/utils/syscalls/gcc/syscalls.o
                               0x73fc (size before relaxing)
 .debug_str     0x000640e7       0x28 src/main.o
                              0x60fee (size before relaxing)

.debug_frame    0x00000000     0x21cc
 .debug_frame   0x00000000       0x30 src/ASF/common/utils/stdio/read.o
 .debug_frame   0x00000030      0x5cc src/ASF/sam/drivers/usart/usart.o
 .debug_frame   0x000005fc      0x134 src/ASF/thirdparty/wireless/addons/sio2host/uart/sio2host.o
 .debug_frame   0x00000730       0x38 src/Functions.o
 .debug_frame   0x00000768       0x48 src/ASF/common/utils/stdio/write.o
 .debug_frame   0x000007b0       0x80 src/ASF/common/services/serial/usart_serial.o
 .debug_frame   0x00000830      0x1bc src/ASF/sam/drivers/uart/uart.o
 .debug_frame   0x000009ec       0x74 src/config/ConsoleFunctions.o
 .debug_frame   0x00000a60       0x88 src/ASF/common/services/clock/sam3x/sysclk.o
 .debug_frame   0x00000ae8       0x30 src/ASF/common/utils/interrupt/interrupt_sam_nvic.o
 .debug_frame   0x00000b18       0x28 src/ASF/sam/boards/arduino_due_x/init.o
 .debug_frame   0x00000b40      0x2b8 src/ASF/sam/drivers/pio/pio.o
 .debug_frame   0x00000df8       0xf8 src/ASF/sam/drivers/pio/pio_handler.o
 .debug_frame   0x00000ef0      0x3ec src/ASF/sam/drivers/pmc/pmc.o
 .debug_frame   0x000012dc       0x20 src/ASF/sam/utils/cmsis/sam3x/source/templates/exceptions.o
 .debug_frame   0x000012fc       0x28 src/ASF/sam/utils/cmsis/sam3x/source/templates/gcc/startup_sam3x.o
 .debug_frame   0x00001324       0x40 src/ASF/sam/utils/cmsis/sam3x/source/templates/system_sam3x.o
 .debug_frame   0x00001364       0xa0 src/ASF/sam/utils/syscalls/gcc/syscalls.o
 .debug_frame   0x00001404       0x30 src/main.o
 .debug_frame   0x00001434       0x2c c:/program files (x86)/atmel/studio/7.0/toolchain/arm/arm-gnu-toolchain/bin/../lib/gcc/arm-none-eabi/6.3.1/../../../../arm-none-eabi/lib/thumb/v7-m\libc.a(lib_a-init.o)
 .debug_frame   0x00001460       0x78 c:/program files (x86)/atmel/studio/7.0/toolchain/arm/arm-gnu-toolchain/bin/../lib/gcc/arm-none-eabi/6.3.1/../../../../arm-none-eabi/lib/thumb/v7-m\libc.a(lib_a-iprintf.o)
 .debug_frame   0x000014d8       0x34 c:/program files (x86)/atmel/studio/7.0/toolchain/arm/arm-gnu-toolchain/bin/../lib/gcc/arm-none-eabi/6.3.1/../../../../arm-none-eabi/lib/thumb/v7-m\libc.a(lib_a-memset.o)
 .debug_frame   0x0000150c       0x20 c:/program files (x86)/atmel/studio/7.0/toolchain/arm/arm-gnu-toolchain/bin/../lib/gcc/arm-none-eabi/6.3.1/../../../../arm-none-eabi/lib/thumb/v7-m\libc.a(lib_a-setbuf.o)
 .debug_frame   0x0000152c       0x48 c:/program files (x86)/atmel/studio/7.0/toolchain/arm/arm-gnu-toolchain/bin/../lib/gcc/arm-none-eabi/6.3.1/../../../../arm-none-eabi/lib/thumb/v7-m\libc.a(lib_a-setvbuf.o)
 .debug_frame   0x00001574       0xd8 c:/program files (x86)/atmel/studio/7.0/toolchain/arm/arm-gnu-toolchain/bin/../lib/gcc/arm-none-eabi/6.3.1/../../../../arm-none-eabi/lib/thumb/v7-m\libc.a(lib_a-vfiprintf.o)
 .debug_frame   0x0000164c       0x2c c:/program files (x86)/atmel/studio/7.0/toolchain/arm/arm-gnu-toolchain/bin/../lib/gcc/arm-none-eabi/6.3.1/../../../../arm-none-eabi/lib/thumb/v7-m\libc.a(lib_a-wsetup.o)
 .debug_frame   0x00001678       0x5c c:/program files (x86)/atmel/studio/7.0/toolchain/arm/arm-gnu-toolchain/bin/../lib/gcc/arm-none-eabi/6.3.1/../../../../arm-none-eabi/lib/thumb/v7-m\libc.a(lib_a-__call_atexit.o)
 .debug_frame   0x000016d4       0x20 c:/program files (x86)/atmel/studio/7.0/toolchain/arm/arm-gnu-toolchain/bin/../lib/gcc/arm-none-eabi/6.3.1/../../../../arm-none-eabi/lib/thumb/v7-m\libc.a(lib_a-atexit.o)
 .debug_frame   0x000016f4       0x5c c:/program files (x86)/atmel/studio/7.0/toolchain/arm/arm-gnu-toolchain/bin/../lib/gcc/arm-none-eabi/6.3.1/../../../../arm-none-eabi/lib/thumb/v7-m\libc.a(lib_a-fflush.o)
 .debug_frame   0x00001750      0x150 c:/program files (x86)/atmel/studio/7.0/toolchain/arm/arm-gnu-toolchain/bin/../lib/gcc/arm-none-eabi/6.3.1/../../../../arm-none-eabi/lib/thumb/v7-m\libc.a(lib_a-findfp.o)
 .debug_frame   0x000018a0       0x34 c:/program files (x86)/atmel/studio/7.0/toolchain/arm/arm-gnu-toolchain/bin/../lib/gcc/arm-none-eabi/6.3.1/../../../../arm-none-eabi/lib/thumb/v7-m\libc.a(lib_a-fini.o)
 .debug_frame   0x000018d4       0x90 c:/program files (x86)/atmel/studio/7.0/toolchain/arm/arm-gnu-toolchain/bin/../lib/gcc/arm-none-eabi/6.3.1/../../../../arm-none-eabi/lib/thumb/v7-m\libc.a(lib_a-fputwc.o)
 .debug_frame   0x00001964       0x74 c:/program files (x86)/atmel/studio/7.0/toolchain/arm/arm-gnu-toolchain/bin/../lib/gcc/arm-none-eabi/6.3.1/../../../../arm-none-eabi/lib/thumb/v7-m\libc.a(lib_a-freer.o)
 .debug_frame   0x000019d8       0x68 c:/program files (x86)/atmel/studio/7.0/toolchain/arm/arm-gnu-toolchain/bin/../lib/gcc/arm-none-eabi/6.3.1/../../../../arm-none-eabi/lib/thumb/v7-m\libc.a(lib_a-fvwrite.o)
 .debug_frame   0x00001a40       0x54 c:/program files (x86)/atmel/studio/7.0/toolchain/arm/arm-gnu-toolchain/bin/../lib/gcc/arm-none-eabi/6.3.1/../../../../arm-none-eabi/lib/thumb/v7-m\libc.a(lib_a-fwalk.o)
 .debug_frame   0x00001a94       0x6c c:/program files (x86)/atmel/studio/7.0/toolchain/arm/arm-gnu-toolchain/bin/../lib/gcc/arm-none-eabi/6.3.1/../../../../arm-none-eabi/lib/thumb/v7-m\libc.a(lib_a-locale.o)
 .debug_frame   0x00001b00       0xb0 c:/program files (x86)/atmel/studio/7.0/toolchain/arm/arm-gnu-toolchain/bin/../lib/gcc/arm-none-eabi/6.3.1/../../../../arm-none-eabi/lib/thumb/v7-m\libc.a(lib_a-lock.o)
 .debug_frame   0x00001bb0       0x68 c:/program files (x86)/atmel/studio/7.0/toolchain/arm/arm-gnu-toolchain/bin/../lib/gcc/arm-none-eabi/6.3.1/../../../../arm-none-eabi/lib/thumb/v7-m\libc.a(lib_a-makebuf.o)
 .debug_frame   0x00001c18       0x30 c:/program files (x86)/atmel/studio/7.0/toolchain/arm/arm-gnu-toolchain/bin/../lib/gcc/arm-none-eabi/6.3.1/../../../../arm-none-eabi/lib/thumb/v7-m\libc.a(lib_a-malloc.o)
 .debug_frame   0x00001c48       0x54 c:/program files (x86)/atmel/studio/7.0/toolchain/arm/arm-gnu-toolchain/bin/../lib/gcc/arm-none-eabi/6.3.1/../../../../arm-none-eabi/lib/thumb/v7-m\libc.a(lib_a-mallocr.o)
 .debug_frame   0x00001c9c       0x4c c:/program files (x86)/atmel/studio/7.0/toolchain/arm/arm-gnu-toolchain/bin/../lib/gcc/arm-none-eabi/6.3.1/../../../../arm-none-eabi/lib/thumb/v7-m\libc.a(lib_a-mbtowc_r.o)
 .debug_frame   0x00001ce8       0x34 c:/program files (x86)/atmel/studio/7.0/toolchain/arm/arm-gnu-toolchain/bin/../lib/gcc/arm-none-eabi/6.3.1/../../../../arm-none-eabi/lib/thumb/v7-m\libc.a(lib_a-memchr-stub.o)
 .debug_frame   0x00001d1c       0x30 c:/program files (x86)/atmel/studio/7.0/toolchain/arm/arm-gnu-toolchain/bin/../lib/gcc/arm-none-eabi/6.3.1/../../../../arm-none-eabi/lib/thumb/v7-m\libc.a(lib_a-memmove.o)
 .debug_frame   0x00001d4c       0x30 c:/program files (x86)/atmel/studio/7.0/toolchain/arm/arm-gnu-toolchain/bin/../lib/gcc/arm-none-eabi/6.3.1/../../../../arm-none-eabi/lib/thumb/v7-m\libc.a(lib_a-mlock.o)
 .debug_frame   0x00001d7c       0x68 c:/program files (x86)/atmel/studio/7.0/toolchain/arm/arm-gnu-toolchain/bin/../lib/gcc/arm-none-eabi/6.3.1/../../../../arm-none-eabi/lib/thumb/v7-m\libc.a(lib_a-reallocr.o)
 .debug_frame   0x00001de4       0x2c c:/program files (x86)/atmel/studio/7.0/toolchain/arm/arm-gnu-toolchain/bin/../lib/gcc/arm-none-eabi/6.3.1/../../../../arm-none-eabi/lib/thumb/v7-m\libc.a(lib_a-sbrkr.o)
 .debug_frame   0x00001e10       0x88 c:/program files (x86)/atmel/studio/7.0/toolchain/arm/arm-gnu-toolchain/bin/../lib/gcc/arm-none-eabi/6.3.1/../../../../arm-none-eabi/lib/thumb/v7-m\libc.a(lib_a-stdio.o)
 .debug_frame   0x00001e98       0x20 c:/program files (x86)/atmel/studio/7.0/toolchain/arm/arm-gnu-toolchain/bin/../lib/gcc/arm-none-eabi/6.3.1/../../../../arm-none-eabi/lib/thumb/v7-m\libc.a(lib_a-strlen-stub.o)
 .debug_frame   0x00001eb8       0x40 c:/program files (x86)/atmel/studio/7.0/toolchain/arm/arm-gnu-toolchain/bin/../lib/gcc/arm-none-eabi/6.3.1/../../../../arm-none-eabi/lib/thumb/v7-m\libc.a(lib_a-wbuf.o)
 .debug_frame   0x00001ef8       0x5c c:/program files (x86)/atmel/studio/7.0/toolchain/arm/arm-gnu-toolchain/bin/../lib/gcc/arm-none-eabi/6.3.1/../../../../arm-none-eabi/lib/thumb/v7-m\libc.a(lib_a-wcrtomb.o)
 .debug_frame   0x00001f54       0x3c c:/program files (x86)/atmel/studio/7.0/toolchain/arm/arm-gnu-toolchain/bin/../lib/gcc/arm-none-eabi/6.3.1/../../../../arm-none-eabi/lib/thumb/v7-m\libc.a(lib_a-wctomb_r.o)
 .debug_frame   0x00001f90       0x30 c:/program files (x86)/atmel/studio/7.0/toolchain/arm/arm-gnu-toolchain/bin/../lib/gcc/arm-none-eabi/6.3.1/../../../../arm-none-eabi/lib/thumb/v7-m\libc.a(lib_a-writer.o)
 .debug_frame   0x00001fc0       0x34 c:/program files (x86)/atmel/studio/7.0/toolchain/arm/arm-gnu-toolchain/bin/../lib/gcc/arm-none-eabi/6.3.1/../../../../arm-none-eabi/lib/thumb/v7-m\libc.a(lib_a-__atexit.o)
 .debug_frame   0x00001ff4       0x2c c:/program files (x86)/atmel/studio/7.0/toolchain/arm/arm-gnu-toolchain/bin/../lib/gcc/arm-none-eabi/6.3.1/../../../../arm-none-eabi/lib/thumb/v7-m\libc.a(lib_a-closer.o)
 .debug_frame   0x00002020       0x3c c:/program files (x86)/atmel/studio/7.0/toolchain/arm/arm-gnu-toolchain/bin/../lib/gcc/arm-none-eabi/6.3.1/../../../../arm-none-eabi/lib/thumb/v7-m\libc.a(lib_a-fclose.o)
 .debug_frame   0x0000205c       0x2c c:/program files (x86)/atmel/studio/7.0/toolchain/arm/arm-gnu-toolchain/bin/../lib/gcc/arm-none-eabi/6.3.1/../../../../arm-none-eabi/lib/thumb/v7-m\libc.a(lib_a-fstatr.o)
 .debug_frame   0x00002088       0x2c c:/program files (x86)/atmel/studio/7.0/toolchain/arm/arm-gnu-toolchain/bin/../lib/gcc/arm-none-eabi/6.3.1/../../../../arm-none-eabi/lib/thumb/v7-m\libc.a(lib_a-isattyr.o)
 .debug_frame   0x000020b4       0x30 c:/program files (x86)/atmel/studio/7.0/toolchain/arm/arm-gnu-toolchain/bin/../lib/gcc/arm-none-eabi/6.3.1/../../../../arm-none-eabi/lib/thumb/v7-m\libc.a(lib_a-lseekr.o)
 .debug_frame   0x000020e4       0x30 c:/program files (x86)/atmel/studio/7.0/toolchain/arm/arm-gnu-toolchain/bin/../lib/gcc/arm-none-eabi/6.3.1/../../../../arm-none-eabi/lib/thumb/v7-m\libc.a(lib_a-readr.o)
 .debug_frame   0x00002114       0x58 c:/program files (x86)/atmel/studio/7.0/toolchain/arm/arm-gnu-toolchain/bin/../lib/gcc/arm-none-eabi/6.3.1/../../../../arm-none-eabi/lib/thumb/v7-m\libc.a(lib_a-reent.o)
 .debug_frame   0x0000216c       0x2c c:/program files (x86)/atmel/studio/7.0/toolchain/arm/arm-gnu-toolchain/bin/../lib/gcc/arm-none-eabi/6.3.1/thumb/v7-m\libgcc.a(_aeabi_uldivmod.o)
 .debug_frame   0x00002198       0x34 c:/program files (x86)/atmel/studio/7.0/toolchain/arm/arm-gnu-toolchain/bin/../lib/gcc/arm-none-eabi/6.3.1/thumb/v7-m\libgcc.a(_udivmoddi4.o)

Cross Reference Table

Symbol                                            File
ADC_Handler                                       src/ASF/sam/utils/cmsis/sam3x/source/templates/exceptions.o
                                                  src/ASF/sam/utils/cmsis/sam3x/source/templates/gcc/startup_sam3x.o
BusFault_Handler                                  src/ASF/sam/utils/cmsis/sam3x/source/templates/exceptions.o
                                                  src/ASF/sam/utils/cmsis/sam3x/source/templates/gcc/startup_sam3x.o
CAN0_Handler                                      src/ASF/sam/utils/cmsis/sam3x/source/templates/exceptions.o
                                                  src/ASF/sam/utils/cmsis/sam3x/source/templates/gcc/startup_sam3x.o
CAN1_Handler                                      src/ASF/sam/utils/cmsis/sam3x/source/templates/exceptions.o
                                                  src/ASF/sam/utils/cmsis/sam3x/source/templates/gcc/startup_sam3x.o
DACC_Handler                                      src/ASF/sam/utils/cmsis/sam3x/source/templates/exceptions.o
                                                  src/ASF/sam/utils/cmsis/sam3x/source/templates/gcc/startup_sam3x.o
DMAC_Handler                                      src/ASF/sam/utils/cmsis/sam3x/source/templates/exceptions.o
                                                  src/ASF/sam/utils/cmsis/sam3x/source/templates/gcc/startup_sam3x.o
DebugMon_Handler                                  src/ASF/sam/utils/cmsis/sam3x/source/templates/exceptions.o
                                                  src/ASF/sam/utils/cmsis/sam3x/source/templates/gcc/startup_sam3x.o
Dummy_Handler                                     src/ASF/sam/utils/cmsis/sam3x/source/templates/exceptions.o
EFC0_Handler                                      src/ASF/sam/utils/cmsis/sam3x/source/templates/exceptions.o
                                                  src/ASF/sam/utils/cmsis/sam3x/source/templates/gcc/startup_sam3x.o
EFC1_Handler                                      src/ASF/sam/utils/cmsis/sam3x/source/templates/exceptions.o
                                                  src/ASF/sam/utils/cmsis/sam3x/source/templates/gcc/startup_sam3x.o
EMAC_Handler                                      src/ASF/sam/utils/cmsis/sam3x/source/templates/exceptions.o
                                                  src/ASF/sam/utils/cmsis/sam3x/source/templates/gcc/startup_sam3x.o
HSMCI_Handler                                     src/ASF/sam/utils/cmsis/sam3x/source/templates/exceptions.o