Archive member included to satisfy reference by file (symbol)

c:/program files (x86)/atmel/studio/7.0/toolchain/arm/arm-gnu-toolchain/bin/../lib/gcc/arm-none-eabi/6.3.1/../../../../arm-none-eabi/lib/thumb/v7-m\libm.a(lib_a-s_atan.o)
                              src/Functions.o (atan)
c:/program files (x86)/atmel/studio/7.0/toolchain/arm/arm-gnu-toolchain/bin/../lib/gcc/arm-none-eabi/6.3.1/../../../../arm-none-eabi/lib/thumb/v7-m\libm.a(lib_a-s_fabs.o)
                              c:/program files (x86)/atmel/studio/7.0/toolchain/arm/arm-gnu-toolchain/bin/../lib/gcc/arm-none-eabi/6.3.1/../../../../arm-none-eabi/lib/thumb/v7-m\libm.a(lib_a-s_atan.o) (fabs)
c:/program files (x86)/atmel/studio/7.0/toolchain/arm/arm-gnu-toolchain/bin/../lib/gcc/arm-none-eabi/6.3.1/../../../../arm-none-eabi/lib/thumb/v7-m\libm.a(lib_a-s_sin.o)
                              src/Functions.o (sin)
c:/program files (x86)/atmel/studio/7.0/toolchain/arm/arm-gnu-toolchain/bin/../lib/gcc/arm-none-eabi/6.3.1/../../../../arm-none-eabi/lib/thumb/v7-m\libm.a(lib_a-w_sqrt.o)
                              src/Functions.o (sqrt)
c:/program files (x86)/atmel/studio/7.0/toolchain/arm/arm-gnu-toolchain/bin/../lib/gcc/arm-none-eabi/6.3.1/../../../../arm-none-eabi/lib/thumb/v7-m\libm.a(lib_a-e_rem_pio2.o)
                              c:/program files (x86)/atmel/studio/7.0/toolchain/arm/arm-gnu-toolchain/bin/../lib/gcc/arm-none-eabi/6.3.1/../../../../arm-none-eabi/lib/thumb/v7-m\libm.a(lib_a-s_sin.o) (__ieee754_rem_pio2)
c:/program files (x86)/atmel/studio/7.0/toolchain/arm/arm-gnu-toolchain/bin/../lib/gcc/arm-none-eabi/6.3.1/../../../../arm-none-eabi/lib/thumb/v7-m\libm.a(lib_a-e_sqrt.o)
                              c:/program files (x86)/atmel/studio/7.0/toolchain/arm/arm-gnu-toolchain/bin/../lib/gcc/arm-none-eabi/6.3.1/../../../../arm-none-eabi/lib/thumb/v7-m\libm.a(lib_a-w_sqrt.o) (__ieee754_sqrt)
c:/program files (x86)/atmel/studio/7.0/toolchain/arm/arm-gnu-toolchain/bin/../lib/gcc/arm-none-eabi/6.3.1/../../../../arm-none-eabi/lib/thumb/v7-m\libm.a(lib_a-k_cos.o)
                              c:/program files (x86)/atmel/studio/7.0/toolchain/arm/arm-gnu-toolchain/bin/../lib/gcc/arm-none-eabi/6.3.1/../../../../arm-none-eabi/lib/thumb/v7-m\libm.a(lib_a-s_sin.o) (__kernel_cos)
c:/program files (x86)/atmel/studio/7.0/toolchain/arm/arm-gnu-toolchain/bin/../lib/gcc/arm-none-eabi/6.3.1/../../../../arm-none-eabi/lib/thumb/v7-m\libm.a(lib_a-k_rem_pio2.o)
                              c:/program files (x86)/atmel/studio/7.0/toolchain/arm/arm-gnu-toolchain/bin/../lib/gcc/arm-none-eabi/6.3.1/../../../../arm-none-eabi/lib/thumb/v7-m\libm.a(lib_a-e_rem_pio2.o) (__kernel_rem_pio2)
c:/program files (x86)/atmel/studio/7.0/toolchain/arm/arm-gnu-toolchain/bin/../lib/gcc/arm-none-eabi/6.3.1/../../../../arm-none-eabi/lib/thumb/v7-m\libm.a(lib_a-k_sin.o)
                              c:/program files (x86)/atmel/studio/7.0/toolchain/arm/arm-gnu-toolchain/bin/../lib/gcc/arm-none-eabi/6.3.1/../../../../arm-none-eabi/lib/thumb/v7-m\libm.a(lib_a-s_sin.o) (__kernel_sin)
c:/program files (x86)/atmel/studio/7.0/toolchain/arm/arm-gnu-toolchain/bin/../lib/gcc/arm-none-eabi/6.3.1/../../../../arm-none-eabi/lib/thumb/v7-m\libm.a(lib_a-s_floor.o)
                              c:/program files (x86)/atmel/studio/7.0/toolchain/arm/arm-gnu-toolchain/bin/../lib/gcc/arm-none-eabi/6.3.1/../../../../arm-none-eabi/lib/thumb/v7-m\libm.a(lib_a-k_rem_pio2.o) (floor)
c:/program files (x86)/atmel/studio/7.0/toolchain/arm/arm-gnu-toolchain/bin/../lib/gcc/arm-none-eabi/6.3.1/../../../../arm-none-eabi/lib/thumb/v7-m\libm.a(lib_a-s_lib_ver.o)
                              c:/program files (x86)/atmel/studio/7.0/toolchain/arm/arm-gnu-toolchain/bin/../lib/gcc/arm-none-eabi/6.3.1/../../../../arm-none-eabi/lib/thumb/v7-m\libm.a(lib_a-w_sqrt.o) (__fdlib_version)
c:/program files (x86)/atmel/studio/7.0/toolchain/arm/arm-gnu-toolchain/bin/../lib/gcc/arm-none-eabi/6.3.1/../../../../arm-none-eabi/lib/thumb/v7-m\libm.a(lib_a-s_matherr.o)
                              c:/program files (x86)/atmel/studio/7.0/toolchain/arm/arm-gnu-toolchain/bin/../lib/gcc/arm-none-eabi/6.3.1/../../../../arm-none-eabi/lib/thumb/v7-m\libm.a(lib_a-w_sqrt.o) (matherr)
c:/program files (x86)/atmel/studio/7.0/toolchain/arm/arm-gnu-toolchain/bin/../lib/gcc/arm-none-eabi/6.3.1/../../../../arm-none-eabi/lib/thumb/v7-m\libm.a(lib_a-s_scalbn.o)
                              c:/program files (x86)/atmel/studio/7.0/toolchain/arm/arm-gnu-toolchain/bin/../lib/gcc/arm-none-eabi/6.3.1/../../../../arm-none-eabi/lib/thumb/v7-m\libm.a(lib_a-k_rem_pio2.o) (scalbn)
c:/program files (x86)/atmel/studio/7.0/toolchain/arm/arm-gnu-toolchain/bin/../lib/gcc/arm-none-eabi/6.3.1/../../../../arm-none-eabi/lib/thumb/v7-m\libm.a(lib_a-s_copysign.o)
[...]
Memory Configuration

Name             Origin             Length             Attributes
rom              0x00080000         0x00080000         xr
sram0            0x20000000         0x00010000         xrw
sram1            0x20080000         0x00008000         xrw
ram              0x20070000         0x00018000         xrw
*default*        0x00000000         0xffffffff

Linker script and memory map

LOAD c:/program files (x86)/atmel/studio/7.0/toolchain/arm/arm-gnu-toolchain/bin/../lib/gcc/arm-none-eabi/6.3.1/thumb/v7-m/crti.o
LOAD c:/program files (x86)/atmel/studio/7.0/toolchain/arm/arm-gnu-toolchain/bin/../lib/gcc/arm-none-eabi/6.3.1/thumb/v7-m/crtbegin.o
LOAD c:/program files (x86)/atmel/studio/7.0/toolchain/arm/arm-gnu-toolchain/bin/../lib/gcc/arm-none-eabi/6.3.1/../../../../arm-none-eabi/lib/thumb/v7-m/crt0.o
LOAD src/ASF/common/utils/stdio/read.o
LOAD src/ASF/sam/drivers/tc/tc.o
LOAD src/ASF/sam/drivers/twi/twi.o
LOAD src/DelayFunctions.o
LOAD src/TWI.o
LOAD src/ASF/sam/drivers/usart/usart.o
LOAD src/ASF/thirdparty/freertos/freertos-7.3.0/source/FreeRTOS_CLI.o
LOAD src/ASF/thirdparty/freertos/freertos-7.3.0/source/list.o
LOAD src/ASF/thirdparty/freertos/freertos-7.3.0/source/portable/gcc/sam/port.o
LOAD src/ASF/thirdparty/freertos/freertos-7.3.0/source/portable/memmang/heap_4.o
LOAD src/ASF/thirdparty/freertos/freertos-7.3.0/source/queue.o
LOAD src/ASF/thirdparty/freertos/freertos-7.3.0/source/tasks.o
LOAD src/ASF/thirdparty/freertos/freertos-7.3.0/source/timers.o
LOAD src/ASF/thirdparty/wireless/addons/sio2host/uart/sio2host.o
LOAD src/config/ConsoleFunctions.o
LOAD src/Functions.o
LOAD src/ASF/common/utils/stdio/write.o
LOAD src/ASF/common/services/serial/usart_serial.o
LOAD src/ASF/sam/drivers/uart/uart.o
LOAD src/ASF/common/services/clock/sam3x/sysclk.o
LOAD src/ASF/common/utils/interrupt/interrupt_sam_nvic.o
LOAD src/ASF/sam/boards/arduino_due_x/init.o
LOAD src/ASF/sam/drivers/pio/pio.o
LOAD src/ASF/sam/drivers/pio/pio_handler.o
LOAD src/ASF/sam/drivers/pmc/pmc.o
LOAD src/ASF/sam/drivers/pmc/sleep.o
LOAD src/ASF/sam/utils/cmsis/sam3x/source/templates/exceptions.o
LOAD src/ASF/sam/utils/cmsis/sam3x/source/templates/gcc/startup_sam3x.o
LOAD src/ASF/sam/utils/cmsis/sam3x/source/templates/system_sam3x.o
LOAD src/ASF/sam/utils/syscalls/gcc/syscalls.o
LOAD src/main.o
START GROUP
LOAD ../src/ASF/thirdparty/CMSIS/Lib/GCC\libarm_cortexM3l_math.a
LOAD c:/program files (x86)/atmel/studio/7.0/toolchain/arm/arm-gnu-toolchain/bin/../lib/gcc/arm-none-eabi/6.3.1/../../../../arm-none-eabi/lib/thumb/v7-m\libm.a
END GROUP
START GROUP
LOAD c:/program files (x86)/atmel/studio/7.0/toolchain/arm/arm-gnu-toolchain/bin/../lib/gcc/arm-none-eabi/6.3.1/thumb/v7-m\libgcc.a
LOAD c:/program files (x86)/atmel/studio/7.0/toolchain/arm/arm-gnu-toolchain/bin/../lib/gcc/arm-none-eabi/6.3.1/../../../../arm-none-eabi/lib/thumb/v7-m\libc.a
END GROUP
LOAD c:/program files (x86)/atmel/studio/7.0/toolchain/arm/arm-gnu-toolchain/bin/../lib/gcc/arm-none-eabi/6.3.1/thumb/v7-m/crtend.o
LOAD c:/program files (x86)/atmel/studio/7.0/toolchain/arm/arm-gnu-toolchain/bin/../lib/gcc/arm-none-eabi/6.3.1/thumb/v7-m/crtn.o
                0x00002000                __stack_size__ = DEFINED (__stack_size__)?__stack_size__:0x2000
                0x20087ffc                __ram_end__ = ((ORIGIN (ram) + LENGTH (ram)) - 0x4)

.text           0x00080000     0x41b4
                0x00080000                . = ALIGN (0x4)
                0x00080000                _sfixed = .
 *(.vectors .vectors.*)
 .vectors       0x00080000       0xf4 src/ASF/sam/utils/cmsis/sam3x/source/templates/gcc/startup_sam3x.o
                0x00080000                exception_table
 *(.text .text.* .gnu.linkonce.t.*)
 .text          0x000800f4       0x6c c:/program files (x86)/atmel/studio/7.0/toolchain/arm/arm-gnu-toolchain/bin/../lib/gcc/arm-none-eabi/6.3.1/thumb/v7-m/crtbegin.o
 .text._read    0x00080160       0x3c src/ASF/common/utils/stdio/read.o
                0x00080160                _read
 .text.tc_init  0x0008019c       0x18 src/ASF/sam/drivers/tc/tc.o
                0x0008019c                tc_init
 .text.tc_set_block_mode
                0x000801b4        0x6 src/ASF/sam/drivers/tc/tc.o
                0x000801b4                tc_set_block_mode
 .text.tc_stop  0x000801ba        0x8 src/ASF/sam/drivers/tc/tc.o
                0x000801ba                tc_stop
 *fill*         0x000801c2        0x2 
 .text.delayInit
                0x000801c4       0x3c src/DelayFunctions.o
                0x000801c4                delayInit
 .text.Twi_master_init
                0x00080200       0x60 src/TWI.o
                0x00080200                Twi_master_init
 .text.I2C_mk_addr
                0x00080260       0x22 src/TWI.o
                0x00080260                I2C_mk_addr
 *fill*         0x00080282        0x2 
 .text.I2C_master_read
                0x00080284       0xc0 src/TWI.o
                0x00080284                I2C_master_read
 .text.usart_write
                0x00080344       0x14 src/ASF/sam/drivers/usart/usart.o
                0x00080344                usart_write
 .text.usart_read
                0x00080358       0x18 src/ASF/sam/drivers/usart/usart.o
                0x00080358                usart_read
 .text.vListInsertEnd
                0x00080370       0x1c src/ASF/thirdparty/freertos/freertos-7.3.0/source/list.o
                0x00080370                vListInsertEnd
 .text.uxListRemove
                0x0008038c       0x26 src/ASF/thirdparty/freertos/freertos-7.3.0/source/list.o
                0x0008038c                uxListRemove
 *fill*         0x000803b2        0x2 
 .text.SVC_Handler
                0x000803b4       0x20 src/ASF/thirdparty/freertos/freertos-7.3.0/source/portable/gcc/sam/port.o
                0x000803b4                SVC_Handler
 .text.ulPortSetInterruptMask
                0x000803d4       0x10 src/ASF/thirdparty/freertos/freertos-7.3.0/source/portable/gcc/sam/port.o
                0x000803d4                ulPortSetInterruptMask
 .text.vPortClearInterruptMask
                0x000803e4        0x6 src/ASF/thirdparty/freertos/freertos-7.3.0/source/portable/gcc/sam/port.o
                0x000803e4                vPortClearInterruptMask
 *fill*         0x000803ea        0x2 
 .text.PendSV_Handler
                0x000803ec       0x3c src/ASF/thirdparty/freertos/freertos-7.3.0/source/portable/gcc/sam/port.o
                0x000803ec                PendSV_Handler
 .text.SysTick_Handler
                0x00080428       0x2c src/ASF/thirdparty/freertos/freertos-7.3.0/source/portable/gcc/sam/port.o
                0x00080428                SysTick_Handler
 .text.vTaskIncrementTick
                0x00080454      0x128 src/ASF/thirdparty/freertos/freertos-7.3.0/source/tasks.o
                0x00080454                vTaskIncrementTick
 .text.vTaskSwitchContext
                0x0008057c       0xa0 src/ASF/thirdparty/freertos/freertos-7.3.0/source/tasks.o
                0x0008057c                vTaskSwitchContext
 .text.USART0_Handler
                0x0008061c       0x60 src/ASF/thirdparty/wireless/addons/sio2host/uart/sio2host.o
                0x0008061c                USART0_Handler
 .text.usart_serial_getchar
                0x0008067c       0xac src/config/ConsoleFunctions.o
 .text.usart_serial_putchar
                0x00080728       0x9c src/config/ConsoleFunctions.o
 .text.configureConsole
                0x000807c4       0x7c src/config/ConsoleFunctions.o
                0x000807c4                configureConsole
 .text._write   0x00080840       0x50 src/ASF/common/utils/stdio/write.o
                0x00080840                _write
 .text.usart_serial_read_packet
                0x00080890       0xc8 src/ASF/common/services/serial/usart_serial.o
                0x00080890                usart_serial_read_packet
 .text.uart_init
                0x00080958       0x36 src/ASF/sam/drivers/uart/uart.o
                0x00080958                uart_init
 .text.uart_write
                0x0008098e       0x10 src/ASF/sam/drivers/uart/uart.o
                0x0008098e                uart_write
 .text.uart_read
                0x0008099e       0x12 src/ASF/sam/drivers/uart/uart.o
                0x0008099e                uart_read
 .text.sysclk_init
                0x000809b0       0x64 src/ASF/common/services/clock/sam3x/sysclk.o
                0x000809b0                sysclk_init
 .text.board_init
                0x00080a14       0xa0 src/ASF/sam/boards/arduino_due_x/init.o
                0x00080a14                board_init
 .text.pio_set_peripheral
                0x00080ab4       0x3e src/ASF/sam/drivers/pio/pio.o
                0x00080ab4                pio_set_peripheral
 .text.pio_set_input
                0x00080af2       0x32 src/ASF/sam/drivers/pio/pio.o
                0x00080af2                pio_set_input
 .text.pio_set_output
                0x00080b24       0x26 src/ASF/sam/drivers/pio/pio.o
                0x00080b24                pio_set_output
 .text.pio_get_interrupt_status
                0x00080b4a        0x4 src/ASF/sam/drivers/pio/pio.o
                0x00080b4a                pio_get_interrupt_status
 .text.pio_get_interrupt_mask
                0x00080b4e        0x4 src/ASF/sam/drivers/pio/pio.o
                0x00080b4e                pio_get_interrupt_mask
 *fill*         0x00080b52        0x2 
 .text.pio_configure_pin
                0x00080b54       0xd0 src/ASF/sam/drivers/pio/pio.o
                0x00080b54                pio_configure_pin
 .text.pio_configure_pin_group
                0x00080c24       0x9c src/ASF/sam/drivers/pio/pio.o
                0x00080c24                pio_configure_pin_group
 .text.pio_handler_process
                0x00080cc0       0x50 src/ASF/sam/drivers/pio/pio_handler.o
                0x00080cc0                pio_handler_process
 .text.PIOA_Handler
                0x00080d10       0x14 src/ASF/sam/drivers/pio/pio_handler.o
                0x00080d10                PIOA_Handler
 .text.PIOB_Handler
                0x00080d24       0x14 src/ASF/sam/drivers/pio/pio_handler.o
                0x00080d24                PIOB_Handler
 .text.PIOC_Handler
                0x00080d38       0x14 src/ASF/sam/drivers/pio/pio_handler.o
                0x00080d38                PIOC_Handler
 .text.PIOD_Handler
                0x00080d4c       0x14 src/ASF/sam/drivers/pio/pio_handler.o
                0x00080d4c                PIOD_Handler
 .text.pmc_switch_mck_to_pllack
                0x00080d60       0x64 src/ASF/sam/drivers/pmc/pmc.o
                0x00080d60                pmc_switch_mck_to_pllack
 .text.pmc_switch_mainck_to_xtal
                0x00080dc4       0x54 src/ASF/sam/drivers/pmc/pmc.o
                0x00080dc4                pmc_switch_mainck_to_xtal
 .text.pmc_osc_is_ready_mainck
                0x00080e18       0x10 src/ASF/sam/drivers/pmc/pmc.o
                0x00080e18                pmc_osc_is_ready_mainck
 .text.pmc_disable_pllack
                0x00080e28       0x10 src/ASF/sam/drivers/pmc/pmc.o
                0x00080e28                pmc_disable_pllack
 .text.pmc_is_locked_pllack
                0x00080e38       0x10 src/ASF/sam/drivers/pmc/pmc.o
                0x00080e38                pmc_is_locked_pllack
 .text.pmc_enable_periph_clk
                0x00080e48       0x54 src/ASF/sam/drivers/pmc/pmc.o
                0x00080e48                pmc_enable_periph_clk
 .text.Dummy_Handler
                0x00080e9c        0x2 src/ASF/sam/utils/cmsis/sam3x/source/templates/exceptions.o
                0x00080e9c                DACC_Handler
                0x00080e9c                DebugMon_Handler
                0x00080e9c                DMAC_Handler
                0x00080e9c                TRNG_Handler
                0x00080e9c                HardFault_Handler
                0x00080e9c                TC2_Handler
                0x00080e9c                USART3_Handler
                0x00080e9c                TWI1_Handler
                0x00080e9c                NMI_Handler
                0x00080e9c                TC7_Handler
                0x00080e9c                ADC_Handler
                0x00080e9c                SMC_Handler
                0x00080e9c                RTT_Handler
                0x00080e9c                EFC1_Handler
                0x00080e9c                RTC_Handler
                0x00080e9c                UsageFault_Handler
                0x00080e9c                TC6_Handler
                0x00080e9c                WDT_Handler
                0x00080e9c                CAN0_Handler
                0x00080e9c                TC4_Handler
                0x00080e9c                TC1_Handler
                0x00080e9c                HSMCI_Handler
                0x00080e9c                TC3_Handler
                0x00080e9c                Dummy_Handler
                0x00080e9c                TWI0_Handler
                0x00080e9c                USART1_Handler
                0x00080e9c                SSC_Handler
                0x00080e9c                EFC0_Handler
                0x00080e9c                PMC_Handler
                0x00080e9c                PWM_Handler
                0x00080e9c                CAN1_Handler
                0x00080e9c                MemManage_Handler
                0x00080e9c                SUPC_Handler
                0x00080e9c                TC8_Handler
                0x00080e9c                USART2_Handler
                0x00080e9c                EMAC_Handler
                0x00080e9c                UART_Handler
                0x00080e9c                BusFault_Handler
                0x00080e9c                RSTC_Handler
                0x00080e9c                TC0_Handler
                0x00080e9c                TC5_Handler
                0x00080e9c                UOTGHS_Handler
                0x00080e9c                SPI0_Handler
 *fill*         0x00080e9e        0x2 
 .text.Reset_Handler
                0x00080ea0       0x98 src/ASF/sam/utils/cmsis/sam3x/source/templates/gcc/startup_sam3x.o
                0x00080ea0                Reset_Handler
 .text.SystemCoreClockUpdate
                0x00080f38      0x118 src/ASF/sam/utils/cmsis/sam3x/source/templates/system_sam3x.o
                0x00080f38                SystemCoreClockUpdate
 .text._sbrk    0x00081050       0x38 src/ASF/sam/utils/syscalls/gcc/syscalls.o
                0x00081050                _sbrk
 .text._close   0x00081088        0x6 src/ASF/sam/utils/syscalls/gcc/syscalls.o
                0x00081088                _close
 .text._fstat   0x0008108e        0xa src/ASF/sam/utils/syscalls/gcc/syscalls.o
                0x0008108e                _fstat
 .text._isatty  0x00081098        0x4 src/ASF/sam/utils/syscalls/gcc/syscalls.o
                0x00081098                _isatty
 .text._lseek   0x0008109c        0x4 src/ASF/sam/utils/syscalls/gcc/syscalls.o
                0x0008109c                _lseek
 .text.main     0x000810a0       0xac src/main.o
                0x000810a0                main
 .text.__libc_init_array
                0x0008114c       0x50 c:/program files (x86)/atmel/studio/7.0/toolchain/arm/arm-gnu-toolchain/bin/../lib/gcc/arm-none-eabi/6.3.1/../../../../arm-none-eabi/lib/thumb/v7-m\libc.a(lib_a-init.o)
                0x0008114c                __libc_init_array
 .text.iprintf  0x0008119c       0x28 c:/program files (x86)/atmel/studio/7.0/toolchain/arm/arm-gnu-toolchain/bin/../lib/gcc/arm-none-eabi/6.3.1/../../../../arm-none-eabi/lib/thumb/v7-m\libc.a(lib_a-iprintf.o)
                0x0008119c                iprintf
 .text          0x000811c4       0xec c:/program files (x86)/atmel/studio/7.0/toolchain/arm/arm-gnu-toolchain/bin/../lib/gcc/arm-none-eabi/6.3.1/../../../../arm-none-eabi/lib/thumb/v7-m\libc.a(lib_a-memcpy.o)
                0x000811c4                memcpy
 .text.memset   0x000812b0       0x9c c:/program files (x86)/atmel/studio/7.0/toolchain/arm/arm-gnu-toolchain/bin/../lib/gcc/arm-none-eabi/6.3.1/../../../../arm-none-eabi/lib/thumb/v7-m\libc.a(lib_a-memset.o)
                0x000812b0                memset
 .text.setbuf   0x0008134c       0x10 c:/program files (x86)/atmel/studio/7.0/toolchain/arm/arm-gnu-toolchain/bin/../lib/gcc/arm-none-eabi/6.3.1/../../../../arm-none-eabi/lib/thumb/v7-m\libc.a(lib_a-setbuf.o)
                0x0008134c                setbuf
 .text.setvbuf  0x0008135c      0x190 c:/program files (x86)/atmel/studio/7.0/toolchain/arm/arm-gnu-toolchain/bin/../lib/gcc/arm-none-eabi/6.3.1/../../../../arm-none-eabi/lib/thumb/v7-m\libc.a(lib_a-setvbuf.o)
                0x0008135c                setvbuf
 .text.strlen   0x000814ec       0x5c c:/program files (x86)/atmel/studio/7.0/toolchain/arm/arm-gnu-toolchain/bin/../lib/gcc/arm-none-eabi/6.3.1/../../../../arm-none-eabi/lib/thumb/v7-m\libc.a(lib_a-strlen-stub.o)
                0x000814ec                strlen
 .text.__sprint_r.part.0
                0x00081548       0x80 c:/program files (x86)/atmel/studio/7.0/toolchain/arm/arm-gnu-toolchain/bin/../lib/gcc/arm-none-eabi/6.3.1/../../../../arm-none-eabi/lib/thumb/v7-m\libc.a(lib_a-vfiprintf.o)
 .text._vfiprintf_r
                0x000815c8      0xc88 c:/program files (x86)/atmel/studio/7.0/toolchain/arm/arm-gnu-toolchain/bin/../lib/gcc/arm-none-eabi/6.3.1/../../../../arm-none-eabi/lib/thumb/v7-m\libc.a(lib_a-vfiprintf.o)
                0x000815c8                _vfiprintf_r
 .text.__sbprintf
                0x00082250       0x88 c:/program files (x86)/atmel/studio/7.0/toolchain/arm/arm-gnu-toolchain/bin/../lib/gcc/arm-none-eabi/6.3.1/../../../../arm-none-eabi/lib/thumb/v7-m\libc.a(lib_a-vfiprintf.o)
 .text.__swsetup_r
                0x000822d8       0xc8 c:/program files (x86)/atmel/studio/7.0/toolchain/arm/arm-gnu-toolchain/bin/../lib/gcc/arm-none-eabi/6.3.1/../../../../arm-none-eabi/lib/thumb/v7-m\libc.a(lib_a-wsetup.o)
                0x000822d8                __swsetup_r
 .text.startup.register_fini
                0x000823a0       0x14 c:/program files (x86)/atmel/studio/7.0/toolchain/arm/arm-gnu-toolchain/bin/../lib/gcc/arm-none-eabi/6.3.1/../../../../arm-none-eabi/lib/thumb/v7-m\libc.a(lib_a-__call_atexit.o)
 .text.atexit   0x000823b4        0xc c:/program files (x86)/atmel/studio/7.0/toolchain/arm/arm-gnu-toolchain/bin/../lib/gcc/arm-none-eabi/6.3.1/../../../../arm-none-eabi/lib/thumb/v7-m\libc.a(lib_a-atexit.o)
                0x000823b4                atexit
 .text.__sflush_r
                0x000823c0      0x138 c:/program files (x86)/atmel/studio/7.0/toolchain/arm/arm-gnu-toolchain/bin/../lib/gcc/arm-none-eabi/6.3.1/../../../../arm-none-eabi/lib/thumb/v7-m\libc.a(lib_a-fflush.o)
                0x000823c0                __sflush_r
 .text._fflush_r
                0x000824f8       0x54 c:/program files (x86)/atmel/studio/7.0/toolchain/arm/arm-gnu-toolchain/bin/../lib/gcc/arm-none-eabi/6.3.1/../../../../arm-none-eabi/lib/thumb/v7-m\libc.a(lib_a-fflush.o)
                0x000824f8                _fflush_r
 .text._cleanup_r
                0x0008254c        0xc c:/program files (x86)/atmel/studio/7.0/toolchain/arm/arm-gnu-toolchain/bin/../lib/gcc/arm-none-eabi/6.3.1/../../../../arm-none-eabi/lib/thumb/v7-m\libc.a(lib_a-findfp.o)
                0x0008254c                _cleanup_r
 .text.std.isra.0
                0x00082558       0x50 c:/program files (x86)/atmel/studio/7.0/toolchain/arm/arm-gnu-toolchain/bin/../lib/gcc/arm-none-eabi/6.3.1/../../../../arm-none-eabi/lib/thumb/v7-m\libc.a(lib_a-findfp.o)
 .text.__sinit  0x000825a8       0x60 c:/program files (x86)/atmel/studio/7.0/toolchain/arm/arm-gnu-toolchain/bin/../lib/gcc/arm-none-eabi/6.3.1/../../../../arm-none-eabi/lib/thumb/v7-m\libc.a(lib_a-findfp.o)
                0x000825a8                __sinit
 .text.__sfp_lock_acquire
                0x00082608        0xc c:/program files (x86)/atmel/studio/7.0/toolchain/arm/arm-gnu-toolchain/bin/../lib/gcc/arm-none-eabi/6.3.1/../../../../arm-none-eabi/lib/thumb/v7-m\libc.a(lib_a-findfp.o)
                0x00082608                __sfp_lock_acquire
 .text.__sfp_lock_release
                0x00082614        0xc c:/program files (x86)/atmel/studio/7.0/toolchain/arm/arm-gnu-toolchain/bin/../lib/gcc/arm-none-eabi/6.3.1/../../../../arm-none-eabi/lib/thumb/v7-m\libc.a(lib_a-findfp.o)
                0x00082614                __sfp_lock_release
 .text.__libc_fini_array
                0x00082620       0x34 c:/program files (x86)/atmel/studio/7.0/toolchain/arm/arm-gnu-toolchain/bin/../lib/gcc/arm-none-eabi/6.3.1/../../../../arm-none-eabi/lib/thumb/v7-m\libc.a(lib_a-fini.o)
                0x00082620                __libc_fini_array
 .text.__fputwc
                0x00082654       0x98 c:/program files (x86)/atmel/studio/7.0/toolchain/arm/arm-gnu-toolchain/bin/../lib/gcc/arm-none-eabi/6.3.1/../../../../arm-none-eabi/lib/thumb/v7-m\libc.a(lib_a-fputwc.o)
                0x00082654                __fputwc
 .text._fputwc_r
                0x000826ec       0x68 c:/program files (x86)/atmel/studio/7.0/toolchain/arm/arm-gnu-toolchain/bin/../lib/gcc/arm-none-eabi/6.3.1/../../../../arm-none-eabi/lib/thumb/v7-m\libc.a(lib_a-fputwc.o)
                0x000826ec                _fputwc_r
 .text._malloc_trim_r
                0x00082754       0xa0 c:/program files (x86)/atmel/studio/7.0/toolchain/arm/arm-gnu-toolchain/bin/../lib/gcc/arm-none-eabi/6.3.1/../../../../arm-none-eabi/lib/thumb/v7-m\libc.a(lib_a-freer.o)
                0x00082754                _malloc_trim_r
 .text._free_r  0x000827f4      0x1cc c:/program files (x86)/atmel/studio/7.0/toolchain/arm/arm-gnu-toolchain/bin/../lib/gcc/arm-none-eabi/6.3.1/../../../../arm-none-eabi/lib/thumb/v7-m\libc.a(lib_a-freer.o)
                0x000827f4                _free_r
 .text.__sfvwrite_r
                0x000829c0      0x2f4 c:/program files (x86)/atmel/studio/7.0/toolchain/arm/arm-gnu-toolchain/bin/../lib/gcc/arm-none-eabi/6.3.1/../../../../arm-none-eabi/lib/thumb/v7-m\libc.a(lib_a-fvwrite.o)
                0x000829c0                __sfvwrite_r
 .text._fwalk_reent
                0x00082cb4       0x50 c:/program files (x86)/atmel/studio/7.0/toolchain/arm/arm-gnu-toolchain/bin/../lib/gcc/arm-none-eabi/6.3.1/../../../../arm-none-eabi/lib/thumb/v7-m\libc.a(lib_a-fwalk.o)
                0x00082cb4                _fwalk_reent
 .text.__locale_mb_cur_max
                0x00082d04       0x1c c:/program files (x86)/atmel/studio/7.0/toolchain/arm/arm-gnu-toolchain/bin/../lib/gcc/arm-none-eabi/6.3.1/../../../../arm-none-eabi/lib/thumb/v7-m\libc.a(lib_a-locale.o)
                0x00082d04                __locale_mb_cur_max
 .text.__retarget_lock_init_recursive
                0x00082d20        0x4 c:/program files (x86)/atmel/studio/7.0/toolchain/arm/arm-gnu-toolchain/bin/../lib/gcc/arm-none-eabi/6.3.1/../../../../arm-none-eabi/lib/thumb/v7-m\libc.a(lib_a-lock.o)
                0x00082d20                __retarget_lock_init_recursive
 .text.__retarget_lock_close_recursive
                0x00082d24        0x4 c:/program files (x86)/atmel/studio/7.0/toolchain/arm/arm-gnu-toolchain/bin/../lib/gcc/arm-none-eabi/6.3.1/../../../../arm-none-eabi/lib/thumb/v7-m\libc.a(lib_a-lock.o)
                0x00082d24                __retarget_lock_close_recursive
 .text.__retarget_lock_acquire_recursive
                0x00082d28        0x4 c:/program files (x86)/atmel/studio/7.0/toolchain/arm/arm-gnu-toolchain/bin/../lib/gcc/arm-none-eabi/6.3.1/../../../../arm-none-eabi/lib/thumb/v7-m\libc.a(lib_a-lock.o)
                0x00082d28                __retarget_lock_acquire_recursive
 .text.__retarget_lock_release_recursive
                0x00082d2c        0x4 c:/program files (x86)/atmel/studio/7.0/toolchain/arm/arm-gnu-toolchain/bin/../lib/gcc/arm-none-eabi/6.3.1/../../../../arm-none-eabi/lib/thumb/v7-m\libc.a(lib_a-lock.o)
                0x00082d2c                __retarget_lock_release_recursive
 .text.__swhatbuf_r
                0x00082d30       0x5c c:/program files (x86)/atmel/studio/7.0/toolchain/arm/arm-gnu-toolchain/bin/../lib/gcc/arm-none-eabi/6.3.1/../../../../arm-none-eabi/lib/thumb/v7-m\libc.a(lib_a-makebuf.o)
                0x00082d30                __swhatbuf_r
 .text.__smakebuf_r
                0x00082d8c       0x94 c:/program files (x86)/atmel/studio/7.0/toolchain/arm/arm-gnu-toolchain/bin/../lib/gcc/arm-none-eabi/6.3.1/../../../../arm-none-eabi/lib/thumb/v7-m\libc.a(lib_a-makebuf.o)
                0x00082d8c                __smakebuf_r
 .text.malloc   0x00082e20       0x10 c:/program files (x86)/atmel/studio/7.0/toolchain/arm/arm-gnu-toolchain/bin/../lib/gcc/arm-none-eabi/6.3.1/../../../../arm-none-eabi/lib/thumb/v7-m\libc.a(lib_a-malloc.o)
                0x00082e20                malloc
 .text._malloc_r
                0x00082e30      0x544 c:/program files (x86)/atmel/studio/7.0/toolchain/arm/arm-gnu-toolchain/bin/../lib/gcc/arm-none-eabi/6.3.1/../../../../arm-none-eabi/lib/thumb/v7-m\libc.a(lib_a-mallocr.o)
                0x00082e30                _malloc_r
 .text.__ascii_mbtowc
                0x00083374       0x2c c:/program files (x86)/atmel/studio/7.0/toolchain/arm/arm-gnu-toolchain/bin/../lib/gcc/arm-none-eabi/6.3.1/../../../../arm-none-eabi/lib/thumb/v7-m\libc.a(lib_a-mbtowc_r.o)
                0x00083374                __ascii_mbtowc
 .text.memchr   0x000833a0       0x8c c:/program files (x86)/atmel/studio/7.0/toolchain/arm/arm-gnu-toolchain/bin/../lib/gcc/arm-none-eabi/6.3.1/../../../../arm-none-eabi/lib/thumb/v7-m\libc.a(lib_a-memchr-stub.o)
                0x000833a0                memchr
 .text.memmove  0x0008342c       0xc8 c:/program files (x86)/atmel/studio/7.0/toolchain/arm/arm-gnu-toolchain/bin/../lib/gcc/arm-none-eabi/6.3.1/../../../../arm-none-eabi/lib/thumb/v7-m\libc.a(lib_a-memmove.o)
                0x0008342c                memmove
 .text.__malloc_lock
                0x000834f4        0xc c:/program files (x86)/atmel/studio/7.0/toolchain/arm/arm-gnu-toolchain/bin/../lib/gcc/arm-none-eabi/6.3.1/../../../../arm-none-eabi/lib/thumb/v7-m\libc.a(lib_a-mlock.o)
                0x000834f4                __malloc_lock
 .text.__malloc_unlock
                0x00083500        0xc c:/program files (x86)/atmel/studio/7.0/toolchain/arm/arm-gnu-toolchain/bin/../lib/gcc/arm-none-eabi/6.3.1/../../../../arm-none-eabi/lib/thumb/v7-m\libc.a(lib_a-mlock.o)
                0x00083500                __malloc_unlock
 .text._realloc_r
                0x0008350c      0x36c c:/program files (x86)/atmel/studio/7.0/toolchain/arm/arm-gnu-toolchain/bin/../lib/gcc/arm-none-eabi/6.3.1/../../../../arm-none-eabi/lib/thumb/v7-m\libc.a(lib_a-reallocr.o)
                0x0008350c                _realloc_r
 .text._sbrk_r  0x00083878       0x24 c:/program files (x86)/atmel/studio/7.0/toolchain/arm/arm-gnu-toolchain/bin/../lib/gcc/arm-none-eabi/6.3.1/../../../../arm-none-eabi/lib/thumb/v7-m\libc.a(lib_a-sbrkr.o)
                0x00083878                _sbrk_r
 .text.__sread  0x0008389c       0x24 c:/program files (x86)/atmel/studio/7.0/toolchain/arm/arm-gnu-toolchain/bin/../lib/gcc/arm-none-eabi/6.3.1/../../../../arm-none-eabi/lib/thumb/v7-m\libc.a(lib_a-stdio.o)
                0x0008389c                __sread
 .text.__swrite
                0x000838c0       0x3c c:/program files (x86)/atmel/studio/7.0/toolchain/arm/arm-gnu-toolchain/bin/../lib/gcc/arm-none-eabi/6.3.1/../../../../arm-none-eabi/lib/thumb/v7-m\libc.a(lib_a-stdio.o)
                0x000838c0                __swrite
 .text.__sseek  0x000838fc       0x20 c:/program files (x86)/atmel/studio/7.0/toolchain/arm/arm-gnu-toolchain/bin/../lib/gcc/arm-none-eabi/6.3.1/../../../../arm-none-eabi/lib/thumb/v7-m\libc.a(lib_a-stdio.o)
                0x000838fc                __sseek
 .text.__sclose
                0x0008391c        0x8 c:/program files (x86)/atmel/studio/7.0/toolchain/arm/arm-gnu-toolchain/bin/../lib/gcc/arm-none-eabi/6.3.1/../../../../arm-none-eabi/lib/thumb/v7-m\libc.a(lib_a-stdio.o)
                0x0008391c                __sclose
 .text.__swbuf_r
                0x00083924       0xb0 c:/program files (x86)/atmel/studio/7.0/toolchain/arm/arm-gnu-toolchain/bin/../lib/gcc/arm-none-eabi/6.3.1/../../../../arm-none-eabi/lib/thumb/v7-m\libc.a(lib_a-wbuf.o)
                0x00083924                __swbuf_r
 .text._wcrtomb_r
                0x000839d4       0x54 c:/program files (x86)/atmel/studio/7.0/toolchain/arm/arm-gnu-toolchain/bin/../lib/gcc/arm-none-eabi/6.3.1/../../../../arm-none-eabi/lib/thumb/v7-m\libc.a(lib_a-wcrtomb.o)
                0x000839d4                _wcrtomb_r
 .text.__ascii_wctomb
                0x00083a28       0x18 c:/program files (x86)/atmel/studio/7.0/toolchain/arm/arm-gnu-toolchain/bin/../lib/gcc/arm-none-eabi/6.3.1/../../../../arm-none-eabi/lib/thumb/v7-m\libc.a(lib_a-wctomb_r.o)
                0x00083a28                __ascii_wctomb
 .text._write_r
                0x00083a40       0x2c c:/program files (x86)/atmel/studio/7.0/toolchain/arm/arm-gnu-toolchain/bin/../lib/gcc/arm-none-eabi/6.3.1/../../../../arm-none-eabi/lib/thumb/v7-m\libc.a(lib_a-writer.o)
                0x00083a40                _write_r
 .text.__register_exitproc
                0x00083a6c       0xc4 c:/program files (x86)/atmel/studio/7.0/toolchain/arm/arm-gnu-toolchain/bin/../lib/gcc/arm-none-eabi/6.3.1/../../../../arm-none-eabi/lib/thumb/v7-m\libc.a(lib_a-__atexit.o)
                0x00083a6c                __register_exitproc
 .text._close_r
                0x00083b30       0x24 c:/program files (x86)/atmel/studio/7.0/toolchain/arm/arm-gnu-toolchain/bin/../lib/gcc/arm-none-eabi/6.3.1/../../../../arm-none-eabi/lib/thumb/v7-m\libc.a(lib_a-closer.o)
                0x00083b30                _close_r
 .text._fclose_r
                0x00083b54       0xc4 c:/program files (x86)/atmel/studio/7.0/toolchain/arm/arm-gnu-toolchain/bin/../lib/gcc/arm-none-eabi/6.3.1/../../../../arm-none-eabi/lib/thumb/v7-m\libc.a(lib_a-fclose.o)
                0x00083b54                _fclose_r
 .text._fstat_r
                0x00083c18       0x28 c:/program files (x86)/atmel/studio/7.0/toolchain/arm/arm-gnu-toolchain/bin/../lib/gcc/arm-none-eabi/6.3.1/../../../../arm-none-eabi/lib/thumb/v7-m\libc.a(lib_a-fstatr.o)
                0x00083c18                _fstat_r
 .text._isatty_r
                0x00083c40       0x24 c:/program files (x86)/atmel/studio/7.0/toolchain/arm/arm-gnu-toolchain/bin/../lib/gcc/arm-none-eabi/6.3.1/../../../../arm-none-eabi/lib/thumb/v7-m\libc.a(lib_a-isattyr.o)
                0x00083c40                _isatty_r
 .text._lseek_r
                0x00083c64       0x2c c:/program files (x86)/atmel/studio/7.0/toolchain/arm/arm-gnu-toolchain/bin/../lib/gcc/arm-none-eabi/6.3.1/../../../../arm-none-eabi/lib/thumb/v7-m\libc.a(lib_a-lseekr.o)
                0x00083c64                _lseek_r
 .text._read_r  0x00083c90       0x2c c:/program files (x86)/atmel/studio/7.0/toolchain/arm/arm-gnu-toolchain/bin/../lib/gcc/arm-none-eabi/6.3.1/../../../../arm-none-eabi/lib/thumb/v7-m\libc.a(lib_a-readr.o)
                0x00083c90                _read_r
 .text          0x00083cbc       0x30 c:/program files (x86)/atmel/studio/7.0/toolchain/arm/arm-gnu-toolchain/bin/../lib/gcc/arm-none-eabi/6.3.1/thumb/v7-m\libgcc.a(_aeabi_uldivmod.o)
                0x00083cbc                __aeabi_uldivmod
 .text          0x00083cec      0x2dc c:/program files (x86)/atmel/studio/7.0/toolchain/arm/arm-gnu-toolchain/bin/../lib/gcc/arm-none-eabi/6.3.1/thumb/v7-m\libgcc.a(_udivmoddi4.o)
                0x00083cec                __udivmoddi4
 .text          0x00083fc8        0x4 c:/program files (x86)/atmel/studio/7.0/toolchain/arm/arm-gnu-toolchain/bin/../lib/gcc/arm-none-eabi/6.3.1/thumb/v7-m\libgcc.a(_dvmd_tls.o)
                0x00083fc8                __aeabi_idiv0
                0x00083fc8                __aeabi_ldiv0
 *(.glue_7t)
 .glue_7t       0x00083fcc        0x0 linker stubs
 *(.glue_7)
 .glue_7        0x00083fcc        0x0 linker stubs
 *(.rodata .rodata* .gnu.linkonce.r.*)
 .rodata.main.str1.4
                0x00083fcc       0x5b src/main.o
 *fill*         0x00084027        0x1 
 .rodata._global_impure_ptr
                0x00084028        0x4 c:/program files (x86)/atmel/studio/7.0/toolchain/arm/arm-gnu-toolchain/bin/../lib/gcc/arm-none-eabi/6.3.1/../../../../arm-none-eabi/lib/thumb/v7-m\libc.a(lib_a-impure.o)
                0x00084028                _global_impure_ptr
 .rodata._vfiprintf_r.str1.4
                0x0008402c       0x2f c:/program files (x86)/atmel/studio/7.0/toolchain/arm/arm-gnu-toolchain/bin/../lib/gcc/arm-none-eabi/6.3.1/../../../../arm-none-eabi/lib/thumb/v7-m\libc.a(lib_a-vfiprintf.o)
 *fill*         0x0008405b        0x1 
 .rodata.blanks.7217
                0x0008405c       0x10 c:/program files (x86)/atmel/studio/7.0/toolchain/arm/arm-gnu-toolchain/bin/../lib/gcc/arm-none-eabi/6.3.1/../../../../arm-none-eabi/lib/thumb/v7-m\libc.a(lib_a-vfiprintf.o)
 .rodata.zeroes.7218
                0x0008406c       0x10 c:/program files (x86)/atmel/studio/7.0/toolchain/arm/arm-gnu-toolchain/bin/../lib/gcc/arm-none-eabi/6.3.1/../../../../arm-none-eabi/lib/thumb/v7-m\libc.a(lib_a-vfiprintf.o)
 .rodata._setlocale_r.str1.4
                0x0008407c        0xa c:/program files (x86)/atmel/studio/7.0/toolchain/arm/arm-gnu-toolchain/bin/../lib/gcc/arm-none-eabi/6.3.1/../../../../arm-none-eabi/lib/thumb/v7-m\libc.a(lib_a-locale.o)
                                  0xd (size before relaxing)
 *fill*         0x00084086        0x2 
 .rodata.str1.4
                0x00084088        0x4 c:/program files (x86)/atmel/studio/7.0/toolchain/arm/arm-gnu-toolchain/bin/../lib/gcc/arm-none-eabi/6.3.1/../../../../arm-none-eabi/lib/thumb/v7-m\libc.a(lib_a-locale.o)
                                  0x2 (size before relaxing)
 .rodata._ctype_
                0x0008408c      0x101 c:/program files (x86)/atmel/studio/7.0/toolchain/arm/arm-gnu-toolchain/bin/../lib/gcc/arm-none-eabi/6.3.1/../../../../arm-none-eabi/lib/thumb/v7-m\libc.a(lib_a-ctype_.o)
                0x0008408c                _ctype_
 *(.ARM.extab* .gnu.linkonce.armextab.*)
                0x00084190                . = ALIGN (0x4)
 *fill*         0x0008418d        0x3 
 *(.init)
 .init          0x00084190        0x4 c:/program files (x86)/atmel/studio/7.0/toolchain/arm/arm-gnu-toolchain/bin/../lib/gcc/arm-none-eabi/6.3.1/thumb/v7-m/crti.o
                0x00084190                _init
 .init          0x00084194        0x8 c:/program files (x86)/atmel/studio/7.0/toolchain/arm/arm-gnu-toolchain/bin/../lib/gcc/arm-none-eabi/6.3.1/thumb/v7-m/crtn.o
                0x0008419c                . = ALIGN (0x4)
                0x0008419c                __preinit_array_start = .
 *(.preinit_array)
                0x0008419c                __preinit_array_end = .
                0x0008419c                . = ALIGN (0x4)
                0x0008419c                __init_array_start = .
 *(SORT(.init_array.*))
 .init_array.00000
                0x0008419c        0x4 c:/program files (x86)/atmel/studio/7.0/toolchain/arm/arm-gnu-toolchain/bin/../lib/gcc/arm-none-eabi/6.3.1/../../../../arm-none-eabi/lib/thumb/v7-m\libc.a(lib_a-__call_atexit.o)
 *(.init_array)
 .init_array    0x000841a0        0x4 c:/program files (x86)/atmel/studio/7.0/toolchain/arm/arm-gnu-toolchain/bin/../lib/gcc/arm-none-eabi/6.3.1/thumb/v7-m/crtbegin.o
                0x000841a4                __init_array_end = .
                0x000841a4                . = ALIGN (0x4)
 *crtbegin.o(.ctors)
 *(EXCLUDE_FILE(*crtend.o) .ctors)
 *(SORT(.ctors.*))
 *crtend.o(.ctors)
                0x000841a4                . = ALIGN (0x4)
 *(.fini)
 .fini          0x000841a4        0x4 c:/program files (x86)/atmel/studio/7.0/toolchain/arm/arm-gnu-toolchain/bin/../lib/gcc/arm-none-eabi/6.3.1/thumb/v7-m/crti.o
                0x000841a4                _fini
 .fini          0x000841a8        0x8 c:/program files (x86)/atmel/studio/7.0/toolchain/arm/arm-gnu-toolchain/bin/../lib/gcc/arm-none-eabi/6.3.1/thumb/v7-m/crtn.o
                0x000841b0                . = ALIGN (0x4)
                0x000841b0                __fini_array_start = .
 *(.fini_array)
 .fini_array    0x000841b0        0x4 c:/program files (x86)/atmel/studio/7.0/toolchain/arm/arm-gnu-toolchain/bin/../lib/gcc/arm-none-eabi/6.3.1/thumb/v7-m/crtbegin.o
 *(SORT(.fini_array.*))
                0x000841b4                __fini_array_end = .
 *crtbegin.o(.dtors)
 *(EXCLUDE_FILE(*crtend.o) .dtors)
 *(SORT(.dtors.*))
 *crtend.o(.dtors)
                0x000841b4                . = ALIGN (0x4)
                0x000841b4                _efixed = .
                [!provide]                PROVIDE (__exidx_start, .)

.vfp11_veneer   0x000841b4        0x0
 .vfp11_veneer  0x000841b4        0x0 linker stubs

.v4_bx          0x000841b4        0x0
 .v4_bx         0x000841b4        0x0 linker stubs

.iplt           0x000841b4        0x0
 .iplt          0x000841b4        0x0 c:/program files (x86)/atmel/studio/7.0/toolchain/arm/arm-gnu-toolchain/bin/../lib/gcc/arm-none-eabi/6.3.1/thumb/v7-m/crtbegin.o

.ARM.exidx      0x000841b4        0x8
 *(.ARM.exidx* .gnu.linkonce.armexidx.*)
 .ARM.exidx     0x000841b4        0x8 c:/program files (x86)/atmel/studio/7.0/toolchain/arm/arm-gnu-toolchain/bin/../lib/gcc/arm-none-eabi/6.3.1/thumb/v7-m\libgcc.a(_udivmoddi4.o)
                [!provide]                PROVIDE (__exidx_end, .)

.eh_frame       0x000841bc        0x0
 .eh_frame      0x000841bc        0x0 c:/program files (x86)/atmel/studio/7.0/toolchain/arm/arm-gnu-toolchain/bin/../lib/gcc/arm-none-eabi/6.3.1/thumb/v7-m/crtbegin.o

.rel.dyn        0x000841bc        0x0
 .rel.iplt      0x000841bc        0x0 c:/program files (x86)/atmel/studio/7.0/toolchain/arm/arm-gnu-toolchain/bin/../lib/gcc/arm-none-eabi/6.3.1/thumb/v7-m/crtbegin.o

.jcr            0x000841bc        0x0
 .jcr           0x000841bc        0x0 c:/program files (x86)/atmel/studio/7.0/toolchain/arm/arm-gnu-toolchain/bin/../lib/gcc/arm-none-eabi/6.3.1/thumb/v7-m/crtbegin.o

.igot.plt       0x000841bc        0x0
 .igot.plt      0x000841bc        0x0 c:/program files (x86)/atmel/studio/7.0/toolchain/arm/arm-gnu-toolchain/bin/../lib/gcc/arm-none-eabi/6.3.1/thumb/v7-m/crtbegin.o
                0x000841bc                . = ALIGN (0x4)
                0x000841bc                _etext = .

.relocate       0x20070000      0xaf8 load address 0x000841bc
                0x20070000                . = ALIGN (0x4)
                0x20070000                _srelocate = .
 *(.ramfunc .ramfunc.*)
 .ramfunc       0x20070000      0x12c src/ASF/sam/utils/cmsis/sam3x/source/templates/system_sam3x.o
                0x20070000                SystemInit
                0x200700a4                system_init_flash
 *(.data .data.*)
 .data.xNextTaskUnblockTime
                0x2007012c        0x4 src/ASF/thirdparty/freertos/freertos-7.3.0/source/tasks.o
 .data.g_interrupt_enabled
                0x20070130        0x1 src/ASF/common/utils/interrupt/interrupt_sam_nvic.o
                0x20070130                g_interrupt_enabled
 *fill*         0x20070131        0x3 
 .data.SystemCoreClock
                0x20070134        0x4 src/ASF/sam/utils/cmsis/sam3x/source/templates/system_sam3x.o
                0x20070134                SystemCoreClock
 .data.packet_pos
                0x20070138       0x14 src/main.o
                0x20070138                packet_pos
 .data._impure_ptr
                0x2007014c        0x4 c:/program files (x86)/atmel/studio/7.0/toolchain/arm/arm-gnu-toolchain/bin/../lib/gcc/arm-none-eabi/6.3.1/../../../../arm-none-eabi/lib/thumb/v7-m\libc.a(lib_a-impure.o)
                0x2007014c                _impure_ptr
 .data.impure_data
                0x20070150      0x428 c:/program files (x86)/atmel/studio/7.0/toolchain/arm/arm-gnu-toolchain/bin/../lib/gcc/arm-none-eabi/6.3.1/../../../../arm-none-eabi/lib/thumb/v7-m\libc.a(lib_a-impure.o)
 .data.__atexit_recursive_mutex
                0x20070578        0x4 c:/program files (x86)/atmel/studio/7.0/toolchain/arm/arm-gnu-toolchain/bin/../lib/gcc/arm-none-eabi/6.3.1/../../../../arm-none-eabi/lib/thumb/v7-m\libc.a(lib_a-__call_atexit.o)
                0x20070578                __atexit_recursive_mutex
 .data.__global_locale
                0x2007057c      0x16c c:/program files (x86)/atmel/studio/7.0/toolchain/arm/arm-gnu-toolchain/bin/../lib/gcc/arm-none-eabi/6.3.1/../../../../arm-none-eabi/lib/thumb/v7-m\libc.a(lib_a-locale.o)
                0x2007057c                __global_locale
 .data.__malloc_av_
                0x200706e8      0x408 c:/program files (x86)/atmel/studio/7.0/toolchain/arm/arm-gnu-toolchain/bin/../lib/gcc/arm-none-eabi/6.3.1/../../../../arm-none-eabi/lib/thumb/v7-m\libc.a(lib_a-mallocr.o)
                0x200706e8                __malloc_av_
 .data.__malloc_sbrk_base
                0x20070af0        0x4 c:/program files (x86)/atmel/studio/7.0/toolchain/arm/arm-gnu-toolchain/bin/../lib/gcc/arm-none-eabi/6.3.1/../../../../arm-none-eabi/lib/thumb/v7-m\libc.a(lib_a-mallocr.o)
                0x20070af0                __malloc_sbrk_base
 .data.__malloc_trim_threshold
                0x20070af4        0x4 c:/program files (x86)/atmel/studio/7.0/toolchain/arm/arm-gnu-toolchain/bin/../lib/gcc/arm-none-eabi/6.3.1/../../../../arm-none-eabi/lib/thumb/v7-m\libc.a(lib_a-mallocr.o)
                0x20070af4                __malloc_trim_threshold
                0x20070af8                . = ALIGN (0x4)
                0x20070af8                _erelocate = .

.bss            0x20070af8      0x22c load address 0x00084cb4
                0x20070af8                . = ALIGN (0x4)
                0x20070af8                _sbss = .
                0x20070af8                _szero = .
 *(.bss .bss.*)
 .bss           0x20070af8       0x1c c:/program files (x86)/atmel/studio/7.0/toolchain/arm/arm-gnu-toolchain/bin/../lib/gcc/arm-none-eabi/6.3.1/thumb/v7-m/crtbegin.o
 .bss.pxCurrentTCB
                0x20070b14        0x4 src/ASF/thirdparty/freertos/freertos-7.3.0/source/tasks.o
                0x20070b14                pxCurrentTCB
 .bss.pxDelayedTaskList
                0x20070b18        0x4 src/ASF/thirdparty/freertos/freertos-7.3.0/source/tasks.o
 .bss.pxOverflowDelayedTaskList
                0x20070b1c        0x4 src/ASF/thirdparty/freertos/freertos-7.3.0/source/tasks.o
 .bss.pxReadyTasksLists
                0x20070b20       0x64 src/ASF/thirdparty/freertos/freertos-7.3.0/source/tasks.o
 .bss.uxMissedTicks
                0x20070b84        0x4 src/ASF/thirdparty/freertos/freertos-7.3.0/source/tasks.o
 .bss.uxSchedulerSuspended
                0x20070b88        0x4 src/ASF/thirdparty/freertos/freertos-7.3.0/source/tasks.o
 .bss.uxTopReadyPriority
                0x20070b8c        0x4 src/ASF/thirdparty/freertos/freertos-7.3.0/source/tasks.o
 .bss.xMissedYield
                0x20070b90        0x4 src/ASF/thirdparty/freertos/freertos-7.3.0/source/tasks.o
 .bss.xNumOfOverflows
                0x20070b94        0x4 src/ASF/thirdparty/freertos/freertos-7.3.0/source/tasks.o
 .bss.xTickCount
                0x20070b98        0x4 src/ASF/thirdparty/freertos/freertos-7.3.0/source/tasks.o
 .bss.serial_rx_buf
                0x20070b9c       0x9c src/ASF/thirdparty/wireless/addons/sio2host/uart/sio2host.o
 .bss.serial_rx_buf_tail
                0x20070c38        0x1 src/ASF/thirdparty/wireless/addons/sio2host/uart/sio2host.o
 *fill*         0x20070c39        0x3 
 .bss.gs_interrupt_sources
                0x20070c3c       0x70 src/ASF/sam/drivers/pio/pio_handler.o
 .bss.heap.5297
                0x20070cac        0x4 src/ASF/sam/utils/syscalls/gcc/syscalls.o
 .bss.data_position
                0x20070cb0        0xa src/main.o
                0x20070cb0                data_position
 *fill*         0x20070cba        0x2 
 .bss.__malloc_current_mallinfo
                0x20070cbc       0x28 c:/program files (x86)/atmel/studio/7.0/toolchain/arm/arm-gnu-toolchain/bin/../lib/gcc/arm-none-eabi/6.3.1/../../../../arm-none-eabi/lib/thumb/v7-m\libc.a(lib_a-mallocr.o)
                0x20070cbc                __malloc_current_mallinfo
 .bss.__malloc_max_sbrked_mem
                0x20070ce4        0x4 c:/program files (x86)/atmel/studio/7.0/toolchain/arm/arm-gnu-toolchain/bin/../lib/gcc/arm-none-eabi/6.3.1/../../../../arm-none-eabi/lib/thumb/v7-m\libc.a(lib_a-mallocr.o)
                0x20070ce4                __malloc_max_sbrked_mem
 .bss.__malloc_max_total_mem
                0x20070ce8        0x4 c:/program files (x86)/atmel/studio/7.0/toolchain/arm/arm-gnu-toolchain/bin/../lib/gcc/arm-none-eabi/6.3.1/../../../../arm-none-eabi/lib/thumb/v7-m\libc.a(lib_a-mallocr.o)
                0x20070ce8                __malloc_max_total_mem
 .bss.__malloc_top_pad
                0x20070cec        0x4 c:/program files (x86)/atmel/studio/7.0/toolchain/arm/arm-gnu-toolchain/bin/../lib/gcc/arm-none-eabi/6.3.1/../../../../arm-none-eabi/lib/thumb/v7-m\libc.a(lib_a-mallocr.o)
                0x20070cec                __malloc_top_pad
 *(COMMON)
 COMMON         0x20070cf0        0x4 src/ASF/common/utils/stdio/read.o
                0x20070cf0                ptr_get
 COMMON         0x20070cf4        0x8 src/ASF/common/utils/stdio/write.o
                0x20070cf4                ptr_put
                0x20070cf8                stdio_base
 COMMON         0x20070cfc       0x21 c:/program files (x86)/atmel/studio/7.0/toolchain/arm/arm-gnu-toolchain/bin/../lib/gcc/arm-none-eabi/6.3.1/../../../../arm-none-eabi/lib/thumb/v7-m\libc.a(lib_a-lock.o)
                0x20070cfc                __lock___atexit_recursive_mutex
                0x20070d00                __lock___arc4random_mutex
                0x20070d04                __lock___env_recursive_mutex
                0x20070d08                __lock___sinit_recursive_mutex
                0x20070d0c                __lock___malloc_recursive_mutex
                0x20070d10                __lock___at_quick_exit_mutex
                0x20070d14                __lock___dd_hash_mutex
                0x20070d18                __lock___tz_mutex
                0x20070d1c                __lock___sfp_recursive_mutex
 *fill*         0x20070d1d        0x3 
 COMMON         0x20070d20        0x4 c:/program files (x86)/atmel/studio/7.0/toolchain/arm/arm-gnu-toolchain/bin/../lib/gcc/arm-none-eabi/6.3.1/../../../../arm-none-eabi/lib/thumb/v7-m\libc.a(lib_a-reent.o)
                0x20070d20                errno
                0x20070d24                . = ALIGN (0x4)
                0x20070d24                _ebss = .
                0x20070d24                _ezero = .

.stack          0x20070d24     0x2004 load address 0x00084ee0
                0x20070d28                . = ALIGN (0x8)
 *fill*         0x20070d24        0x4 
                0x20070d28                _sstack = .
                0x20072d28                . = (. + __stack_size__)
 *fill*         0x20070d28     0x2000 
                0x20072d28                . = ALIGN (0x8)
                0x20072d28                _estack = .
                0x20072d28                . = ALIGN (0x4)
                0x20072d28                _end = .
OUTPUT(P2Project.elf elf32-littlearm)

.ARM.attributes
                0x00000000       0x29
 .ARM.attributes
                0x00000000       0x1d c:/program files (x86)/atmel/studio/7.0/toolchain/arm/arm-gnu-toolchain/bin/../lib/gcc/arm-none-eabi/6.3.1/thumb/v7-m/crti.o
 .ARM.attributes
                0x0000001d       0x2d c:/program files (x86)/atmel/studio/7.0/toolchain/arm/arm-gnu-toolchain/bin/../lib/gcc/arm-none-eabi/6.3.1/thumb/v7-m/crtbegin.o
 .ARM.attributes
                0x0000004a       0x33 src/ASF/common/utils/stdio/read.o
 .ARM.attributes
                0x0000007d       0x33 src/ASF/sam/drivers/tc/tc.o
 .ARM.attributes
                0x000000b0       0x33 src/DelayFunctions.o
 .ARM.attributes
                0x000000e3       0x33 src/TWI.o
 .ARM.attributes
                0x00000116       0x33 src/ASF/sam/drivers/usart/usart.o
 .ARM.attributes
                0x00000149       0x33 src/ASF/thirdparty/freertos/freertos-7.3.0/source/list.o
 .ARM.attributes
                0x0000017c       0x33 src/ASF/thirdparty/freertos/freertos-7.3.0/source/portable/gcc/sam/port.o
 .ARM.attributes
                0x000001af       0x33 src/ASF/thirdparty/freertos/freertos-7.3.0/source/tasks.o
 .ARM.attributes
                0x000001e2       0x33 src/ASF/thirdparty/wireless/addons/sio2host/uart/sio2host.o
 .ARM.attributes
                0x00000215       0x33 src/config/ConsoleFunctions.o
 .ARM.attributes
                0x00000248       0x33 src/ASF/common/utils/stdio/write.o
 .ARM.attributes
                0x0000027b       0x33 src/ASF/common/services/serial/usart_serial.o
 .ARM.attributes
                0x000002ae       0x33 src/ASF/sam/drivers/uart/uart.o
 .ARM.attributes
                0x000002e1       0x33 src/ASF/common/services/clock/sam3x/sysclk.o
 .ARM.attributes
                0x00000314       0x33 src/ASF/common/utils/interrupt/interrupt_sam_nvic.o
 .ARM.attributes
                0x00000347       0x33 src/ASF/sam/boards/arduino_due_x/init.o
 .ARM.attributes
                0x0000037a       0x33 src/ASF/sam/drivers/pio/pio.o
 .ARM.attributes
                0x000003ad       0x33 src/ASF/sam/drivers/pio/pio_handler.o
 .ARM.attributes
                0x000003e0       0x33 src/ASF/sam/drivers/pmc/pmc.o
 .ARM.attributes
                0x00000413       0x33 src/ASF/sam/utils/cmsis/sam3x/source/templates/exceptions.o
 .ARM.attributes
                0x00000446       0x33 src/ASF/sam/utils/cmsis/sam3x/source/templates/gcc/startup_sam3x.o
 .ARM.attributes
                0x00000479       0x33 src/ASF/sam/utils/cmsis/sam3x/source/templates/system_sam3x.o
 .ARM.attributes
                0x000004ac       0x33 src/ASF/sam/utils/syscalls/gcc/syscalls.o
 .ARM.attributes
                0x000004df       0x33 src/main.o
 .ARM.attributes
                0x00000512       0x2d c:/program files (x86)/atmel/studio/7.0/toolchain/arm/arm-gnu-toolchain/bin/../lib/gcc/arm-none-eabi/6.3.1/../../../../arm-none-eabi/lib/thumb/v7-m\libc.a(lib_a-impure.o)
 .ARM.attributes
                0x0000053f       0x2d c:/program files (x86)/atmel/studio/7.0/toolchain/arm/arm-gnu-toolchain/bin/../lib/gcc/arm-none-eabi/6.3.1/../../../../arm-none-eabi/lib/thumb/v7-m\libc.a(lib_a-init.o)
 .ARM.attributes
                0x0000056c       0x2d c:/program files (x86)/atmel/studio/7.0/toolchain/arm/arm-gnu-toolchain/bin/../lib/gcc/arm-none-eabi/6.3.1/../../../../arm-none-eabi/lib/thumb/v7-m\libc.a(lib_a-iprintf.o)
 .ARM.attributes
                0x00000599       0x1b c:/program files (x86)/atmel/studio/7.0/toolchain/arm/arm-gnu-toolchain/bin/../lib/gcc/arm-none-eabi/6.3.1/../../../../arm-none-eabi/lib/thumb/v7-m\libc.a(lib_a-memcpy.o)
 .ARM.attributes
                0x000005b4       0x2d c:/program files (x86)/atmel/studio/7.0/toolchain/arm/arm-gnu-toolchain/bin/../lib/gcc/arm-none-eabi/6.3.1/../../../../arm-none-eabi/lib/thumb/v7-m\libc.a(lib_a-memset.o)
 .ARM.attributes
                0x000005e1       0x2d c:/program files (x86)/atmel/studio/7.0/toolchain/arm/arm-gnu-toolchain/bin/../lib/gcc/arm-none-eabi/6.3.1/../../../../arm-none-eabi/lib/thumb/v7-m\libc.a(lib_a-setbuf.o)
 .ARM.attributes
                0x0000060e       0x2d c:/program files (x86)/atmel/studio/7.0/toolchain/arm/arm-gnu-toolchain/bin/../lib/gcc/arm-none-eabi/6.3.1/../../../../arm-none-eabi/lib/thumb/v7-m\libc.a(lib_a-setvbuf.o)
 .ARM.attributes
                0x0000063b       0x2d c:/program files (x86)/atmel/studio/7.0/toolchain/arm/arm-gnu-toolchain/bin/../lib/gcc/arm-none-eabi/6.3.1/../../../../arm-none-eabi/lib/thumb/v7-m\libc.a(lib_a-strlen-stub.o)
 .ARM.attributes
                0x00000668       0x2d c:/program files (x86)/atmel/studio/7.0/toolchain/arm/arm-gnu-toolchain/bin/../lib/gcc/arm-none-eabi/6.3.1/../../../../arm-none-eabi/lib/thumb/v7-m\libc.a(lib_a-vfiprintf.o)
 .ARM.attributes
                0x00000695       0x2d c:/program files (x86)/atmel/studio/7.0/toolchain/arm/arm-gnu-toolchain/bin/../lib/gcc/arm-none-eabi/6.3.1/../../../../arm-none-eabi/lib/thumb/v7-m\libc.a(lib_a-wsetup.o)
 .ARM.attributes
                0x000006c2       0x2d c:/program files (x86)/atmel/studio/7.0/toolchain/arm/arm-gnu-toolchain/bin/../lib/gcc/arm-none-eabi/6.3.1/../../../../arm-none-eabi/lib/thumb/v7-m\libc.a(lib_a-__call_atexit.o)
 .ARM.attributes
                0x000006ef       0x2d c:/program files (x86)/atmel/studio/7.0/toolchain/arm/arm-gnu-toolchain/bin/../lib/gcc/arm-none-eabi/6.3.1/../../../../arm-none-eabi/lib/thumb/v7-m\libc.a(lib_a-atexit.o)
 .ARM.attributes
                0x0000071c       0x2d c:/program files (x86)/atmel/studio/7.0/toolchain/arm/arm-gnu-toolchain/bin/../lib/gcc/arm-none-eabi/6.3.1/../../../../arm-none-eabi/lib/thumb/v7-m\libc.a(lib_a-fflush.o)
 .ARM.attributes
                0x00000749       0x2d c:/program files (x86)/atmel/studio/7.0/toolchain/arm/arm-gnu-toolchain/bin/../lib/gcc/arm-none-eabi/6.3.1/../../../../arm-none-eabi/lib/thumb/v7-m\libc.a(lib_a-findfp.o)
 .ARM.attributes
                0x00000776       0x2d c:/program files (x86)/atmel/studio/7.0/toolchain/arm/arm-gnu-toolchain/bin/../lib/gcc/arm-none-eabi/6.3.1/../../../../arm-none-eabi/lib/thumb/v7-m\libc.a(lib_a-fini.o)
 .ARM.attributes
                0x000007a3       0x2d c:/program files (x86)/atmel/studio/7.0/toolchain/arm/arm-gnu-toolchain/bin/../lib/gcc/arm-none-eabi/6.3.1/../../../../arm-none-eabi/lib/thumb/v7-m\libc.a(lib_a-fputwc.o)
 .ARM.attributes
                0x000007d0       0x2d c:/program files (x86)/atmel/studio/7.0/toolchain/arm/arm-gnu-toolchain/bin/../lib/gcc/arm-none-eabi/6.3.1/../../../../arm-none-eabi/lib/thumb/v7-m\libc.a(lib_a-freer.o)
 .ARM.attributes
                0x000007fd       0x2d c:/program files (x86)/atmel/studio/7.0/toolchain/arm/arm-gnu-toolchain/bin/../lib/gcc/arm-none-eabi/6.3.1/../../../../arm-none-eabi/lib/thumb/v7-m\libc.a(lib_a-fvwrite.o)
 .ARM.attributes
                0x0000082a       0x2d c:/program files (x86)/atmel/studio/7.0/toolchain/arm/arm-gnu-toolchain/bin/../lib/gcc/arm-none-eabi/6.3.1/../../../../arm-none-eabi/lib/thumb/v7-m\libc.a(lib_a-fwalk.o)
 .ARM.attributes
                0x00000857       0x2d c:/program files (x86)/atmel/studio/7.0/toolchain/arm/arm-gnu-toolchain/bin/../lib/gcc/arm-none-eabi/6.3.1/../../../../arm-none-eabi/lib/thumb/v7-m\libc.a(lib_a-locale.o)
 .ARM.attributes
                0x00000884       0x2d c:/program files (x86)/atmel/studio/7.0/toolchain/arm/arm-gnu-toolchain/bin/../lib/gcc/arm-none-eabi/6.3.1/../../../../arm-none-eabi/lib/thumb/v7-m\libc.a(lib_a-lock.o)
 .ARM.attributes
                0x000008b1       0x2d c:/program files (x86)/atmel/studio/7.0/toolchain/arm/arm-gnu-toolchain/bin/../lib/gcc/arm-none-eabi/6.3.1/../../../../arm-none-eabi/lib/thumb/v7-m\libc.a(lib_a-makebuf.o)
 .ARM.attributes
                0x000008de       0x2d c:/program files (x86)/atmel/studio/7.0/toolchain/arm/arm-gnu-toolchain/bin/../lib/gcc/arm-none-eabi/6.3.1/../../../../arm-none-eabi/lib/thumb/v7-m\libc.a(lib_a-malloc.o)
 .ARM.attributes
                0x0000090b       0x2d c:/program files (x86)/atmel/studio/7.0/toolchain/arm/arm-gnu-toolchain/bin/../lib/gcc/arm-none-eabi/6.3.1/../../../../arm-none-eabi/lib/thumb/v7-m\libc.a(lib_a-mallocr.o)
 .ARM.attributes
                0x00000938       0x2d c:/program files (x86)/atmel/studio/7.0/toolchain/arm/arm-gnu-toolchain/bin/../lib/gcc/arm-none-eabi/6.3.1/../../../../arm-none-eabi/lib/thumb/v7-m\libc.a(lib_a-mbtowc_r.o)
 .ARM.attributes
                0x00000965       0x2d c:/program files (x86)/atmel/studio/7.0/toolchain/arm/arm-gnu-toolchain/bin/../lib/gcc/arm-none-eabi/6.3.1/../../../../arm-none-eabi/lib/thumb/v7-m\libc.a(lib_a-memchr-stub.o)
 .ARM.attributes
                0x00000992       0x2d c:/program files (x86)/atmel/studio/7.0/toolchain/arm/arm-gnu-toolchain/bin/../lib/gcc/arm-none-eabi/6.3.1/../../../../arm-none-eabi/lib/thumb/v7-m\libc.a(lib_a-memmove.o)
 .ARM.attributes
                0x000009bf       0x2d c:/program files (x86)/atmel/studio/7.0/toolchain/arm/arm-gnu-toolchain/bin/../lib/gcc/arm-none-eabi/6.3.1/../../../../arm-none-eabi/lib/thumb/v7-m\libc.a(lib_a-mlock.o)
 .ARM.attributes
                0x000009ec       0x2d c:/program files (x86)/atmel/studio/7.0/toolchain/arm/arm-gnu-toolchain/bin/../lib/gcc/arm-none-eabi/6.3.1/../../../../arm-none-eabi/lib/thumb/v7-m\libc.a(lib_a-reallocr.o)
 .ARM.attributes
                0x00000a19       0x2d c:/program files (x86)/atmel/studio/7.0/toolchain/arm/arm-gnu-toolchain/bin/../lib/gcc/arm-none-eabi/6.3.1/../../../../arm-none-eabi/lib/thumb/v7-m\libc.a(lib_a-sbrkr.o)
 .ARM.attributes
                0x00000a46       0x2d c:/program files (x86)/atmel/studio/7.0/toolchain/arm/arm-gnu-toolchain/bin/../lib/gcc/arm-none-eabi/6.3.1/../../../../arm-none-eabi/lib/thumb/v7-m\libc.a(lib_a-stdio.o)
 .ARM.attributes
                0x00000a73       0x2d c:/program files (x86)/atmel/studio/7.0/toolchain/arm/arm-gnu-toolchain/bin/../lib/gcc/arm-none-eabi/6.3.1/../../../../arm-none-eabi/lib/thumb/v7-m\libc.a(lib_a-wbuf.o)
 .ARM.attributes
                0x00000aa0       0x2d c:/program files (x86)/atmel/studio/7.0/toolchain/arm/arm-gnu-toolchain/bin/../lib/gcc/arm-none-eabi/6.3.1/../../../../arm-none-eabi/lib/thumb/v7-m\libc.a(lib_a-wcrtomb.o)
 .ARM.attributes
                0x00000acd       0x2d c:/program files (x86)/atmel/studio/7.0/toolchain/arm/arm-gnu-toolchain/bin/../lib/gcc/arm-none-eabi/6.3.1/../../../../arm-none-eabi/lib/thumb/v7-m\libc.a(lib_a-wctomb_r.o)
 .ARM.attributes
                0x00000afa       0x2d c:/program files (x86)/atmel/studio/7.0/toolchain/arm/arm-gnu-toolchain/bin/../lib/gcc/arm-none-eabi/6.3.1/../../../../arm-none-eabi/lib/thumb/v7-m\libc.a(lib_a-writer.o)
 .ARM.attributes
                0x00000b27       0x2d c:/program files (x86)/atmel/studio/7.0/toolchain/arm/arm-gnu-toolchain/bin/../lib/gcc/arm-none-eabi/6.3.1/../../../../arm-none-eabi/lib/thumb/v7-m\libc.a(lib_a-__atexit.o)
 .ARM.attributes
                0x00000b54       0x2d c:/program files (x86)/atmel/studio/7.0/toolchain/arm/arm-gnu-toolchain/bin/../lib/gcc/arm-none-eabi/6.3.1/../../../../arm-none-eabi/lib/thumb/v7-m\libc.a(lib_a-closer.o)
 .ARM.attributes
                0x00000b81       0x2d c:/program files (x86)/atmel/studio/7.0/toolchain/arm/arm-gnu-toolchain/bin/../lib/gcc/arm-none-eabi/6.3.1/../../../../arm-none-eabi/lib/thumb/v7-m\libc.a(lib_a-ctype_.o)
 .ARM.attributes
                0x00000bae       0x2d c:/program files (x86)/atmel/studio/7.0/toolchain/arm/arm-gnu-toolchain/bin/../lib/gcc/arm-none-eabi/6.3.1/../../../../arm-none-eabi/lib/thumb/v7-m\libc.a(lib_a-fclose.o)
 .ARM.attributes
                0x00000bdb       0x2d c:/program files (x86)/atmel/studio/7.0/toolchain/arm/arm-gnu-toolchain/bin/../lib/gcc/arm-none-eabi/6.3.1/../../../../arm-none-eabi/lib/thumb/v7-m\libc.a(lib_a-fstatr.o)
 .ARM.attributes
                0x00000c08       0x2d c:/program files (x86)/atmel/studio/7.0/toolchain/arm/arm-gnu-toolchain/bin/../lib/gcc/arm-none-eabi/6.3.1/../../../../arm-none-eabi/lib/thumb/v7-m\libc.a(lib_a-isattyr.o)
 .ARM.attributes
                0x00000c35       0x2d c:/program files (x86)/atmel/studio/7.0/toolchain/arm/arm-gnu-toolchain/bin/../lib/gcc/arm-none-eabi/6.3.1/../../../../arm-none-eabi/lib/thumb/v7-m\libc.a(lib_a-lseekr.o)
 .ARM.attributes
                0x00000c62       0x2d c:/program files (x86)/atmel/studio/7.0/toolchain/arm/arm-gnu-toolchain/bin/../lib/gcc/arm-none-eabi/6.3.1/../../../../arm-none-eabi/lib/thumb/v7-m\libc.a(lib_a-readr.o)
 .ARM.attributes
                0x00000c8f       0x2d c:/program files (x86)/atmel/studio/7.0/toolchain/arm/arm-gnu-toolchain/bin/../lib/gcc/arm-none-eabi/6.3.1/../../../../arm-none-eabi/lib/thumb/v7-m\libc.a(lib_a-reent.o)
 .ARM.attributes
                0x00000cbc       0x1d c:/program files (x86)/atmel/studio/7.0/toolchain/arm/arm-gnu-toolchain/bin/../lib/gcc/arm-none-eabi/6.3.1/thumb/v7-m\libgcc.a(_aeabi_uldivmod.o)
 .ARM.attributes
                0x00000cd9       0x2d c:/program files (x86)/atmel/studio/7.0/toolchain/arm/arm-gnu-toolchain/bin/../lib/gcc/arm-none-eabi/6.3.1/thumb/v7-m\libgcc.a(_udivmoddi4.o)
 .ARM.attributes
                0x00000d06       0x1d c:/program files (x86)/atmel/studio/7.0/toolchain/arm/arm-gnu-toolchain/bin/../lib/gcc/arm-none-eabi/6.3.1/thumb/v7-m\libgcc.a(_dvmd_tls.o)
 .ARM.attributes
                0x00000d23       0x1d c:/program files (x86)/atmel/studio/7.0/toolchain/arm/arm-gnu-toolchain/bin/../lib/gcc/arm-none-eabi/6.3.1/thumb/v7-m/crtn.o

.comment        0x00000000       0x59
 .comment       0x00000000       0x59 src/ASF/common/utils/stdio/read.o
                                 0x5a (size before relaxing)
 .comment       0x00000059       0x5a src/ASF/sam/drivers/tc/tc.o
 .comment       0x00000059       0x5a src/DelayFunctions.o
 .comment       0x00000059       0x5a src/TWI.o
 .comment       0x00000059       0x5a src/ASF/sam/drivers/usart/usart.o
 .comment       0x00000059       0x5a src/ASF/thirdparty/freertos/freertos-7.3.0/source/list.o
 .comment       0x00000059       0x5a src/ASF/thirdparty/freertos/freertos-7.3.0/source/portable/gcc/sam/port.o
 .comment       0x00000059       0x5a src/ASF/thirdparty/freertos/freertos-7.3.0/source/tasks.o
 .comment       0x00000059       0x5a src/ASF/thirdparty/wireless/addons/sio2host/uart/sio2host.o
 .comment       0x00000059       0x5a src/config/ConsoleFunctions.o
 .comment       0x00000059       0x5a src/ASF/common/utils/stdio/write.o
 .comment       0x00000059       0x5a src/ASF/common/services/serial/usart_serial.o
 .comment       0x00000059       0x5a src/ASF/sam/drivers/uart/uart.o
 .comment       0x00000059       0x5a src/ASF/common/services/clock/sam3x/sysclk.o
 .comment       0x00000059       0x5a src/ASF/common/utils/interrupt/interrupt_sam_nvic.o
 .comment       0x00000059       0x5a src/ASF/sam/boards/arduino_due_x/init.o
 .comment       0x00000059       0x5a src/ASF/sam/drivers/pio/pio.o
 .comment       0x00000059       0x5a src/ASF/sam/drivers/pio/pio_handler.o
 .comment       0x00000059       0x5a src/ASF/sam/drivers/pmc/pmc.o
 .comment       0x00000059       0x5a src/ASF/sam/utils/cmsis/sam3x/source/templates/exceptions.o
 .comment       0x00000059       0x5a src/ASF/sam/utils/cmsis/sam3x/source/templates/gcc/startup_sam3x.o
 .comment       0x00000059       0x5a src/ASF/sam/utils/cmsis/sam3x/source/templates/system_sam3x.o
 .comment       0x00000059       0x5a src/ASF/sam/utils/syscalls/gcc/syscalls.o
 .comment       0x00000059       0x5a src/main.o

.debug_info     0x00000000    0x1b7ea
 .debug_info    0x00000000      0xac9 src/ASF/common/utils/stdio/read.o
 .debug_info    0x00000ac9     0x1260 src/ASF/sam/drivers/tc/tc.o
 .debug_info    0x00001d29      0xdc5 src/DelayFunctions.o
 .debug_info    0x00002aee     0x125b src/TWI.o
 .debug_info    0x00003d49     0x24e6 src/ASF/sam/drivers/usart/usart.o
 .debug_info    0x0000622f      0xbbd src/ASF/thirdparty/freertos/freertos-7.3.0/source/list.o
 .debug_info    0x00006dec      0xcbd src/ASF/thirdparty/freertos/freertos-7.3.0/source/portable/gcc/sam/port.o
 .debug_info    0x00007aa9     0x243f src/ASF/thirdparty/freertos/freertos-7.3.0/source/tasks.o
 .debug_info    0x00009ee8     0x19a3 src/ASF/thirdparty/wireless/addons/sio2host/uart/sio2host.o
 .debug_info    0x0000b88b     0x136b src/config/ConsoleFunctions.o
 .debug_info    0x0000cbf6      0xac6 src/ASF/common/utils/stdio/write.o
 .debug_info    0x0000d6bc     0x113c src/ASF/common/services/serial/usart_serial.o
 .debug_info    0x0000e7f8     0x119e src/ASF/sam/drivers/uart/uart.o
 .debug_info    0x0000f996     0x11ad src/ASF/common/services/clock/sam3x/sysclk.o
 .debug_info    0x00010b43      0xb01 src/ASF/common/utils/interrupt/interrupt_sam_nvic.o
 .debug_info    0x00011644     0x10f4 src/ASF/sam/boards/arduino_due_x/init.o
 .debug_info    0x00012738     0x1c61 src/ASF/sam/drivers/pio/pio.o
 .debug_info    0x00014399     0x17be src/ASF/sam/drivers/pio/pio_handler.o
 .debug_info    0x00015b57     0x19df src/ASF/sam/drivers/pmc/pmc.o
 .debug_info    0x00017536      0xa39 src/ASF/sam/utils/cmsis/sam3x/source/templates/exceptions.o
 .debug_info    0x00017f6f      0xd1b src/ASF/sam/utils/cmsis/sam3x/source/templates/gcc/startup_sam3x.o
 .debug_info    0x00018c8a      0xdc2 src/ASF/sam/utils/cmsis/sam3x/source/templates/system_sam3x.o
 .debug_info    0x00019a4c      0xdb0 src/ASF/sam/utils/syscalls/gcc/syscalls.o
 .debug_info    0x0001a7fc      0xfee src/main.o

.debug_abbrev   0x00000000     0x410b
 .debug_abbrev  0x00000000      0x1fe src/ASF/common/utils/stdio/read.o
 .debug_abbrev  0x000001fe      0x293 src/ASF/sam/drivers/tc/tc.o
 .debug_abbrev  0x00000491      0x219 src/DelayFunctions.o
 .debug_abbrev  0x000006aa      0x2a9 src/TWI.o
 .debug_abbrev  0x00000953      0x406 src/ASF/sam/drivers/usart/usart.o
 .debug_abbrev  0x00000d59      0x221 src/ASF/thirdparty/freertos/freertos-7.3.0/source/list.o
 .debug_abbrev  0x00000f7a      0x340 src/ASF/thirdparty/freertos/freertos-7.3.0/source/portable/gcc/sam/port.o
 .debug_abbrev  0x000012ba      0x3a8 src/ASF/thirdparty/freertos/freertos-7.3.0/source/tasks.o
 .debug_abbrev  0x00001662      0x3ea src/ASF/thirdparty/wireless/addons/sio2host/uart/sio2host.o
 .debug_abbrev  0x00001a4c      0x346 src/config/ConsoleFunctions.o
 .debug_abbrev  0x00001d92      0x1e9 src/ASF/common/utils/stdio/write.o
 .debug_abbrev  0x00001f7b      0x2b1 src/ASF/common/services/serial/usart_serial.o
 .debug_abbrev  0x0000222c      0x288 src/ASF/sam/drivers/uart/uart.o
 .debug_abbrev  0x000024b4      0x330 src/ASF/common/services/clock/sam3x/sysclk.o
 .debug_abbrev  0x000027e4      0x212 src/ASF/common/utils/interrupt/interrupt_sam_nvic.o
 .debug_abbrev  0x000029f6      0x262 src/ASF/sam/boards/arduino_due_x/init.o
 .debug_abbrev  0x00002c58      0x3c7 src/ASF/sam/drivers/pio/pio.o
 .debug_abbrev  0x0000301f      0x329 src/ASF/sam/drivers/pio/pio_handler.o
 .debug_abbrev  0x00003348      0x306 src/ASF/sam/drivers/pmc/pmc.o
 .debug_abbrev  0x0000364e      0x1a4 src/ASF/sam/utils/cmsis/sam3x/source/templates/exceptions.o
 .debug_abbrev  0x000037f2      0x1f2 src/ASF/sam/utils/cmsis/sam3x/source/templates/gcc/startup_sam3x.o
 .debug_abbrev  0x000039e4      0x1f4 src/ASF/sam/utils/cmsis/sam3x/source/templates/system_sam3x.o
 .debug_abbrev  0x00003bd8      0x264 src/ASF/sam/utils/syscalls/gcc/syscalls.o
 .debug_abbrev  0x00003e3c      0x2cf src/main.o

.debug_loc      0x00000000     0x5fb1
 .debug_loc     0x00000000       0xb3 src/ASF/common/utils/stdio/read.o
 .debug_loc     0x000000b3      0x5a4 src/ASF/sam/drivers/tc/tc.o
 .debug_loc     0x00000657       0x6c src/DelayFunctions.o
 .debug_loc     0x000006c3      0x3d2 src/TWI.o
 .debug_loc     0x00000a95     0x1062 src/ASF/sam/drivers/usart/usart.o
 .debug_loc     0x00001af7       0xa8 src/ASF/thirdparty/freertos/freertos-7.3.0/source/list.o
 .debug_loc     0x00001b9f      0x100 src/ASF/thirdparty/freertos/freertos-7.3.0/source/portable/gcc/sam/port.o
 .debug_loc     0x00001c9f     0x14ba src/ASF/thirdparty/freertos/freertos-7.3.0/source/tasks.o
 .debug_loc     0x00003159      0x5b0 src/ASF/thirdparty/wireless/addons/sio2host/uart/sio2host.o
 .debug_loc     0x00003709      0x34a src/config/ConsoleFunctions.o
 .debug_loc     0x00003a53      0x12b src/ASF/common/utils/stdio/write.o
 .debug_loc     0x00003b7e      0x2a7 src/ASF/common/services/serial/usart_serial.o
 .debug_loc     0x00003e25      0x241 src/ASF/sam/drivers/uart/uart.o
 .debug_loc     0x00004066      0x183 src/ASF/common/services/clock/sam3x/sysclk.o
 .debug_loc     0x000041e9       0x70 src/ASF/sam/boards/arduino_due_x/init.o
 .debug_loc     0x00004259      0xacc src/ASF/sam/drivers/pio/pio.o
 .debug_loc     0x00004d25      0x569 src/ASF/sam/drivers/pio/pio_handler.o
 .debug_loc     0x0000528e      0xaeb src/ASF/sam/drivers/pmc/pmc.o
 .debug_loc     0x00005d79       0x6b src/ASF/sam/utils/cmsis/sam3x/source/templates/gcc/startup_sam3x.o
 .debug_loc     0x00005de4       0xfd src/ASF/sam/utils/syscalls/gcc/syscalls.o
 .debug_loc     0x00005ee1       0xd0 src/main.o

.debug_aranges  0x00000000      0xcd0
 .debug_aranges
                0x00000000       0x20 src/ASF/common/utils/stdio/read.o
 .debug_aranges
                0x00000020       0xd0 src/ASF/sam/drivers/tc/tc.o
 .debug_aranges
                0x000000f0       0x28 src/DelayFunctions.o
 .debug_aranges
                0x00000118       0x48 src/TWI.o
 .debug_aranges
                0x00000160      0x2a8 src/ASF/sam/drivers/usart/usart.o
 .debug_aranges
                0x00000408       0x40 src/ASF/thirdparty/freertos/freertos-7.3.0/source/list.o
 .debug_aranges
                0x00000448       0x80 src/ASF/thirdparty/freertos/freertos-7.3.0/source/portable/gcc/sam/port.o
 .debug_aranges
                0x000004c8      0x130 src/ASF/thirdparty/freertos/freertos-7.3.0/source/tasks.o
 .debug_aranges
                0x000005f8       0x60 src/ASF/thirdparty/wireless/addons/sio2host/uart/sio2host.o
 .debug_aranges
                0x00000658       0x30 src/config/ConsoleFunctions.o
 .debug_aranges
                0x00000688       0x20 src/ASF/common/utils/stdio/write.o
 .debug_aranges
                0x000006a8       0x28 src/ASF/common/services/serial/usart_serial.o
 .debug_aranges
                0x000006d0       0xe8 src/ASF/sam/drivers/uart/uart.o
 .debug_aranges
                0x000007b8       0x40 src/ASF/common/services/clock/sam3x/sysclk.o
 .debug_aranges
                0x000007f8       0x28 src/ASF/common/utils/interrupt/interrupt_sam_nvic.o
 .debug_aranges
                0x00000820       0x20 src/ASF/sam/boards/arduino_due_x/init.o
 .debug_aranges
                0x00000840      0x148 src/ASF/sam/drivers/pio/pio.o
 .debug_aranges
                0x00000988       0x58 src/ASF/sam/drivers/pio/pio_handler.o
 .debug_aranges
                0x000009e0      0x200 src/ASF/sam/drivers/pmc/pmc.o
 .debug_aranges
                0x00000be0       0x20 src/ASF/sam/utils/cmsis/sam3x/source/templates/exceptions.o
 .debug_aranges
                0x00000c00       0x20 src/ASF/sam/utils/cmsis/sam3x/source/templates/gcc/startup_sam3x.o
 .debug_aranges
                0x00000c20       0x30 src/ASF/sam/utils/cmsis/sam3x/source/templates/system_sam3x.o
 .debug_aranges
                0x00000c50       0x60 src/ASF/sam/utils/syscalls/gcc/syscalls.o
 .debug_aranges
                0x00000cb0       0x20 src/main.o

.debug_ranges   0x00000000      0xc60
 .debug_ranges  0x00000000       0x10 src/ASF/common/utils/stdio/read.o
 .debug_ranges  0x00000010       0xc0 src/ASF/sam/drivers/tc/tc.o
 .debug_ranges  0x000000d0       0x18 src/DelayFunctions.o
 .debug_ranges  0x000000e8       0x38 src/TWI.o
 .debug_ranges  0x00000120      0x298 src/ASF/sam/drivers/usart/usart.o
 .debug_ranges  0x000003b8       0x30 src/ASF/thirdparty/freertos/freertos-7.3.0/source/list.o
 .debug_ranges  0x000003e8       0x70 src/ASF/thirdparty/freertos/freertos-7.3.0/source/portable/gcc/sam/port.o
 .debug_ranges  0x00000458      0x1d0 src/ASF/thirdparty/freertos/freertos-7.3.0/source/tasks.o
 .debug_ranges  0x00000628       0x50 src/ASF/thirdparty/wireless/addons/sio2host/uart/sio2host.o
 .debug_ranges  0x00000678       0x20 src/config/ConsoleFunctions.o
 .debug_ranges  0x00000698       0x10 src/ASF/common/utils/stdio/write.o
 .debug_ranges  0x000006a8       0x48 src/ASF/common/services/serial/usart_serial.o
 .debug_ranges  0x000006f0       0xd8 src/ASF/sam/drivers/uart/uart.o
 .debug_ranges  0x000007c8       0x30 src/ASF/common/services/clock/sam3x/sysclk.o
 .debug_ranges  0x000007f8       0x18 src/ASF/common/utils/interrupt/interrupt_sam_nvic.o
 .debug_ranges  0x00000810       0x10 src/ASF/sam/boards/arduino_due_x/init.o
 .debug_ranges  0x00000820      0x150 src/ASF/sam/drivers/pio/pio.o
 .debug_ranges  0x00000970       0x60 src/ASF/sam/drivers/pio/pio_handler.o
 .debug_ranges  0x000009d0      0x1f0 src/ASF/sam/drivers/pmc/pmc.o
 .debug_ranges  0x00000bc0       0x10 src/ASF/sam/utils/cmsis/sam3x/source/templates/exceptions.o
 .debug_ranges  0x00000bd0       0x10 src/ASF/sam/utils/cmsis/sam3x/source/templates/gcc/startup_sam3x.o
 .debug_ranges  0x00000be0       0x20 src/ASF/sam/utils/cmsis/sam3x/source/templates/system_sam3x.o
 .debug_ranges  0x00000c00       0x50 src/ASF/sam/utils/syscalls/gcc/syscalls.o
 .debug_ranges  0x00000c50       0x10 src/main.o

.debug_macro    0x00000000    0x1bc55
 .debug_macro   0x00000000      0x550 src/ASF/common/utils/stdio/read.o
 .debug_macro   0x00000550      0x8d4 src/ASF/common/utils/stdio/read.o
 .debug_macro   0x00000e24      0x16d src/ASF/common/utils/stdio/read.o
 .debug_macro   0x00000f91      0x64b src/ASF/common/utils/stdio/read.o
 .debug_macro   0x000015dc       0x76 src/ASF/common/utils/stdio/read.o
 .debug_macro   0x00001652       0x16 src/ASF/common/utils/stdio/read.o
 .debug_macro   0x00001668      0x6e4 src/ASF/common/utils/stdio/read.o
 .debug_macro   0x00001d4c       0x22 src/ASF/common/utils/stdio/read.o
 .debug_macro   0x00001d6e       0x87 src/ASF/common/utils/stdio/read.o
 .debug_macro   0x00001df5       0x51 src/ASF/common/utils/stdio/read.o
 .debug_macro   0x00001e46       0xef src/ASF/common/utils/stdio/read.o
 .debug_macro   0x00001f35       0x6a src/ASF/common/utils/stdio/read.o
 .debug_macro   0x00001f9f      0x1df src/ASF/common/utils/stdio/read.o
 .debug_macro   0x0000217e       0x20 src/ASF/common/utils/stdio/read.o
 .debug_macro   0x0000219e       0x3a src/ASF/common/utils/stdio/read.o
 .debug_macro   0x000021d8       0x2d src/ASF/common/utils/stdio/read.o
 .debug_macro   0x00002205      0xbb1 src/ASF/common/utils/stdio/read.o
 .debug_macro   0x00002db6      0xab6 src/ASF/common/utils/stdio/read.o
 .debug_macro   0x0000386c      0x569 src/ASF/common/utils/stdio/read.o
 .debug_macro   0x00003dd5      0x2b5 src/ASF/common/utils/stdio/read.o
 .debug_macro   0x0000408a      0x31a src/ASF/common/utils/stdio/read.o
 .debug_macro   0x000043a4      0x74f src/ASF/common/utils/stdio/read.o
 .debug_macro   0x00004af3       0x82 src/ASF/common/utils/stdio/read.o
 .debug_macro   0x00004b75      0x57b src/ASF/common/utils/stdio/read.o
 .debug_macro   0x000050f0       0x1c src/ASF/common/utils/stdio/read.o
 .debug_macro   0x0000510c      0x6b7 src/ASF/common/utils/stdio/read.o
 .debug_macro   0x000057c3      0x52d src/ASF/common/utils/stdio/read.o
 .debug_macro   0x00005cf0       0xbe src/ASF/common/utils/stdio/read.o
 .debug_macro   0x00005dae     0x2342 src/ASF/common/utils/stdio/read.o
 .debug_macro   0x000080f0      0x85d src/ASF/common/utils/stdio/read.o
 .debug_macro   0x0000894d      0xdc9 src/ASF/common/utils/stdio/read.o
 .debug_macro   0x00009716       0x7c src/ASF/common/utils/stdio/read.o
 .debug_macro   0x00009792      0x263 src/ASF/common/utils/stdio/read.o
 .debug_macro   0x000099f5       0x58 src/ASF/common/utils/stdio/read.o
 .debug_macro   0x00009a4d      0x9a7 src/ASF/common/utils/stdio/read.o
 .debug_macro   0x0000a3f4      0x248 src/ASF/common/utils/stdio/read.o
 .debug_macro   0x0000a63c      0x4df src/ASF/common/utils/stdio/read.o
 .debug_macro   0x0000ab1b      0x6b3 src/ASF/common/utils/stdio/read.o
 .debug_macro   0x0000b1ce      0x59f src/ASF/common/utils/stdio/read.o
 .debug_macro   0x0000b76d       0x46 src/ASF/common/utils/stdio/read.o
 .debug_macro   0x0000b7b3      0x34d src/ASF/common/utils/stdio/read.o
 .debug_macro   0x0000bb00      0x28c src/ASF/common/utils/stdio/read.o
 .debug_macro   0x0000bd8c     0x14d7 src/ASF/common/utils/stdio/read.o
 .debug_macro   0x0000d263      0x7ba src/ASF/common/utils/stdio/read.o
 .debug_macro   0x0000da1d       0x76 src/ASF/common/utils/stdio/read.o
 .debug_macro   0x0000da93       0x82 src/ASF/common/utils/stdio/read.o
 .debug_macro   0x0000db15       0x76 src/ASF/common/utils/stdio/read.o
 .debug_macro   0x0000db8b       0x4c src/ASF/common/utils/stdio/read.o
 .debug_macro   0x0000dbd7      0x105 src/ASF/common/utils/stdio/read.o
 .debug_macro   0x0000dcdc      0x105 src/ASF/common/utils/stdio/read.o
 .debug_macro   0x0000dde1      0x105 src/ASF/common/utils/stdio/read.o
 .debug_macro   0x0000dee6       0x88 src/ASF/common/utils/stdio/read.o
 .debug_macro   0x0000df6e       0x88 src/ASF/common/utils/stdio/read.o
 .debug_macro   0x0000dff6      0x3b4 src/ASF/common/utils/stdio/read.o
 .debug_macro   0x0000e3aa       0xb8 src/ASF/common/utils/stdio/read.o
 .debug_macro   0x0000e462       0xb8 src/ASF/common/utils/stdio/read.o
 .debug_macro   0x0000e51a       0xb8 src/ASF/common/utils/stdio/read.o
 .debug_macro   0x0000e5d2       0xb8 src/ASF/common/utils/stdio/read.o
 .debug_macro   0x0000e68a      0x2b8 src/ASF/common/utils/stdio/read.o
 .debug_macro   0x0000e942      0x125 src/ASF/common/utils/stdio/read.o
 .debug_macro   0x0000ea67      0x225 src/ASF/common/utils/stdio/read.o
 .debug_macro   0x0000ec8c      0x225 src/ASF/common/utils/stdio/read.o
 .debug_macro   0x0000eeb1       0x2e src/ASF/common/utils/stdio/read.o
 .debug_macro   0x0000eedf       0xac src/ASF/common/utils/stdio/read.o
 .debug_macro   0x0000ef8b      0x14d src/ASF/common/utils/stdio/read.o
 .debug_macro   0x0000f0d8       0x7c src/ASF/common/utils/stdio/read.o
 .debug_macro   0x0000f154      0x205 src/ASF/common/utils/stdio/read.o
 .debug_macro   0x0000f359       0x64 src/ASF/common/utils/stdio/read.o
 .debug_macro   0x0000f3bd       0xa6 src/ASF/common/utils/stdio/read.o
 .debug_macro   0x0000f463       0x7c src/ASF/common/utils/stdio/read.o
 .debug_macro   0x0000f4df       0x16 src/ASF/common/utils/stdio/read.o
 .debug_macro   0x0000f4f5       0x22 src/ASF/common/utils/stdio/read.o
 .debug_macro   0x0000f517       0x22 src/ASF/common/utils/stdio/read.o
 .debug_macro   0x0000f539      0x115 src/ASF/common/utils/stdio/read.o
 .debug_macro   0x0000f64e      0x115 src/ASF/common/utils/stdio/read.o
 .debug_macro   0x0000f763      0x115 src/ASF/common/utils/stdio/read.o
 .debug_macro   0x0000f878      0x115 src/ASF/common/utils/stdio/read.o
 .debug_macro   0x0000f98d       0x1c src/ASF/common/utils/stdio/read.o
 .debug_macro   0x0000f9a9       0x2e src/ASF/common/utils/stdio/read.o
 .debug_macro   0x0000f9d7       0x22 src/ASF/common/utils/stdio/read.o
 .debug_macro   0x0000f9f9       0x1c src/ASF/common/utils/stdio/read.o
 .debug_macro   0x0000fa15       0x58 src/ASF/common/utils/stdio/read.o
 .debug_macro   0x0000fa6d       0x10 src/ASF/common/utils/stdio/read.o
 .debug_macro   0x0000fa7d      0x273 src/ASF/common/utils/stdio/read.o
 .debug_macro   0x0000fcf0      0xd43 src/ASF/common/utils/stdio/read.o
 .debug_macro   0x00010a33      0x131 src/ASF/common/utils/stdio/read.o
 .debug_macro   0x00010b64       0x58 src/ASF/common/utils/stdio/read.o
 .debug_macro   0x00010bbc       0x35 src/ASF/common/utils/stdio/read.o
 .debug_macro   0x00010bf1       0x9c src/ASF/common/utils/stdio/read.o
 .debug_macro   0x00010c8d       0x16 src/ASF/common/utils/stdio/read.o
 .debug_macro   0x00010ca3       0x35 src/ASF/common/utils/stdio/read.o
 .debug_macro   0x00010cd8      0x353 src/ASF/common/utils/stdio/read.o
 .debug_macro   0x0001102b       0x10 src/ASF/common/utils/stdio/read.o
 .debug_macro   0x0001103b       0x58 src/ASF/common/utils/stdio/read.o
 .debug_macro   0x00011093       0x1f src/ASF/common/utils/stdio/read.o
 .debug_macro   0x000110b2       0x43 src/ASF/common/utils/stdio/read.o
 .debug_macro   0x000110f5       0x20 src/ASF/common/utils/stdio/read.o
 .debug_macro   0x00011115      0x187 src/ASF/common/utils/stdio/read.o
 .debug_macro   0x0001129c       0x10 src/ASF/common/utils/stdio/read.o
 .debug_macro   0x000112ac       0x1c src/ASF/common/utils/stdio/read.o
 .debug_macro   0x000112c8       0x52 src/ASF/common/utils/stdio/read.o
 .debug_macro   0x0001131a       0x40 src/ASF/common/utils/stdio/read.o
 .debug_macro   0x0001135a       0x10 src/ASF/common/utils/stdio/read.o
 .debug_macro   0x0001136a       0x40 src/ASF/common/utils/stdio/read.o
 .debug_macro   0x000113aa       0xd7 src/ASF/common/utils/stdio/read.o
 .debug_macro   0x00011481       0x16 src/ASF/common/utils/stdio/read.o
 .debug_macro   0x00011497      0x18b src/ASF/common/utils/stdio/read.o
 .debug_macro   0x00011622       0x22 src/ASF/common/utils/stdio/read.o
 .debug_macro   0x00011644       0x16 src/ASF/common/utils/stdio/read.o
 .debug_macro   0x0001165a       0x16 src/ASF/common/utils/stdio/read.o
 .debug_macro   0x00011670       0x29 src/ASF/common/utils/stdio/read.o
 .debug_macro   0x00011699       0x75 src/ASF/common/utils/stdio/read.o
 .debug_macro   0x0001170e       0x45 src/ASF/common/utils/stdio/read.o
 .debug_macro   0x00011753      0x3ca src/ASF/common/utils/stdio/read.o
 .debug_macro   0x00011b1d      0x56c src/ASF/sam/drivers/tc/tc.o
 .debug_macro   0x00012089       0x52 src/ASF/sam/drivers/tc/tc.o
 .debug_macro   0x000120db       0x8d src/ASF/sam/drivers/tc/tc.o
 .debug_macro   0x00012168       0x16 src/ASF/sam/drivers/tc/tc.o
 .debug_macro   0x0001217e       0x57 src/ASF/sam/drivers/tc/tc.o
 .debug_macro   0x000121d5       0x1c src/ASF/sam/drivers/tc/tc.o
 .debug_macro   0x000121f1      0x76c src/DelayFunctions.o
 .debug_macro   0x0001295d       0x46 src/DelayFunctions.o
 .debug_macro   0x000129a3      0x100 src/DelayFunctions.o
 .debug_macro   0x00012aa3       0x99 src/DelayFunctions.o
 .debug_macro   0x00012b3c       0x12 src/DelayFunctions.o
 .debug_macro   0x00012b4e       0x1f src/DelayFunctions.o
 .debug_macro   0x00012b6d      0x1d9 src/DelayFunctions.o
 .debug_macro   0x00012d46       0x10 src/DelayFunctions.o
 .debug_macro   0x00012d56       0x16 src/DelayFunctions.o
 .debug_macro   0x00012d6c       0x5e src/DelayFunctions.o
 .debug_macro   0x00012dca       0x43 src/DelayFunctions.o
 .debug_macro   0x00012e0d       0x96 src/DelayFunctions.o
 .debug_macro   0x00012ea3       0x77 src/DelayFunctions.o
 .debug_macro   0x00012f1a       0x5d src/DelayFunctions.o
 .debug_macro   0x00012f77       0x5b src/DelayFunctions.o
 .debug_macro   0x00012fd2       0x94 src/DelayFunctions.o
 .debug_macro   0x00013066       0x40 src/DelayFunctions.o
 .debug_macro   0x000130a6      0x2c6 src/DelayFunctions.o
 .debug_macro   0x0001336c      0x790 src/DelayFunctions.o
 .debug_macro   0x00013afc       0x34 src/DelayFunctions.o
 .debug_macro   0x00013b30       0x5e src/DelayFunctions.o
 .debug_macro   0x00013b8e       0x64 src/DelayFunctions.o
 .debug_macro   0x00013bf2       0x5f src/DelayFunctions.o
 .debug_macro   0x00013c51       0x90 src/DelayFunctions.o
 .debug_macro   0x00013ce1       0x6a src/DelayFunctions.o
 .debug_macro   0x00013d4b       0x34 src/DelayFunctions.o
 .debug_macro   0x00013d7f       0x1c src/DelayFunctions.o
 .debug_macro   0x00013d9b       0x2e src/DelayFunctions.o
 .debug_macro   0x00013dc9       0x1c src/DelayFunctions.o
 .debug_macro   0x00013de5       0x76 src/DelayFunctions.o
 .debug_macro   0x00013e5b      0x766 src/TWI.o
 .debug_macro   0x000145c1      0x59b src/ASF/sam/drivers/usart/usart.o
 .debug_macro   0x00014b5c       0x28 src/ASF/sam/drivers/usart/usart.o
 .debug_macro   0x00014b84      0x17f src/ASF/thirdparty/freertos/freertos-7.3.0/source/list.o
 .debug_macro   0x00014d03      0x10e src/ASF/thirdparty/freertos/freertos-7.3.0/source/list.o
 .debug_macro   0x00014e11       0x86 src/ASF/thirdparty/freertos/freertos-7.3.0/source/list.o
 .debug_macro   0x00014e97       0xfa src/ASF/thirdparty/freertos/freertos-7.3.0/source/list.o
 .debug_macro   0x00014f91      0x69f src/ASF/thirdparty/freertos/freertos-7.3.0/source/portable/gcc/sam/port.o
 .debug_macro   0x00015630       0x26 src/ASF/thirdparty/freertos/freertos-7.3.0/source/portable/gcc/sam/port.o
 .debug_macro   0x00015656      0x2c0 src/ASF/thirdparty/freertos/freertos-7.3.0/source/portable/gcc/sam/port.o
 .debug_macro   0x00015916      0x2ee src/ASF/thirdparty/freertos/freertos-7.3.0/source/tasks.o
 .debug_macro   0x00015c04       0x97 src/ASF/thirdparty/freertos/freertos-7.3.0/source/tasks.o
 .debug_macro   0x00015c9b       0xf6 src/ASF/thirdparty/freertos/freertos-7.3.0/source/tasks.o
 .debug_macro   0x00015d91      0x778 src/ASF/thirdparty/wireless/addons/sio2host/uart/sio2host.o
 .debug_macro   0x00016509       0x40 src/ASF/thirdparty/wireless/addons/sio2host/uart/sio2host.o
 .debug_macro   0x00016549      0x76d src/config/ConsoleFunctions.o
 .debug_macro   0x00016cb6       0x70 src/config/ConsoleFunctions.o
 .debug_macro   0x00016d26       0x22 src/config/ConsoleFunctions.o
 .debug_macro   0x00016d48      0x550 src/ASF/common/utils/stdio/write.o
 .debug_macro   0x00017298      0x60a src/ASF/common/services/serial/usart_serial.o
 .debug_macro   0x000178a2      0x55f src/ASF/sam/drivers/uart/uart.o
 .debug_macro   0x00017e01       0x16 src/ASF/sam/drivers/uart/uart.o
 .debug_macro   0x00017e17      0x5d1 src/ASF/common/services/clock/sam3x/sysclk.o
 .debug_macro   0x000183e8      0x55a src/ASF/common/utils/interrupt/interrupt_sam_nvic.o
 .debug_macro   0x00018942       0x3f src/ASF/common/utils/interrupt/interrupt_sam_nvic.o
 .debug_macro   0x00018981      0x616 src/ASF/sam/boards/arduino_due_x/init.o
 .debug_macro   0x00018f97      0x56b src/ASF/sam/drivers/pio/pio.o
 .debug_macro   0x00019502       0x8e src/ASF/sam/drivers/pio/pio.o
 .debug_macro   0x00019590      0x56f src/ASF/sam/drivers/pio/pio_handler.o
 .debug_macro   0x00019aff      0x565 src/ASF/sam/drivers/pmc/pmc.o
 .debug_macro   0x0001a064       0x58 src/ASF/sam/drivers/pmc/pmc.o
 .debug_macro   0x0001a0bc      0x564 src/ASF/sam/utils/cmsis/sam3x/source/templates/exceptions.o
 .debug_macro   0x0001a620      0x572 src/ASF/sam/utils/cmsis/sam3x/source/templates/gcc/startup_sam3x.o
 .debug_macro   0x0001ab92      0x572 src/ASF/sam/utils/cmsis/sam3x/source/templates/system_sam3x.o
 .debug_macro   0x0001b104      0x1d6 src/ASF/sam/utils/syscalls/gcc/syscalls.o
 .debug_macro   0x0001b2da       0x4c src/ASF/sam/utils/syscalls/gcc/syscalls.o
 .debug_macro   0x0001b326       0x16 src/ASF/sam/utils/syscalls/gcc/syscalls.o
 .debug_macro   0x0001b33c       0x10 src/ASF/sam/utils/syscalls/gcc/syscalls.o
 .debug_macro   0x0001b34c       0x10 src/ASF/sam/utils/syscalls/gcc/syscalls.o
 .debug_macro   0x0001b35c       0x35 src/ASF/sam/utils/syscalls/gcc/syscalls.o
 .debug_macro   0x0001b391      0x122 src/ASF/sam/utils/syscalls/gcc/syscalls.o
 .debug_macro   0x0001b4b3      0x7a2 src/main.o

.debug_line     0x00000000    0x138c9
 .debug_line    0x00000000      0xb48 src/ASF/common/utils/stdio/read.o
 .debug_line    0x00000b48      0xce6 src/ASF/sam/drivers/tc/tc.o
 .debug_line    0x0000182e     0x1020 src/DelayFunctions.o
 .debug_line    0x0000284e     0x10c4 src/TWI.o
 .debug_line    0x00003912     0x1222 src/ASF/sam/drivers/usart/usart.o
 .debug_line    0x00004b34      0x467 src/ASF/thirdparty/freertos/freertos-7.3.0/source/list.o
 .debug_line    0x00004f9b      0xe3c src/ASF/thirdparty/freertos/freertos-7.3.0/source/portable/gcc/sam/port.o
 .debug_line    0x00005dd7      0xaff src/ASF/thirdparty/freertos/freertos-7.3.0/source/tasks.o
 .debug_line    0x000068d6     0x11c0 src/ASF/thirdparty/wireless/addons/sio2host/uart/sio2host.o
 .debug_line    0x00007a96     0x10bf src/config/ConsoleFunctions.o
 .debug_line    0x00008b55      0xb40 src/ASF/common/utils/stdio/write.o
 .debug_line    0x00009695      0xd98 src/ASF/common/services/serial/usart_serial.o
 .debug_line    0x0000a42d      0xcfb src/ASF/sam/drivers/uart/uart.o
 .debug_line    0x0000b128      0xcba src/ASF/common/services/clock/sam3x/sysclk.o
 .debug_line    0x0000bde2      0xb62 src/ASF/common/utils/interrupt/interrupt_sam_nvic.o
 .debug_line    0x0000c944      0xd53 src/ASF/sam/boards/arduino_due_x/init.o
 .debug_line    0x0000d697      0xec9 src/ASF/sam/drivers/pio/pio.o
 .debug_line    0x0000e560      0xc0d src/ASF/sam/drivers/pio/pio_handler.o
 .debug_line    0x0000f16d     0x10c0 src/ASF/sam/drivers/pmc/pmc.o
 .debug_line    0x0001022d      0xb23 src/ASF/sam/utils/cmsis/sam3x/source/templates/exceptions.o
 .debug_line    0x00010d50      0xb6c src/ASF/sam/utils/cmsis/sam3x/source/templates/gcc/startup_sam3x.o
 .debug_line    0x000118bc      0xb9e src/ASF/sam/utils/cmsis/sam3x/source/templates/system_sam3x.o
 .debug_line    0x0001245a      0x40b src/ASF/sam/utils/syscalls/gcc/syscalls.o
 .debug_line    0x00012865     0x1064 src/main.o

.debug_str      0x00000000    0x69d4b
 .debug_str     0x00000000    0x5c422 src/ASF/common/utils/stdio/read.o
                              0x5c7b9 (size before relaxing)
 .debug_str     0x0005c422      0x3f3 src/ASF/sam/drivers/tc/tc.o
                              0x5cb68 (size before relaxing)
 .debug_str     0x0005c815     0x813e src/DelayFunctions.o
                              0x649ff (size before relaxing)
 .debug_str     0x00064953      0x369 src/TWI.o
                              0x64c74 (size before relaxing)
 .debug_str     0x00064cbc      0xba0 src/ASF/sam/drivers/usart/usart.o
                              0x5d436 (size before relaxing)
 .debug_str     0x0006585c      0x172 src/ASF/thirdparty/freertos/freertos-7.3.0/source/list.o
                               0x80ac (size before relaxing)
 .debug_str     0x000659ce      0x601 src/ASF/thirdparty/freertos/freertos-7.3.0/source/portable/gcc/sam/port.o
                              0x62751 (size before relaxing)
 .debug_str     0x00065fcf      0xf6e src/ASF/thirdparty/freertos/freertos-7.3.0/source/tasks.o
                               0xab47 (size before relaxing)
 .debug_str     0x00066f3d      0x8c4 src/ASF/thirdparty/wireless/addons/sio2host/uart/sio2host.o
                              0x6546f (size before relaxing)
 .debug_str     0x00067801       0xc3 src/config/ConsoleFunctions.o
                              0x64de9 (size before relaxing)
 .debug_str     0x000678c4       0x26 src/ASF/common/utils/stdio/write.o
                              0x5c7ba (size before relaxing)
 .debug_str     0x000678ea       0x31 src/ASF/common/services/serial/usart_serial.o
                              0x60984 (size before relaxing)
 .debug_str     0x0006791b      0x1e4 src/ASF/sam/drivers/uart/uart.o
                              0x5cb85 (size before relaxing)
 .debug_str     0x00067aff      0x352 src/ASF/common/services/clock/sam3x/sysclk.o
                              0x6086b (size before relaxing)
 .debug_str     0x00067e51       0x73 src/ASF/common/utils/interrupt/interrupt_sam_nvic.o
                              0x5c810 (size before relaxing)
 .debug_str     0x00067ec4       0x9e src/ASF/sam/boards/arduino_due_x/init.o
                              0x60f6f (size before relaxing)
 .debug_str     0x00067f62      0x3e4 src/ASF/sam/drivers/pio/pio.o
                              0x5d164 (size before relaxing)
 .debug_str     0x00068346      0x1bf src/ASF/sam/drivers/pio/pio_handler.o
                              0x5d25d (size before relaxing)
 .debug_str     0x00068505      0x57e src/ASF/sam/drivers/pmc/pmc.o
                              0x5d1e0 (size before relaxing)
 .debug_str     0x00068a83       0x4d src/ASF/sam/utils/cmsis/sam3x/source/templates/exceptions.o
                              0x5c7d9 (size before relaxing)
 .debug_str     0x00068ad0       0xd9 src/ASF/sam/utils/cmsis/sam3x/source/templates/gcc/startup_sam3x.o
                              0x5c8d5 (size before relaxing)
 .debug_str     0x00068ba9      0x195 src/ASF/sam/utils/cmsis/sam3x/source/templates/system_sam3x.o
                              0x5cab1 (size before relaxing)
 .debug_str     0x00068d3e      0x768 src/ASF/sam/utils/syscalls/gcc/syscalls.o
                               0x740d (size before relaxing)
 .debug_str     0x000694a6      0x8a5 src/main.o
                              0x653ac (size before relaxing)

.debug_frame    0x00000000     0x2954
 .debug_frame   0x00000000       0x30 src/ASF/common/utils/stdio/read.o
 .debug_frame   0x00000030      0x1a8 src/ASF/sam/drivers/tc/tc.o
 .debug_frame   0x000001d8       0x48 src/DelayFunctions.o
 .debug_frame   0x00000220       0x88 src/TWI.o
 .debug_frame   0x000002a8      0x5cc src/ASF/sam/drivers/usart/usart.o
 .debug_frame   0x00000874       0x6c src/ASF/thirdparty/freertos/freertos-7.3.0/source/list.o
 .debug_frame   0x000008e0      0x100 src/ASF/thirdparty/freertos/freertos-7.3.0/source/portable/gcc/sam/port.o
 .debug_frame   0x000009e0      0x3d8 src/ASF/thirdparty/freertos/freertos-7.3.0/source/tasks.o
 .debug_frame   0x00000db8      0x134 src/ASF/thirdparty/wireless/addons/sio2host/uart/sio2host.o
 .debug_frame   0x00000eec       0x74 src/config/ConsoleFunctions.o
 .debug_frame   0x00000f60       0x48 src/ASF/common/utils/stdio/write.o
 .debug_frame   0x00000fa8       0x80 src/ASF/common/services/serial/usart_serial.o
 .debug_frame   0x00001028      0x1bc src/ASF/sam/drivers/uart/uart.o
 .debug_frame   0x000011e4       0x88 src/ASF/common/services/clock/sam3x/sysclk.o
 .debug_frame   0x0000126c       0x30 src/ASF/common/utils/interrupt/interrupt_sam_nvic.o
 .debug_frame   0x0000129c       0x28 src/ASF/sam/boards/arduino_due_x/init.o
 .debug_frame   0x000012c4      0x2b8 src/ASF/sam/drivers/pio/pio.o
 .debug_frame   0x0000157c       0xf8 src/ASF/sam/drivers/pio/pio_handler.o
 .debug_frame   0x00001674      0x3ec src/ASF/sam/drivers/pmc/pmc.o
 .debug_frame   0x00001a60       0x20 src/ASF/sam/utils/cmsis/sam3x/source/templates/exceptions.o
 .debug_frame   0x00001a80       0x28 src/ASF/sam/utils/cmsis/sam3x/source/templates/gcc/startup_sam3x.o
 .debug_frame   0x00001aa8       0x40 src/ASF/sam/utils/cmsis/sam3x/source/templates/system_sam3x.o
 .debug_frame   0x00001ae8       0xa0 src/ASF/sam/utils/syscalls/gcc/syscalls.o
 .debug_frame   0x00001b88       0x34 src/main.o
 .debug_frame   0x00001bbc       0x2c c:/program files (x86)/atmel/studio/7.0/toolchain/arm/arm-gnu-toolchain/bin/../lib/gcc/arm-none-eabi/6.3.1/../../../../arm-none-eabi/lib/thumb/v7-m\libc.a(lib_a-init.o)
 .debug_frame   0x00001be8       0x78 c:/program files (x86)/atmel/studio/7.0/toolchain/arm/arm-gnu-toolchain/bin/../lib/gcc/arm-none-eabi/6.3.1/../../../../arm-none-eabi/lib/thumb/v7-m\libc.a(lib_a-iprintf.o)
 .debug_frame   0x00001c60       0x34 c:/program files (x86)/atmel/studio/7.0/toolchain/arm/arm-gnu-toolchain/bin/../lib/gcc/arm-none-eabi/6.3.1/../../../../arm-none-eabi/lib/thumb/v7-m\libc.a(lib_a-memset.o)
 .debug_frame   0x00001c94       0x20 c:/program files (x86)/atmel/studio/7.0/toolchain/arm/arm-gnu-toolchain/bin/../lib/gcc/arm-none-eabi/6.3.1/../../../../arm-none-eabi/lib/thumb/v7-m\libc.a(lib_a-setbuf.o)
 .debug_frame   0x00001cb4       0x48 c:/program files (x86)/atmel/studio/7.0/toolchain/arm/arm-gnu-toolchain/bin/../lib/gcc/arm-none-eabi/6.3.1/../../../../arm-none-eabi/lib/thumb/v7-m\libc.a(lib_a-setvbuf.o)